10.10.85.17 - - [14/Sep/2018:19:31:30 -0300] "GET /openshot/audios/06%20Tema%20de%20conquista%20e%20gloria%20Vangelis%20-%20The%20Conquest%20of%20Paradise.mp3 HTTP/1.1" 206 4512008 "http://10.10.84.19/openshot/audios/06%20Tema%20de%20conquista%20e%20gloria%20Vangelis%20-%20The%20Conquest%20of%20Paradise.mp3" "Mozilla/5.0 (Windows NT 10.0; Win64; x64) AppleWebKit/537.36 (KHTML, like Gecko) Chrome/68.0.3440.106 Safari/537.36"
10.10.82.227 - - [14/Sep/2018:19:31:46 -0300] "GET /openshot/audios/03%20Musica%20impactante%20para%20formaturas%20apresentacoes%20espetaculos%204.mp3 HTTP/1.1" 206 1337360 "http://10.10.84.19/openshot/audios/03%20Musica%20impactante%20para%20formaturas%20apresentacoes%20espetaculos%204.mp3" "Mozilla/5.0 (Windows NT 10.0; Win64; x64) AppleWebKit/537.36 (KHTML, like Gecko) Chrome/68.0.3440.106 Safari/537.36"
10.10.86.169 - - [14/Sep/2018:19:31:36 -0300] "GET /openshot/05%20Musicas%20Cancoes%20Dublado%20Portugues%20Brasil.mp3 HTTP/1.1" 200 3954249 "-" "Mozilla/5.0 (Windows NT 10.0; Win64; x64) AppleWebKit/537.36 (KHTML, like Gecko) Chrome/68.0.3440.106 Safari/537.36"
10.10.80.66 - - [14/Sep/2018:19:31:47 -0300] "GET /openshot/audios/03%20Musica%20impactante%20para%20formaturas%20apresentacoes%20espetaculos%204.mp3 HTTP/1.1" 206 2034764 "http://10.10.84.19/openshot/audios/03%20Musica%20impactante%20para%20formaturas%20apresentacoes%20espetaculos%204.mp3" "Mozilla/5.0 (Windows NT 10.0; Win64; x64) AppleWebKit/537.36 (KHTML, like Gecko) Chrome/68.0.3440.106 Safari/537.36"
10.10.86.169 - - [14/Sep/2018:19:31:47 -0300] "GET /openshot/04%20Picolino%20-%20Cachorro%20Frio.mp4 HTTP/1.1" 206 1839600 "http://10.10.84.19/openshot/04%20Picolino%20-%20Cachorro%20Frio.mp4" "Mozilla/5.0 (Windows NT 10.0; Win64; x64) AppleWebKit/537.36 (KHTML, like Gecko) Chrome/68.0.3440.106 Safari/537.36"
10.10.85.17 - - [14/Sep/2018:19:31:25 -0300] "GET /openshot/audios/05%20Som%20de%20Fundo%20para%20Videos.mp3 HTTP/1.1" 200 6722921 "-" "Mozilla/5.0 (Windows NT 10.0; Win64; x64) AppleWebKit/537.36 (KHTML, like Gecko) Chrome/68.0.3440.106 Safari/537.36"
10.10.82.227 - - [14/Sep/2018:19:30:31 -0300] "GET /openshot/09%20Como%20extrair%20a%20polpa%20do%20Acai.mp4 HTTP/1.1" 200 28253294 "-" "Mozilla/5.0 (Windows NT 10.0; Win64; x64) AppleWebKit/537.36 (KHTML, like Gecko) Chrome/68.0.3440.106 Safari/537.36"
10.10.82.227 - - [14/Sep/2018:19:31:57 -0300] "GET /openshot/audios/04%20Musicas%20para%20videos%20eventos%20teatro%20som%20de%20fundo%20by%20mesx%20wmv.mp3 HTTP/1.1" 200 40880 "http://10.10.84.19/openshot/audios/" "Mozilla/5.0 (Windows NT 10.0; Win64; x64) AppleWebKit/537.36 (KHTML, like Gecko) Chrome/68.0.3440.106 Safari/537.36"
10.10.85.17 - - [14/Sep/2018:19:31:48 -0300] "GET /openshot/audios/07%20Tema%20de%20vitoria%20e%20conquista%20Vangelis%20-%20The%20Chariots%20of%20Fire.mp3 HTTP/1.1" 206 2475290 "http://10.10.84.19/openshot/audios/07%20Tema%20de%20vitoria%20e%20conquista%20Vangelis%20-%20The%20Chariots%20of%20Fire.mp3" "Mozilla/5.0 (Windows NT 10.0; Win64; x64) AppleWebKit/537.36 (KHTML, like Gecko) Chrome/68.0.3440.106 Safari/537.36"
10.10.80.66 - - [14/Sep/2018:19:31:43 -0300] "GET /openshot/audios/02%20Musica%20impactante%20para%20formaturas%20apresentacoes%20espetaculos%203.mp3 HTTP/1.1" 200 4083128 "-" "Mozilla/5.0 (Windows NT 10.0; Win64; x64) AppleWebKit/537.36 (KHTML, like Gecko) Chrome/68.0.3440.106 Safari/537.36"
10.10.82.227 - - [14/Sep/2018:19:31:51 -0300] "GET /openshot/audios/03%20Musica%20impactante%20para%20formaturas%20apresentacoes%20espetaculos%204.mp3 HTTP/1.1" 200 2034711 "-" "Mozilla/5.0 (Windows NT 10.0; Win64; x64) AppleWebKit/537.36 (KHTML, like Gecko) Chrome/68.0.3440.106 Safari/537.36"
10.10.80.66 - - [14/Sep/2018:19:31:55 -0300] "GET /openshot/audios/03%20Musica%20impactante%20para%20formaturas%20apresentacoes%20espetaculos%204.mp3 HTTP/1.1" 200 2034710 "-" "Mozilla/5.0 (Windows NT 10.0; Win64; x64) AppleWebKit/537.36 (KHTML, like Gecko) Chrome/68.0.3440.106 Safari/537.36"
10.10.85.17 - - [14/Sep/2018:19:31:45 -0300] "GET /openshot/audios/06%20Tema%20de%20conquista%20e%20gloria%20Vangelis%20-%20The%20Conquest%20of%20Paradise.mp3 HTTP/1.1" 200 4511955 "-" "Mozilla/5.0 (Windows NT 10.0; Win64; x64) AppleWebKit/537.36 (KHTML, like Gecko) Chrome/68.0.3440.106 Safari/537.36"
10.10.86.169 - - [14/Sep/2018:19:32:05 -0300] "GET /openshot/03%20Peppa%20Pig%20musica%20de%20abertura%20do%20desenho.mp4 HTTP/1.1" 200 29200 "http://10.10.84.19/openshot/" "Mozilla/5.0 (Windows NT 10.0; Win64; x64) AppleWebKit/537.36 (KHTML, like Gecko) Chrome/68.0.3440.106 Safari/537.36"
10.10.85.17 - - [14/Sep/2018:19:31:58 -0300] "GET /openshot/audios/07%20Tema%20de%20vitoria%20e%20conquista%20Vangelis%20-%20The%20Chariots%20of%20Fire.mp3 HTTP/1.1" 200 2475237 "-" "Mozilla/5.0 (Windows NT 10.0; Win64; x64) AppleWebKit/537.36 (KHTML, like Gecko) Chrome/68.0.3440.106 Safari/537.36"
10.10.80.66 - - [14/Sep/2018:19:30:39 -0300] "GET /openshot/09%20Como%20extrair%20a%20polpa%20do%20Acai.mp4 HTTP/1.1" 200 28253294 "-" "Mozilla/5.0 (Windows NT 10.0; Win64; x64) AppleWebKit/537.36 (KHTML, like Gecko) Chrome/68.0.3440.106 Safari/537.36"
10.10.86.169 - - [14/Sep/2018:19:32:05 -0300] "GET /openshot/03%20Peppa%20Pig%20musica%20de%20abertura%20do%20desenho.mp4 HTTP/1.1" 206 1372817 "http://10.10.84.19/openshot/03%20Peppa%20Pig%20musica%20de%20abertura%20do%20desenho.mp4" "Mozilla/5.0 (Windows NT 10.0; Win64; x64) AppleWebKit/537.36 (KHTML, like Gecko) Chrome/68.0.3440.106 Safari/537.36"
10.10.85.17 - - [14/Sep/2018:19:32:05 -0300] "GET /openshot/audios/08%20Tema%20de%20vitoria%20Queen%20-%20We%20Are%20The%20Champions.mp3 HTTP/1.1" 206 2353231 "http://10.10.84.19/openshot/audios/08%20Tema%20de%20vitoria%20Queen%20-%20We%20Are%20The%20Champions.mp3" "Mozilla/5.0 (Windows NT 10.0; Win64; x64) AppleWebKit/537.36 (KHTML, like Gecko) Chrome/68.0.3440.106 Safari/537.36"
10.10.86.169 - - [14/Sep/2018:19:32:09 -0300] "GET /openshot/03%20Peppa%20Pig%20musica%20de%20abertura%20do%20desenho.mp4 HTTP/1.1" 200 1372763 "-" "Mozilla/5.0 (Windows NT 10.0; Win64; x64) AppleWebKit/537.36 (KHTML, like Gecko) Chrome/68.0.3440.106 Safari/537.36"
10.10.86.169 - - [14/Sep/2018:19:32:14 -0300] "GET /openshot/02%20Peppa%20Pig%20-%20Melhores%20Momentos.mp4 HTTP/1.1" 200 29200 "http://10.10.84.19/openshot/" "Mozilla/5.0 (Windows NT 10.0; Win64; x64) AppleWebKit/537.36 (KHTML, like Gecko) Chrome/68.0.3440.106 Safari/537.36"
10.10.85.17 - - [14/Sep/2018:19:32:08 -0300] "GET /openshot/audios/08%20Tema%20de%20vitoria%20Queen%20-%20We%20Are%20The%20Champions.mp3 HTTP/1.1" 200 2353178 "-" "Mozilla/5.0 (Windows NT 10.0; Win64; x64) AppleWebKit/537.36 (KHTML, like Gecko) Chrome/68.0.3440.106 Safari/537.36"
10.10.82.227 - - [14/Sep/2018:19:31:59 -0300] "GET /openshot/audios/04%20Musicas%20para%20videos%20eventos%20teatro%20som%20de%20fundo%20by%20mesx%20wmv.mp3 HTTP/1.1" 200 5891217 "-" "Mozilla/5.0 (Windows NT 10.0; Win64; x64) AppleWebKit/537.36 (KHTML, like Gecko) Chrome/68.0.3440.106 Safari/537.36"
10.10.82.227 - - [14/Sep/2018:19:31:58 -0300] "GET /openshot/audios/04%20Musicas%20para%20videos%20eventos%20teatro%20som%20de%20fundo%20by%20mesx%20wmv.mp3 HTTP/1.1" 206 4058800 "http://10.10.84.19/openshot/audios/04%20Musicas%20para%20videos%20eventos%20teatro%20som%20de%20fundo%20by%20mesx%20wmv.mp3" "Mozilla/5.0 (Windows NT 10.0; Win64; x64) AppleWebKit/537.36 (KHTML, like Gecko) Chrome/68.0.3440.106 Safari/537.36"
10.10.81.199 - - [14/Sep/2018:19:32:23 -0300] "GET /openshot/audios/01%20Musica%20impactante%20para%20formaturas%20apresentacoes%20espetaculos%202.mp3 HTTP/1.1" 200 29200 "http://10.10.84.19/openshot/audios/" "Mozilla/5.0 (Windows NT 10.0; Win64; x64) AppleWebKit/537.36 (KHTML, like Gecko) Chrome/69.0.3497.92 Safari/537.36"
10.10.86.169 - - [14/Sep/2018:19:30:06 -0300] "GET /openshot/12%20Como%20fazer%20caldo%20de%20mocoto.mp4 HTTP/1.1" 200 46776253 "-" "Mozilla/5.0 (Windows NT 10.0; Win64; x64) AppleWebKit/537.36 (KHTML, like Gecko) Chrome/68.0.3440.106 Safari/537.36"
::1 - - [14/Sep/2018:19:32:25 -0300] "OPTIONS * HTTP/1.0" 200 126 "-" "Apache/2.4.29 (Ubuntu) (internal dummy connection)"
10.10.86.169 - - [14/Sep/2018:19:32:14 -0300] "GET /openshot/02%20Peppa%20Pig%20-%20Melhores%20Momentos.mp4 HTTP/1.1" 206 4914360 "http://10.10.84.19/openshot/02%20Peppa%20Pig%20-%20Melhores%20Momentos.mp4" "Mozilla/5.0 (Windows NT 10.0; Win64; x64) AppleWebKit/537.36 (KHTML, like Gecko) Chrome/68.0.3440.106 Safari/537.36"
::1 - - [14/Sep/2018:19:32:27 -0300] "OPTIONS * HTTP/1.0" 200 126 "-" "Apache/2.4.29 (Ubuntu) (internal dummy connection)"
10.10.81.199 - - [14/Sep/2018:19:32:23 -0300] "GET /openshot/audios/01%20Musica%20impactante%20para%20formaturas%20apresentacoes%20espetaculos%202.mp3 HTTP/1.1" 206 1843339 "http://10.10.84.19/openshot/audios/01%20Musica%20impactante%20para%20formaturas%20apresentacoes%20espetaculos%202.mp3" "Mozilla/5.0 (Windows NT 10.0; Win64; x64) AppleWebKit/537.36 (KHTML, like Gecko) Chrome/69.0.3497.92 Safari/537.36"
10.10.86.169 - - [14/Sep/2018:19:32:29 -0300] "GET /openshot/01%20George%20O%20Curioso%20-%20O%20Macaco.mp4 HTTP/1.1" 200 29200 "http://10.10.84.19/openshot/" "Mozilla/5.0 (Windows NT 10.0; Win64; x64) AppleWebKit/537.36 (KHTML, like Gecko) Chrome/68.0.3440.106 Safari/537.36"
10.10.81.199 - - [14/Sep/2018:19:32:28 -0300] "GET /openshot/audios/01%20Musica%20impactante%20para%20formaturas%20apresentacoes%20espetaculos%202.mp3 HTTP/1.1" 200 1843285 "-" "Mozilla/5.0 (Windows NT 10.0; Win64; x64) AppleWebKit/537.36 (KHTML, like Gecko) Chrome/69.0.3497.92 Safari/537.36"
10.10.81.199 - - [14/Sep/2018:19:32:34 -0300] "GET /openshot/audios/02%20Musica%20impactante%20para%20formaturas%20apresentacoes%20espetaculos%203.mp3 HTTP/1.1" 200 29200 "http://10.10.84.19/openshot/audios/" "Mozilla/5.0 (Windows NT 10.0; Win64; x64) AppleWebKit/537.36 (KHTML, like Gecko) Chrome/69.0.3497.92 Safari/537.36"
10.10.82.227 - - [14/Sep/2018:19:30:46 -0300] "GET /openshot/11%20Como%20fazer%20um%20bolo%20de%20milho.mp4 HTTP/1.1" 200 37267485 "-" "Mozilla/5.0 (Windows NT 10.0; Win64; x64) AppleWebKit/537.36 (KHTML, like Gecko) Chrome/68.0.3440.106 Safari/537.36"
10.10.81.199 - - [14/Sep/2018:19:32:34 -0300] "GET /openshot/audios/02%20Musica%20impactante%20para%20formaturas%20apresentacoes%20espetaculos%203.mp3 HTTP/1.1" 206 3393040 "http://10.10.84.19/openshot/audios/02%20Musica%20impactante%20para%20formaturas%20apresentacoes%20espetaculos%203.mp3" "Mozilla/5.0 (Windows NT 10.0; Win64; x64) AppleWebKit/537.36 (KHTML, like Gecko) Chrome/69.0.3497.92 Safari/537.36"
10.10.80.66 - - [14/Sep/2018:19:30:56 -0300] "GET /openshot/11%20Como%20fazer%20um%20bolo%20de%20milho.mp4 HTTP/1.1" 200 37267485 "-" "Mozilla/5.0 (Windows NT 10.0; Win64; x64) AppleWebKit/537.36 (KHTML, like Gecko) Chrome/68.0.3440.106 Safari/537.36"
10.10.86.169 - - [14/Sep/2018:19:32:29 -0300] "GET /openshot/01%20George%20O%20Curioso%20-%20O%20Macaco.mp4 HTTP/1.1" 206 5797660 "http://10.10.84.19/openshot/01%20George%20O%20Curioso%20-%20O%20Macaco.mp4" "Mozilla/5.0 (Windows NT 10.0; Win64; x64) AppleWebKit/537.36 (KHTML, like Gecko) Chrome/68.0.3440.106 Safari/537.36"
10.10.86.169 - - [14/Sep/2018:19:31:05 -0300] "GET /openshot/07%20Second_Brain_High_Quality.mp4 HTTP/1.1" 200 32383762 "-" "Mozilla/5.0 (Windows NT 10.0; Win64; x64) AppleWebKit/537.36 (KHTML, like Gecko) Chrome/68.0.3440.106 Safari/537.36"
10.10.81.199 - - [14/Sep/2018:19:32:38 -0300] "GET /openshot/audios/02%20Musica%20impactante%20para%20formaturas%20apresentacoes%20espetaculos%203.mp3 HTTP/1.1" 200 4083129 "-" "Mozilla/5.0 (Windows NT 10.0; Win64; x64) AppleWebKit/537.36 (KHTML, like Gecko) Chrome/69.0.3497.92 Safari/537.36"
10.10.87.25 - - [14/Sep/2018:19:31:26 -0300] "GET /openshot/09%20Como%20extrair%20a%20polpa%20do%20Acai.mp4 HTTP/1.1" 200 28253294 "-" "Mozilla/5.0 (Windows NT 10.0; Win64; x64) AppleWebKit/537.36 (KHTML, like Gecko) Chrome/68.0.3440.106 Safari/537.36"
10.10.86.169 - - [14/Sep/2018:19:32:53 -0300] "GET /openshot/05%20Musicas%20Cancoes%20Dublado%20Portugues%20Brasil.mp3 HTTP/1.1" 206 340 "http://10.10.84.19/openshot/" "Mozilla/5.0 (Windows NT 10.0; Win64; x64) AppleWebKit/537.36 (KHTML, like Gecko) Chrome/68.0.3440.106 Safari/537.36"
10.10.86.169 - - [14/Sep/2018:19:32:53 -0300] "GET /openshot/05%20Musicas%20Cancoes%20Dublado%20Portugues%20Brasil.mp3 HTTP/1.1" 206 29200 "http://10.10.84.19/openshot/" "Mozilla/5.0 (Windows NT 10.0; Win64; x64) AppleWebKit/537.36 (KHTML, like Gecko) Chrome/68.0.3440.106 Safari/537.36"
10.10.81.199 - - [14/Sep/2018:19:32:53 -0300] "GET /openshot/audios/03%20Musica%20impactante%20para%20formaturas%20apresentacoes%20espetaculos%204.mp3 HTTP/1.1" 200 40880 "http://10.10.84.19/openshot/audios/" "Mozilla/5.0 (Windows NT 10.0; Win64; x64) AppleWebKit/537.36 (KHTML, like Gecko) Chrome/69.0.3497.92 Safari/537.36"
::1 - - [14/Sep/2018:19:32:53 -0300] "OPTIONS * HTTP/1.0" 200 126 "-" "Apache/2.4.29 (Ubuntu) (internal dummy connection)"
10.10.81.199 - - [14/Sep/2018:19:32:53 -0300] "GET /openshot/audios/03%20Musica%20impactante%20para%20formaturas%20apresentacoes%20espetaculos%204.mp3 HTTP/1.1" 206 2034764 "http://10.10.84.19/openshot/audios/03%20Musica%20impactante%20para%20formaturas%20apresentacoes%20espetaculos%204.mp3" "Mozilla/5.0 (Windows NT 10.0; Win64; x64) AppleWebKit/537.36 (KHTML, like Gecko) Chrome/69.0.3497.92 Safari/537.36"
10.10.86.169 - - [14/Sep/2018:19:32:53 -0300] "GET /openshot/05%20Musicas%20Cancoes%20Dublado%20Portugues%20Brasil.mp3 HTTP/1.1" 206 2166640 "http://10.10.84.19/openshot/05%20Musicas%20Cancoes%20Dublado%20Portugues%20Brasil.mp3" "Mozilla/5.0 (Windows NT 10.0; Win64; x64) AppleWebKit/537.36 (KHTML, like Gecko) Chrome/68.0.3440.106 Safari/537.36"
10.10.81.199 - - [14/Sep/2018:19:32:57 -0300] "GET /openshot/audios/03%20Musica%20impactante%20para%20formaturas%20apresentacoes%20espetaculos%204.mp3 HTTP/1.1" 200 2034711 "-" "Mozilla/5.0 (Windows NT 10.0; Win64; x64) AppleWebKit/537.36 (KHTML, like Gecko) Chrome/69.0.3497.92 Safari/537.36"
::1 - - [14/Sep/2018:19:33:05 -0300] "OPTIONS * HTTP/1.0" 200 126 "-" "Apache/2.4.29 (Ubuntu) (internal dummy connection)"
10.10.86.169 - - [14/Sep/2018:19:32:58 -0300] "GET /openshot/05%20Musicas%20Cancoes%20Dublado%20Portugues%20Brasil.mp3 HTTP/1.1" 200 3954249 "-" "Mozilla/5.0 (Windows NT 10.0; Win64; x64) AppleWebKit/537.36 (KHTML, like Gecko) Chrome/68.0.3440.106 Safari/537.36"
10.10.86.169 - - [14/Sep/2018:19:33:07 -0300] "GET /openshot/audios/ HTTP/1.1" 200 1118 "http://10.10.84.19/openshot/" "Mozilla/5.0 (Windows NT 10.0; Win64; x64) AppleWebKit/537.36 (KHTML, like Gecko) Chrome/68.0.3440.106 Safari/537.36"
::1 - - [14/Sep/2018:19:33:08 -0300] "OPTIONS * HTTP/1.0" 200 126 "-" "Apache/2.4.29 (Ubuntu) (internal dummy connection)"
10.10.82.227 - - [14/Sep/2018:19:30:53 -0300] "GET /openshot/12%20Como%20fazer%20caldo%20de%20mocoto.mp4 HTTP/1.1" 200 46776253 "-" "Mozilla/5.0 (Windows NT 10.0; Win64; x64) AppleWebKit/537.36 (KHTML, like Gecko) Chrome/68.0.3440.106 Safari/537.36"
10.10.84.170 - - [14/Sep/2018:19:33:12 -0300] "GET /openshot HTTP/1.1" 301 578 "-" "Mozilla/5.0 (Windows NT 10.0; Win64; x64) AppleWebKit/537.36 (KHTML, like Gecko) Chrome/68.0.3440.106 Safari/537.36"
10.10.84.170 - - [14/Sep/2018:19:33:12 -0300] "GET /openshot/ HTTP/1.1" 200 1362 "-" "Mozilla/5.0 (Windows NT 10.0; Win64; x64) AppleWebKit/537.36 (KHTML, like Gecko) Chrome/68.0.3440.106 Safari/537.36"
10.10.84.170 - - [14/Sep/2018:19:33:12 -0300] "GET /icons/blank.gif HTTP/1.1" 200 431 "http://10.10.84.19/openshot/" "Mozilla/5.0 (Windows NT 10.0; Win64; x64) AppleWebKit/537.36 (KHTML, like Gecko) Chrome/68.0.3440.106 Safari/537.36"
10.10.84.170 - - [14/Sep/2018:19:33:12 -0300] "GET /icons/back.gif HTTP/1.1" 200 500 "http://10.10.84.19/openshot/" "Mozilla/5.0 (Windows NT 10.0; Win64; x64) AppleWebKit/537.36 (KHTML, like Gecko) Chrome/68.0.3440.106 Safari/537.36"
10.10.84.170 - - [14/Sep/2018:19:33:12 -0300] "GET /icons/movie.gif HTTP/1.1" 200 526 "http://10.10.84.19/openshot/" "Mozilla/5.0 (Windows NT 10.0; Win64; x64) AppleWebKit/537.36 (KHTML, like Gecko) Chrome/68.0.3440.106 Safari/537.36"
10.10.84.170 - - [14/Sep/2018:19:33:12 -0300] "GET /icons/sound2.gif HTTP/1.1" 200 505 "http://10.10.84.19/openshot/" "Mozilla/5.0 (Windows NT 10.0; Win64; x64) AppleWebKit/537.36 (KHTML, like Gecko) Chrome/68.0.3440.106 Safari/537.36"
10.10.84.170 - - [14/Sep/2018:19:33:12 -0300] "GET /icons/layout.gif HTTP/1.1" 200 561 "http://10.10.84.19/openshot/" "Mozilla/5.0 (Windows NT 10.0; Win64; x64) AppleWebKit/537.36 (KHTML, like Gecko) Chrome/68.0.3440.106 Safari/537.36"
10.10.84.170 - - [14/Sep/2018:19:33:12 -0300] "GET /icons/folder.gif HTTP/1.1" 200 509 "http://10.10.84.19/openshot/" "Mozilla/5.0 (Windows NT 10.0; Win64; x64) AppleWebKit/537.36 (KHTML, like Gecko) Chrome/68.0.3440.106 Safari/537.36"
10.10.84.170 - - [14/Sep/2018:19:33:13 -0300] "GET /favicon.ico HTTP/1.1" 404 502 "http://10.10.84.19/openshot/" "Mozilla/5.0 (Windows NT 10.0; Win64; x64) AppleWebKit/537.36 (KHTML, like Gecko) Chrome/68.0.3440.106 Safari/537.36"
10.10.86.169 - - [14/Sep/2018:19:33:14 -0300] "GET /openshot/audios/ HTTP/1.1" 200 1119 "http://10.10.84.19/openshot/" "Mozilla/5.0 (Windows NT 10.0; Win64; x64) AppleWebKit/537.36 (KHTML, like Gecko) Chrome/68.0.3440.106 Safari/537.36"
10.10.87.25 - - [14/Sep/2018:19:31:39 -0300] "GET /openshot/11%20Como%20fazer%20um%20bolo%20de%20milho.mp4 HTTP/1.1" 200 37267485 "-" "Mozilla/5.0 (Windows NT 10.0; Win64; x64) AppleWebKit/537.36 (KHTML, like Gecko) Chrome/68.0.3440.106 Safari/537.36"
10.10.80.66 - - [14/Sep/2018:19:31:03 -0300] "GET /openshot/12%20Como%20fazer%20caldo%20de%20mocoto.mp4 HTTP/1.1" 200 46776253 "-" "Mozilla/5.0 (Windows NT 10.0; Win64; x64) AppleWebKit/537.36 (KHTML, like Gecko) Chrome/68.0.3440.106 Safari/537.36"
10.10.84.19 - - [14/Sep/2018:19:33:15 -0300] "GET /openshot/09%20Como%20extrair%20a%20polpa%20do%20Acai.mp4 HTTP/1.1" 206 12201726 "http://10.10.84.19/openshot/09%20Como%20extrair%20a%20polpa%20do%20Acai.mp4" "Mozilla/5.0 (X11; Linux x86_64) AppleWebKit/537.36 (KHTML, like Gecko) Chrome/65.0.3325.146 Safari/537.36"
10.10.86.169 - - [14/Sep/2018:19:33:18 -0300] "GET /openshot/audios/01%20Musica%20impactante%20para%20formaturas%20apresentacoes%20espetaculos%202.mp3 HTTP/1.1" 200 29200 "http://10.10.84.19/openshot/audios/" "Mozilla/5.0 (Windows NT 10.0; Win64; x64) AppleWebKit/537.36 (KHTML, like Gecko) Chrome/68.0.3440.106 Safari/537.36"
::1 - - [14/Sep/2018:19:33:19 -0300] "OPTIONS * HTTP/1.0" 200 126 "-" "Apache/2.4.29 (Ubuntu) (internal dummy connection)"
10.10.84.19 - - [14/Sep/2018:19:33:20 -0300] "GET /openshot/ HTTP/1.1" 200 1363 "http://10.10.84.19/openshot/audios/" "Mozilla/5.0 (X11; Linux x86_64) AppleWebKit/537.36 (KHTML, like Gecko) Chrome/65.0.3325.146 Safari/537.36"
10.10.86.169 - - [14/Sep/2018:19:33:18 -0300] "GET /openshot/audios/01%20Musica%20impactante%20para%20formaturas%20apresentacoes%20espetaculos%202.mp3 HTTP/1.1" 206 1843339 "http://10.10.84.19/openshot/audios/01%20Musica%20impactante%20para%20formaturas%20apresentacoes%20espetaculos%202.mp3" "Mozilla/5.0 (Windows NT 10.0; Win64; x64) AppleWebKit/537.36 (KHTML, like Gecko) Chrome/68.0.3440.106 Safari/537.36"
::1 - - [14/Sep/2018:19:33:22 -0300] "OPTIONS * HTTP/1.0" 200 126 "-" "Apache/2.4.29 (Ubuntu) (internal dummy connection)"
::1 - - [14/Sep/2018:19:33:23 -0300] "OPTIONS * HTTP/1.0" 200 126 "-" "Apache/2.4.29 (Ubuntu) (internal dummy connection)"
10.10.82.227 - - [14/Sep/2018:19:33:25 -0300] "GET /openshot/audios/05%20Som%20de%20Fundo%20para%20Videos.mp3 HTTP/1.1" 200 29200 "http://10.10.84.19/openshot/audios/" "Mozilla/5.0 (Windows NT 10.0; Win64; x64) AppleWebKit/537.36 (KHTML, like Gecko) Chrome/68.0.3440.106 Safari/537.36"
10.10.86.169 - - [14/Sep/2018:19:33:22 -0300] "GET /openshot/audios/01%20Musica%20impactante%20para%20formaturas%20apresentacoes%20espetaculos%202.mp3 HTTP/1.1" 200 1843285 "-" "Mozilla/5.0 (Windows NT 10.0; Win64; x64) AppleWebKit/537.36 (KHTML, like Gecko) Chrome/68.0.3440.106 Safari/537.36"
10.10.82.227 - - [14/Sep/2018:19:33:25 -0300] "GET /openshot/audios/05%20Som%20de%20Fundo%20para%20Videos.mp3 HTTP/1.1" 206 2061520 "http://10.10.84.19/openshot/audios/05%20Som%20de%20Fundo%20para%20Videos.mp3" "Mozilla/5.0 (Windows NT 10.0; Win64; x64) AppleWebKit/537.36 (KHTML, like Gecko) Chrome/68.0.3440.106 Safari/537.36"
10.10.82.227 - - [14/Sep/2018:19:33:30 -0300] "GET /openshot/audios/06%20Tema%20de%20conquista%20e%20gloria%20Vangelis%20-%20The%20Conquest%20of%20Paradise.mp3 HTTP/1.1" 200 29200 "http://10.10.84.19/openshot/audios/" "Mozilla/5.0 (Windows NT 10.0; Win64; x64) AppleWebKit/537.36 (KHTML, like Gecko) Chrome/68.0.3440.106 Safari/537.36"
10.10.86.169 - - [14/Sep/2018:19:33:30 -0300] "GET /openshot/audios/02%20Musica%20impactante%20para%20formaturas%20apresentacoes%20espetaculos%203.mp3 HTTP/1.1" 200 29200 "http://10.10.84.19/openshot/audios/" "Mozilla/5.0 (Windows NT 10.0; Win64; x64) AppleWebKit/537.36 (KHTML, like Gecko) Chrome/68.0.3440.106 Safari/537.36"
::1 - - [14/Sep/2018:19:33:30 -0300] "OPTIONS * HTTP/1.0" 200 126 "-" "Apache/2.4.29 (Ubuntu) (internal dummy connection)"
10.10.82.227 - - [14/Sep/2018:19:33:30 -0300] "GET /openshot/audios/06%20Tema%20de%20conquista%20e%20gloria%20Vangelis%20-%20The%20Conquest%20of%20Paradise.mp3 HTTP/1.1" 206 1162160 "http://10.10.84.19/openshot/audios/06%20Tema%20de%20conquista%20e%20gloria%20Vangelis%20-%20The%20Conquest%20of%20Paradise.mp3" "Mozilla/5.0 (Windows NT 10.0; Win64; x64) AppleWebKit/537.36 (KHTML, like Gecko) Chrome/68.0.3440.106 Safari/537.36"
10.10.82.227 - - [14/Sep/2018:19:33:34 -0300] "GET /openshot/audios/07%20Tema%20de%20vitoria%20e%20conquista%20Vangelis%20-%20The%20Chariots%20of%20Fire.mp3 HTTP/1.1" 200 29200 "http://10.10.84.19/openshot/audios/" "Mozilla/5.0 (Windows NT 10.0; Win64; x64) AppleWebKit/537.36 (KHTML, like Gecko) Chrome/68.0.3440.106 Safari/537.36"
10.10.86.169 - - [14/Sep/2018:19:33:31 -0300] "GET /openshot/audios/02%20Musica%20impactante%20para%20formaturas%20apresentacoes%20espetaculos%203.mp3 HTTP/1.1" 206 1979760 "http://10.10.84.19/openshot/audios/02%20Musica%20impactante%20para%20formaturas%20apresentacoes%20espetaculos%203.mp3" "Mozilla/5.0 (Windows NT 10.0; Win64; x64) AppleWebKit/537.36 (KHTML, like Gecko) Chrome/68.0.3440.106 Safari/537.36"
10.10.87.25 - - [14/Sep/2018:19:31:44 -0300] "GET /openshot/12%20Como%20fazer%20caldo%20de%20mocoto.mp4 HTTP/1.1" 200 46776253 "-" "Mozilla/5.0 (Windows NT 10.0; Win64; x64) AppleWebKit/537.36 (KHTML, like Gecko) Chrome/68.0.3440.106 Safari/537.36"
10.10.82.227 - - [14/Sep/2018:19:33:34 -0300] "GET /openshot/audios/07%20Tema%20de%20vitoria%20e%20conquista%20Vangelis%20-%20The%20Chariots%20of%20Fire.mp3 HTTP/1.1" 206 1792880 "http://10.10.84.19/openshot/audios/07%20Tema%20de%20vitoria%20e%20conquista%20Vangelis%20-%20The%20Chariots%20of%20Fire.mp3" "Mozilla/5.0 (Windows NT 10.0; Win64; x64) AppleWebKit/537.36 (KHTML, like Gecko) Chrome/68.0.3440.106 Safari/537.36"
10.10.82.227 - - [14/Sep/2018:19:33:39 -0300] "GET /openshot/audios/08%20Tema%20de%20vitoria%20Queen%20-%20We%20Are%20The%20Champions.mp3 HTTP/1.1" 200 29200 "http://10.10.84.19/openshot/audios/" "Mozilla/5.0 (Windows NT 10.0; Win64; x64) AppleWebKit/537.36 (KHTML, like Gecko) Chrome/68.0.3440.106 Safari/537.36"
10.10.82.227 - - [14/Sep/2018:19:33:27 -0300] "GET /openshot/audios/05%20Som%20de%20Fundo%20para%20Videos.mp3 HTTP/1.1" 200 6722922 "-" "Mozilla/5.0 (Windows NT 10.0; Win64; x64) AppleWebKit/537.36 (KHTML, like Gecko) Chrome/68.0.3440.106 Safari/537.36"
10.10.82.227 - - [14/Sep/2018:19:33:32 -0300] "GET /openshot/audios/06%20Tema%20de%20conquista%20e%20gloria%20Vangelis%20-%20The%20Conquest%20of%20Paradise.mp3 HTTP/1.1" 200 4511956 "-" "Mozilla/5.0 (Windows NT 10.0; Win64; x64) AppleWebKit/537.36 (KHTML, like Gecko) Chrome/68.0.3440.106 Safari/537.36"
10.10.86.169 - - [14/Sep/2018:19:33:35 -0300] "GET /openshot/audios/02%20Musica%20impactante%20para%20formaturas%20apresentacoes%20espetaculos%203.mp3 HTTP/1.1" 200 4083129 "-" "Mozilla/5.0 (Windows NT 10.0; Win64; x64) AppleWebKit/537.36 (KHTML, like Gecko) Chrome/68.0.3440.106 Safari/537.36"
10.10.82.227 - - [14/Sep/2018:19:33:36 -0300] "GET /openshot/audios/07%20Tema%20de%20vitoria%20e%20conquista%20Vangelis%20-%20The%20Chariots%20of%20Fire.mp3 HTTP/1.1" 200 2475238 "-" "Mozilla/5.0 (Windows NT 10.0; Win64; x64) AppleWebKit/537.36 (KHTML, like Gecko) Chrome/68.0.3440.106 Safari/537.36"
10.10.86.169 - - [14/Sep/2018:19:33:43 -0300] "GET /openshot/audios/03%20Musica%20impactante%20para%20formaturas%20apresentacoes%20espetaculos%204.mp3 HTTP/1.1" 200 29200 "http://10.10.84.19/openshot/audios/" "Mozilla/5.0 (Windows NT 10.0; Win64; x64) AppleWebKit/537.36 (KHTML, like Gecko) Chrome/68.0.3440.106 Safari/537.36"
10.10.82.227 - - [14/Sep/2018:19:33:39 -0300] "GET /openshot/audios/08%20Tema%20de%20vitoria%20Queen%20-%20We%20Are%20The%20Champions.mp3 HTTP/1.1" 206 2090720 "http://10.10.84.19/openshot/audios/08%20Tema%20de%20vitoria%20Queen%20-%20We%20Are%20The%20Champions.mp3" "Mozilla/5.0 (Windows NT 10.0; Win64; x64) AppleWebKit/537.36 (KHTML, like Gecko) Chrome/68.0.3440.106 Safari/537.36"
10.10.82.227 - - [14/Sep/2018:19:33:42 -0300] "GET /openshot/audios/08%20Tema%20de%20vitoria%20Queen%20-%20We%20Are%20The%20Champions.mp3 HTTP/1.1" 200 2353178 "-" "Mozilla/5.0 (Windows NT 10.0; Win64; x64) AppleWebKit/537.36 (KHTML, like Gecko) Chrome/68.0.3440.106 Safari/537.36"
10.10.86.169 - - [14/Sep/2018:19:33:43 -0300] "GET /openshot/audios/03%20Musica%20impactante%20para%20formaturas%20apresentacoes%20espetaculos%204.mp3 HTTP/1.1" 206 2034764 "http://10.10.84.19/openshot/audios/03%20Musica%20impactante%20para%20formaturas%20apresentacoes%20espetaculos%204.mp3" "Mozilla/5.0 (Windows NT 10.0; Win64; x64) AppleWebKit/537.36 (KHTML, like Gecko) Chrome/68.0.3440.106 Safari/537.36"
10.10.80.100 - - [14/Sep/2018:19:33:48 -0300] "GET /openshot/ HTTP/1.1" 200 1363 "http://10.10.84.19/openshot/audios/" "Mozilla/5.0 (Windows NT 10.0; Win64; x64) AppleWebKit/537.36 (KHTML, like Gecko) Chrome/68.0.3440.106 Safari/537.36"
10.10.84.170 - - [14/Sep/2018:19:33:50 -0300] "GET /openshot/09%20Como%20extrair%20a%20polpa%20do%20Acai.mp4 HTTP/1.1" 200 87600 "http://10.10.84.19/openshot/" "Mozilla/5.0 (Windows NT 10.0; Win64; x64) AppleWebKit/537.36 (KHTML, like Gecko) Chrome/68.0.3440.106 Safari/537.36"
10.10.84.170 - - [14/Sep/2018:19:33:51 -0300] "GET /openshot/10%20Como%20fazer%20acai%20caseiro%20do%20inicio%20ao%20fim.mp4 HTTP/1.1" 200 99280 "http://10.10.84.19/openshot/" "Mozilla/5.0 (Windows NT 10.0; Win64; x64) AppleWebKit/537.36 (KHTML, like Gecko) Chrome/68.0.3440.106 Safari/537.36"
10.10.84.170 - - [14/Sep/2018:19:33:52 -0300] "GET /openshot/11%20Como%20fazer%20um%20bolo%20de%20milho.mp4 HTTP/1.1" 200 87600 "http://10.10.84.19/openshot/" "Mozilla/5.0 (Windows NT 10.0; Win64; x64) AppleWebKit/537.36 (KHTML, like Gecko) Chrome/68.0.3440.106 Safari/537.36"
10.10.84.170 - - [14/Sep/2018:19:33:54 -0300] "GET /openshot/12%20Como%20fazer%20caldo%20de%20mocoto.mp4 HTTP/1.1" 200 52560 "http://10.10.84.19/openshot/" "Mozilla/5.0 (Windows NT 10.0; Win64; x64) AppleWebKit/537.36 (KHTML, like Gecko) Chrome/68.0.3440.106 Safari/537.36"
10.10.84.170 - - [14/Sep/2018:19:33:55 -0300] "GET /openshot/13%20Como%20fazer%20pao%20frances%20de%20padaria.mp4 HTTP/1.1" 200 39420 "http://10.10.84.19/openshot/" "Mozilla/5.0 (Windows NT 10.0; Win64; x64) AppleWebKit/537.36 (KHTML, like Gecko) Chrome/68.0.3440.106 Safari/537.36"
10.10.86.169 - - [14/Sep/2018:19:33:51 -0300] "GET /openshot/audios/03%20Musica%20impactante%20para%20formaturas%20apresentacoes%20espetaculos%204.mp3 HTTP/1.1" 200 2034710 "-" "Mozilla/5.0 (Windows NT 10.0; Win64; x64) AppleWebKit/537.36 (KHTML, like Gecko) Chrome/68.0.3440.106 Safari/537.36"
10.10.86.169 - - [14/Sep/2018:19:33:55 -0300] "GET /openshot/audios/04%20Musicas%20para%20videos%20eventos%20teatro%20som%20de%20fundo%20by%20mesx%20wmv.mp3 HTTP/1.1" 200 29200 "http://10.10.84.19/openshot/audios/" "Mozilla/5.0 (Windows NT 10.0; Win64; x64) AppleWebKit/537.36 (KHTML, like Gecko) Chrome/68.0.3440.106 Safari/537.36"
::1 - - [14/Sep/2018:19:33:55 -0300] "OPTIONS * HTTP/1.0" 200 126 "-" "Apache/2.4.29 (Ubuntu) (internal dummy connection)"
10.10.81.199 - - [14/Sep/2018:19:33:57 -0300] "GET /openshot/audios/04%20Musicas%20para%20videos%20eventos%20teatro%20som%20de%20fundo%20by%20mesx%20wmv.mp3 HTTP/1.1" 200 29200 "http://10.10.84.19/openshot/audios/" "Mozilla/5.0 (Windows NT 10.0; Win64; x64) AppleWebKit/537.36 (KHTML, like Gecko) Chrome/69.0.3497.92 Safari/537.36"
10.10.86.169 - - [14/Sep/2018:19:33:57 -0300] "GET /openshot/audios/04%20Musicas%20para%20videos%20eventos%20teatro%20som%20de%20fundo%20by%20mesx%20wmv.mp3 HTTP/1.1" 206 1839600 "http://10.10.84.19/openshot/audios/04%20Musicas%20para%20videos%20eventos%20teatro%20som%20de%20fundo%20by%20mesx%20wmv.mp3" "Mozilla/5.0 (Windows NT 10.0; Win64; x64) AppleWebKit/537.36 (KHTML, like Gecko) Chrome/68.0.3440.106 Safari/537.36"
10.10.81.199 - - [14/Sep/2018:19:33:57 -0300] "GET /openshot/audios/04%20Musicas%20para%20videos%20eventos%20teatro%20som%20de%20fundo%20by%20mesx%20wmv.mp3 HTTP/1.1" 206 2433820 "http://10.10.84.19/openshot/audios/04%20Musicas%20para%20videos%20eventos%20teatro%20som%20de%20fundo%20by%20mesx%20wmv.mp3" "Mozilla/5.0 (Windows NT 10.0; Win64; x64) AppleWebKit/537.36 (KHTML, like Gecko) Chrome/69.0.3497.92 Safari/537.36"
10.10.81.199 - - [14/Sep/2018:19:34:03 -0300] "GET /openshot/audios/05%20Som%20de%20Fundo%20para%20Videos.mp3 HTTP/1.1" 200 29200 "http://10.10.84.19/openshot/audios/" "Mozilla/5.0 (Windows NT 10.0; Win64; x64) AppleWebKit/537.36 (KHTML, like Gecko) Chrome/69.0.3497.92 Safari/537.36"
10.10.84.170 - - [14/Sep/2018:19:33:55 -0300] "GET /openshot/09%20Como%20extrair%20a%20polpa%20do%20Acai.mp4 HTTP/1.1" 206 3863160 "http://10.10.84.19/openshot/09%20Como%20extrair%20a%20polpa%20do%20Acai.mp4" "Mozilla/5.0 (Windows NT 10.0; Win64; x64) AppleWebKit/537.36 (KHTML, like Gecko) Chrome/68.0.3440.106 Safari/537.36"
10.10.81.199 - - [14/Sep/2018:19:34:03 -0300] "GET /openshot/audios/05%20Som%20de%20Fundo%20para%20Videos.mp3 HTTP/1.1" 206 1991440 "http://10.10.84.19/openshot/audios/05%20Som%20de%20Fundo%20para%20Videos.mp3" "Mozilla/5.0 (Windows NT 10.0; Win64; x64) AppleWebKit/537.36 (KHTML, like Gecko) Chrome/69.0.3497.92 Safari/537.36"
10.10.81.199 - - [14/Sep/2018:19:34:09 -0300] "GET /openshot/audios/06%20Tema%20de%20conquista%20e%20gloria%20Vangelis%20-%20The%20Conquest%20of%20Paradise.mp3 HTTP/1.1" 200 29200 "http://10.10.84.19/openshot/audios/" "Mozilla/5.0 (Windows NT 10.0; Win64; x64) AppleWebKit/537.36 (KHTML, like Gecko) Chrome/69.0.3497.92 Safari/537.36"
10.10.84.170 - - [14/Sep/2018:19:34:05 -0300] "GET /openshot/10%20Como%20fazer%20acai%20caseiro%20do%20inicio%20ao%20fim.mp4 HTTP/1.1" 206 2587120 "http://10.10.84.19/openshot/10%20Como%20fazer%20acai%20caseiro%20do%20inicio%20ao%20fim.mp4" "Mozilla/5.0 (Windows NT 10.0; Win64; x64) AppleWebKit/537.36 (KHTML, like Gecko) Chrome/68.0.3440.106 Safari/537.36"
10.10.81.199 - - [14/Sep/2018:19:34:00 -0300] "GET /openshot/audios/04%20Musicas%20para%20videos%20eventos%20teatro%20som%20de%20fundo%20by%20mesx%20wmv.mp3 HTTP/1.1" 200 5891218 "-" "Mozilla/5.0 (Windows NT 10.0; Win64; x64) AppleWebKit/537.36 (KHTML, like Gecko) Chrome/69.0.3497.92 Safari/537.36"
10.10.86.169 - - [14/Sep/2018:19:34:00 -0300] "GET /openshot/audios/04%20Musicas%20para%20videos%20eventos%20teatro%20som%20de%20fundo%20by%20mesx%20wmv.mp3 HTTP/1.1" 200 5891218 "-" "Mozilla/5.0 (Windows NT 10.0; Win64; x64) AppleWebKit/537.36 (KHTML, like Gecko) Chrome/68.0.3440.106 Safari/537.36"
10.10.86.169 - - [14/Sep/2018:19:34:13 -0300] "GET /openshot/audios/05%20Som%20de%20Fundo%20para%20Videos.mp3 HTTP/1.1" 200 29200 "http://10.10.84.19/openshot/audios/" "Mozilla/5.0 (Windows NT 10.0; Win64; x64) AppleWebKit/537.36 (KHTML, like Gecko) Chrome/68.0.3440.106 Safari/537.36"
10.10.84.170 - - [14/Sep/2018:19:34:10 -0300] "GET /openshot/11%20Como%20fazer%20um%20bolo%20de%20milho.mp4 HTTP/1.1" 206 994260 "http://10.10.84.19/openshot/11%20Como%20fazer%20um%20bolo%20de%20milho.mp4" "Mozilla/5.0 (Windows NT 10.0; Win64; x64) AppleWebKit/537.36 (KHTML, like Gecko) Chrome/68.0.3440.106 Safari/537.36"
10.10.87.25 - - [14/Sep/2018:19:31:46 -0300] "GET /openshot/13%20Como%20fazer%20pao%20frances%20de%20padaria.mp4 HTTP/1.1" 206 33461740 "http://10.10.84.19/openshot/13%20Como%20fazer%20pao%20frances%20de%20padaria.mp4" "Mozilla/5.0 (Windows NT 10.0; Win64; x64) AppleWebKit/537.36 (KHTML, like Gecko) Chrome/68.0.3440.106 Safari/537.36"
10.10.86.169 - - [14/Sep/2018:19:34:13 -0300] "GET /openshot/audios/05%20Som%20de%20Fundo%20para%20Videos.mp3 HTTP/1.1" 206 1594320 "http://10.10.84.19/openshot/audios/05%20Som%20de%20Fundo%20para%20Videos.mp3" "Mozilla/5.0 (Windows NT 10.0; Win64; x64) AppleWebKit/537.36 (KHTML, like Gecko) Chrome/68.0.3440.106 Safari/537.36"
10.10.81.199 - - [14/Sep/2018:19:34:09 -0300] "GET /openshot/audios/06%20Tema%20de%20conquista%20e%20gloria%20Vangelis%20-%20The%20Conquest%20of%20Paradise.mp3 HTTP/1.1" 206 4020840 "http://10.10.84.19/openshot/audios/06%20Tema%20de%20conquista%20e%20gloria%20Vangelis%20-%20The%20Conquest%20of%20Paradise.mp3" "Mozilla/5.0 (Windows NT 10.0; Win64; x64) AppleWebKit/537.36 (KHTML, like Gecko) Chrome/69.0.3497.92 Safari/537.36"
10.10.81.199 - - [14/Sep/2018:19:34:22 -0300] "GET /openshot/audios/07%20Tema%20de%20vitoria%20e%20conquista%20Vangelis%20-%20The%20Chariots%20of%20Fire.mp3 HTTP/1.1" 200 29200 "http://10.10.84.19/openshot/audios/" "Mozilla/5.0 (Windows NT 10.0; Win64; x64) AppleWebKit/537.36 (KHTML, like Gecko) Chrome/69.0.3497.92 Safari/537.36"
10.10.81.199 - - [14/Sep/2018:19:34:06 -0300] "GET /openshot/audios/05%20Som%20de%20Fundo%20para%20Videos.mp3 HTTP/1.1" 200 6722922 "-" "Mozilla/5.0 (Windows NT 10.0; Win64; x64) AppleWebKit/537.36 (KHTML, like Gecko) Chrome/69.0.3497.92 Safari/537.36"
10.10.80.66 - - [14/Sep/2018:19:34:28 -0300] "GET /openshot/audios/04%20Musicas%20para%20videos%20eventos%20teatro%20som%20de%20fundo%20by%20mesx%20wmv.mp3 HTTP/1.1" 200 29200 "http://10.10.84.19/openshot/audios/" "Mozilla/5.0 (Windows NT 10.0; Win64; x64) AppleWebKit/537.36 (KHTML, like Gecko) Chrome/68.0.3440.106 Safari/537.36"
10.10.81.199 - - [14/Sep/2018:19:34:22 -0300] "GET /openshot/audios/07%20Tema%20de%20vitoria%20e%20conquista%20Vangelis%20-%20The%20Chariots%20of%20Fire.mp3 HTTP/1.1" 206 2475291 "http://10.10.84.19/openshot/audios/07%20Tema%20de%20vitoria%20e%20conquista%20Vangelis%20-%20The%20Chariots%20of%20Fire.mp3" "Mozilla/5.0 (Windows NT 10.0; Win64; x64) AppleWebKit/537.36 (KHTML, like Gecko) Chrome/69.0.3497.92 Safari/537.36"
10.10.81.199 - - [14/Sep/2018:19:34:18 -0300] "GET /openshot/audios/06%20Tema%20de%20conquista%20e%20gloria%20Vangelis%20-%20The%20Conquest%20of%20Paradise.mp3 HTTP/1.1" 200 4511956 "-" "Mozilla/5.0 (Windows NT 10.0; Win64; x64) AppleWebKit/537.36 (KHTML, like Gecko) Chrome/69.0.3497.92 Safari/537.36"
10.10.81.199 - - [14/Sep/2018:19:34:24 -0300] "GET /openshot/audios/07%20Tema%20de%20vitoria%20e%20conquista%20Vangelis%20-%20The%20Chariots%20of%20Fire.mp3 HTTP/1.1" 200 2475237 "-" "Mozilla/5.0 (Windows NT 10.0; Win64; x64) AppleWebKit/537.36 (KHTML, like Gecko) Chrome/69.0.3497.92 Safari/537.36"
10.10.80.66 - - [14/Sep/2018:19:34:28 -0300] "GET /openshot/audios/04%20Musicas%20para%20videos%20eventos%20teatro%20som%20de%20fundo%20by%20mesx%20wmv.mp3 HTTP/1.1" 206 2001660 "http://10.10.84.19/openshot/audios/04%20Musicas%20para%20videos%20eventos%20teatro%20som%20de%20fundo%20by%20mesx%20wmv.mp3" "Mozilla/5.0 (Windows NT 10.0; Win64; x64) AppleWebKit/537.36 (KHTML, like Gecko) Chrome/68.0.3440.106 Safari/537.36"
10.10.86.169 - - [14/Sep/2018:19:34:17 -0300] "GET /openshot/audios/05%20Som%20de%20Fundo%20para%20Videos.mp3 HTTP/1.1" 200 6722922 "-" "Mozilla/5.0 (Windows NT 10.0; Win64; x64) AppleWebKit/537.36 (KHTML, like Gecko) Chrome/68.0.3440.106 Safari/537.36"
10.10.86.169 - - [14/Sep/2018:19:34:32 -0300] "GET /openshot/audios/06%20Tema%20de%20conquista%20e%20gloria%20Vangelis%20-%20The%20Conquest%20of%20Paradise.mp3 HTTP/1.1" 200 29200 "http://10.10.84.19/openshot/audios/" "Mozilla/5.0 (Windows NT 10.0; Win64; x64) AppleWebKit/537.36 (KHTML, like Gecko) Chrome/68.0.3440.106 Safari/537.36"
10.10.80.66 - - [14/Sep/2018:19:34:33 -0300] "GET /openshot/audios/05%20Som%20de%20Fundo%20para%20Videos.mp3 HTTP/1.1" 200 29200 "http://10.10.84.19/openshot/audios/" "Mozilla/5.0 (Windows NT 10.0; Win64; x64) AppleWebKit/537.36 (KHTML, like Gecko) Chrome/68.0.3440.106 Safari/537.36"
10.10.82.155 - - [14/Sep/2018:19:34:36 -0300] "GET /openshot HTTP/1.1" 301 578 "-" "Mozilla/5.0 (Windows NT 10.0; Win64; x64) AppleWebKit/537.36 (KHTML, like Gecko) Chrome/68.0.3440.106 Safari/537.36"
10.10.82.155 - - [14/Sep/2018:19:34:36 -0300] "GET /openshot/ HTTP/1.1" 200 1362 "-" "Mozilla/5.0 (Windows NT 10.0; Win64; x64) AppleWebKit/537.36 (KHTML, like Gecko) Chrome/68.0.3440.106 Safari/537.36"
10.10.82.155 - - [14/Sep/2018:19:34:36 -0300] "GET /icons/blank.gif HTTP/1.1" 200 431 "http://10.10.84.19/openshot/" "Mozilla/5.0 (Windows NT 10.0; Win64; x64) AppleWebKit/537.36 (KHTML, like Gecko) Chrome/68.0.3440.106 Safari/537.36"
10.10.82.155 - - [14/Sep/2018:19:34:36 -0300] "GET /icons/back.gif HTTP/1.1" 200 499 "http://10.10.84.19/openshot/" "Mozilla/5.0 (Windows NT 10.0; Win64; x64) AppleWebKit/537.36 (KHTML, like Gecko) Chrome/68.0.3440.106 Safari/537.36"
10.10.82.155 - - [14/Sep/2018:19:34:36 -0300] "GET /icons/movie.gif HTTP/1.1" 200 527 "http://10.10.84.19/openshot/" "Mozilla/5.0 (Windows NT 10.0; Win64; x64) AppleWebKit/537.36 (KHTML, like Gecko) Chrome/68.0.3440.106 Safari/537.36"
10.10.82.155 - - [14/Sep/2018:19:34:36 -0300] "GET /icons/sound2.gif HTTP/1.1" 200 505 "http://10.10.84.19/openshot/" "Mozilla/5.0 (Windows NT 10.0; Win64; x64) AppleWebKit/537.36 (KHTML, like Gecko) Chrome/68.0.3440.106 Safari/537.36"
10.10.82.155 - - [14/Sep/2018:19:34:36 -0300] "GET /icons/layout.gif HTTP/1.1" 200 561 "http://10.10.84.19/openshot/" "Mozilla/5.0 (Windows NT 10.0; Win64; x64) AppleWebKit/537.36 (KHTML, like Gecko) Chrome/68.0.3440.106 Safari/537.36"
10.10.82.155 - - [14/Sep/2018:19:34:36 -0300] "GET /icons/folder.gif HTTP/1.1" 200 509 "http://10.10.84.19/openshot/" "Mozilla/5.0 (Windows NT 10.0; Win64; x64) AppleWebKit/537.36 (KHTML, like Gecko) Chrome/68.0.3440.106 Safari/537.36"
10.10.82.155 - - [14/Sep/2018:19:34:37 -0300] "GET /favicon.ico HTTP/1.1" 404 502 "http://10.10.84.19/openshot/" "Mozilla/5.0 (Windows NT 10.0; Win64; x64) AppleWebKit/537.36 (KHTML, like Gecko) Chrome/68.0.3440.106 Safari/537.36"
10.10.80.66 - - [14/Sep/2018:19:34:33 -0300] "GET /openshot/audios/05%20Som%20de%20Fundo%20para%20Videos.mp3 HTTP/1.1" 206 1757840 "http://10.10.84.19/openshot/audios/05%20Som%20de%20Fundo%20para%20Videos.mp3" "Mozilla/5.0 (Windows NT 10.0; Win64; x64) AppleWebKit/537.36 (KHTML, like Gecko) Chrome/68.0.3440.106 Safari/537.36"
10.10.86.169 - - [14/Sep/2018:19:34:32 -0300] "GET /openshot/audios/06%20Tema%20de%20conquista%20e%20gloria%20Vangelis%20-%20The%20Conquest%20of%20Paradise.mp3 HTTP/1.1" 206 2587120 "http://10.10.84.19/openshot/audios/06%20Tema%20de%20conquista%20e%20gloria%20Vangelis%20-%20The%20Conquest%20of%20Paradise.mp3" "Mozilla/5.0 (Windows NT 10.0; Win64; x64) AppleWebKit/537.36 (KHTML, like Gecko) Chrome/68.0.3440.106 Safari/537.36"
10.10.80.66 - - [14/Sep/2018:19:34:38 -0300] "GET /openshot/audios/06%20Tema%20de%20conquista%20e%20gloria%20Vangelis%20-%20The%20Conquest%20of%20Paradise.mp3 HTTP/1.1" 200 29200 "http://10.10.84.19/openshot/audios/" "Mozilla/5.0 (Windows NT 10.0; Win64; x64) AppleWebKit/537.36 (KHTML, like Gecko) Chrome/68.0.3440.106 Safari/537.36"
10.10.84.170 - - [14/Sep/2018:19:34:15 -0300] "GET /openshot/12%20Como%20fazer%20caldo%20de%20mocoto.mp4 HTTP/1.1" 206 5959720 "http://10.10.84.19/openshot/12%20Como%20fazer%20caldo%20de%20mocoto.mp4" "Mozilla/5.0 (Windows NT 10.0; Win64; x64) AppleWebKit/537.36 (KHTML, like Gecko) Chrome/68.0.3440.106 Safari/537.36"
10.10.80.66 - - [14/Sep/2018:19:34:39 -0300] "GET /openshot/audios/06%20Tema%20de%20conquista%20e%20gloria%20Vangelis%20-%20The%20Conquest%20of%20Paradise.mp3 HTTP/1.1" 206 1664400 "http://10.10.84.19/openshot/audios/06%20Tema%20de%20conquista%20e%20gloria%20Vangelis%20-%20The%20Conquest%20of%20Paradise.mp3" "Mozilla/5.0 (Windows NT 10.0; Win64; x64) AppleWebKit/537.36 (KHTML, like Gecko) Chrome/68.0.3440.106 Safari/537.36"
10.10.80.66 - - [14/Sep/2018:19:34:30 -0300] "GET /openshot/audios/04%20Musicas%20para%20videos%20eventos%20teatro%20som%20de%20fundo%20by%20mesx%20wmv.mp3 HTTP/1.1" 200 5891218 "-" "Mozilla/5.0 (Windows NT 10.0; Win64; x64) AppleWebKit/537.36 (KHTML, like Gecko) Chrome/68.0.3440.106 Safari/537.36"
::1 - - [14/Sep/2018:19:34:43 -0300] "OPTIONS * HTTP/1.0" 200 126 "-" "Apache/2.4.29 (Ubuntu) (internal dummy connection)"
10.10.80.66 - - [14/Sep/2018:19:34:44 -0300] "GET /openshot/audios/07%20Tema%20de%20vitoria%20e%20conquista%20Vangelis%20-%20The%20Chariots%20of%20Fire.mp3 HTTP/1.1" 200 29200 "http://10.10.84.19/openshot/audios/" "Mozilla/5.0 (Windows NT 10.0; Win64; x64) AppleWebKit/537.36 (KHTML, like Gecko) Chrome/68.0.3440.106 Safari/537.36"
::1 - - [14/Sep/2018:19:34:44 -0300] "OPTIONS * HTTP/1.0" 200 126 "-" "Apache/2.4.29 (Ubuntu) (internal dummy connection)"
10.10.80.66 - - [14/Sep/2018:19:34:44 -0300] "GET /openshot/audios/07%20Tema%20de%20vitoria%20e%20conquista%20Vangelis%20-%20The%20Chariots%20of%20Fire.mp3 HTTP/1.1" 206 1664400 "http://10.10.84.19/openshot/audios/07%20Tema%20de%20vitoria%20e%20conquista%20Vangelis%20-%20The%20Chariots%20of%20Fire.mp3" "Mozilla/5.0 (Windows NT 10.0; Win64; x64) AppleWebKit/537.36 (KHTML, like Gecko) Chrome/68.0.3440.106 Safari/537.36"
10.10.86.169 - - [14/Sep/2018:19:34:38 -0300] "GET /openshot/audios/06%20Tema%20de%20conquista%20e%20gloria%20Vangelis%20-%20The%20Conquest%20of%20Paradise.mp3 HTTP/1.1" 200 4511956 "-" "Mozilla/5.0 (Windows NT 10.0; Win64; x64) AppleWebKit/537.36 (KHTML, like Gecko) Chrome/68.0.3440.106 Safari/537.36"
10.10.80.66 - - [14/Sep/2018:19:34:49 -0300] "GET /openshot/audios/08%20Tema%20de%20vitoria%20Queen%20-%20We%20Are%20The%20Champions.mp3 HTTP/1.1" 200 29200 "http://10.10.84.19/openshot/audios/" "Mozilla/5.0 (Windows NT 10.0; Win64; x64) AppleWebKit/537.36 (KHTML, like Gecko) Chrome/68.0.3440.106 Safari/537.36"
10.10.86.169 - - [14/Sep/2018:19:34:49 -0300] "GET /openshot/audios/07%20Tema%20de%20vitoria%20e%20conquista%20Vangelis%20-%20The%20Chariots%20of%20Fire.mp3 HTTP/1.1" 200 29200 "http://10.10.84.19/openshot/audios/" "Mozilla/5.0 (Windows NT 10.0; Win64; x64) AppleWebKit/537.36 (KHTML, like Gecko) Chrome/68.0.3440.106 Safari/537.36"
10.10.80.66 - - [14/Sep/2018:19:34:40 -0300] "GET /openshot/audios/06%20Tema%20de%20conquista%20e%20gloria%20Vangelis%20-%20The%20Conquest%20of%20Paradise.mp3 HTTP/1.1" 200 4511956 "-" "Mozilla/5.0 (Windows NT 10.0; Win64; x64) AppleWebKit/537.36 (KHTML, like Gecko) Chrome/68.0.3440.106 Safari/537.36"
10.10.80.66 - - [14/Sep/2018:19:34:35 -0300] "GET /openshot/audios/05%20Som%20de%20Fundo%20para%20Videos.mp3 HTTP/1.1" 200 6722922 "-" "Mozilla/5.0 (Windows NT 10.0; Win64; x64) AppleWebKit/537.36 (KHTML, like Gecko) Chrome/68.0.3440.106 Safari/537.36"
10.10.80.66 - - [14/Sep/2018:19:34:46 -0300] "GET /openshot/audios/07%20Tema%20de%20vitoria%20e%20conquista%20Vangelis%20-%20The%20Chariots%20of%20Fire.mp3 HTTP/1.1" 200 2475238 "-" "Mozilla/5.0 (Windows NT 10.0; Win64; x64) AppleWebKit/537.36 (KHTML, like Gecko) Chrome/68.0.3440.106 Safari/537.36"
10.10.80.66 - - [14/Sep/2018:19:34:49 -0300] "GET /openshot/audios/08%20Tema%20de%20vitoria%20Queen%20-%20We%20Are%20The%20Champions.mp3 HTTP/1.1" 206 1664400 "http://10.10.84.19/openshot/audios/08%20Tema%20de%20vitoria%20Queen%20-%20We%20Are%20The%20Champions.mp3" "Mozilla/5.0 (Windows NT 10.0; Win64; x64) AppleWebKit/537.36 (KHTML, like Gecko) Chrome/68.0.3440.106 Safari/537.36"
10.10.84.170 - - [14/Sep/2018:19:34:41 -0300] "GET /openshot/13%20Como%20fazer%20pao%20frances%20de%20padaria.mp4 HTTP/1.1" 206 5331920 "http://10.10.84.19/openshot/13%20Como%20fazer%20pao%20frances%20de%20padaria.mp4" "Mozilla/5.0 (Windows NT 10.0; Win64; x64) AppleWebKit/537.36 (KHTML, like Gecko) Chrome/68.0.3440.106 Safari/537.36"
10.10.86.169 - - [14/Sep/2018:19:34:50 -0300] "GET /openshot/audios/07%20Tema%20de%20vitoria%20e%20conquista%20Vangelis%20-%20The%20Chariots%20of%20Fire.mp3 HTTP/1.1" 206 2475291 "http://10.10.84.19/openshot/audios/07%20Tema%20de%20vitoria%20e%20conquista%20Vangelis%20-%20The%20Chariots%20of%20Fire.mp3" "Mozilla/5.0 (Windows NT 10.0; Win64; x64) AppleWebKit/537.36 (KHTML, like Gecko) Chrome/68.0.3440.106 Safari/537.36"
10.10.80.66 - - [14/Sep/2018:19:34:51 -0300] "GET /openshot/audios/08%20Tema%20de%20vitoria%20Queen%20-%20We%20Are%20The%20Champions.mp3 HTTP/1.1" 200 2353179 "-" "Mozilla/5.0 (Windows NT 10.0; Win64; x64) AppleWebKit/537.36 (KHTML, like Gecko) Chrome/68.0.3440.106 Safari/537.36"
::1 - - [14/Sep/2018:19:34:59 -0300] "OPTIONS * HTTP/1.0" 200 126 "-" "Apache/2.4.29 (Ubuntu) (internal dummy connection)"
10.10.86.169 - - [14/Sep/2018:19:34:56 -0300] "GET /openshot/audios/07%20Tema%20de%20vitoria%20e%20conquista%20Vangelis%20-%20The%20Chariots%20of%20Fire.mp3 HTTP/1.1" 200 2475237 "-" "Mozilla/5.0 (Windows NT 10.0; Win64; x64) AppleWebKit/537.36 (KHTML, like Gecko) Chrome/68.0.3440.106 Safari/537.36"
10.10.86.169 - - [14/Sep/2018:19:35:01 -0300] "GET /openshot/audios/08%20Tema%20de%20vitoria%20Queen%20-%20We%20Are%20The%20Champions.mp3 HTTP/1.1" 200 29200 "http://10.10.84.19/openshot/audios/" "Mozilla/5.0 (Windows NT 10.0; Win64; x64) AppleWebKit/537.36 (KHTML, like Gecko) Chrome/68.0.3440.106 Safari/537.36"
::1 - - [14/Sep/2018:19:35:01 -0300] "OPTIONS * HTTP/1.0" 200 126 "-" "Apache/2.4.29 (Ubuntu) (internal dummy connection)"
10.10.84.170 - - [14/Sep/2018:19:33:59 -0300] "GET /openshot/09%20Como%20extrair%20a%20polpa%20do%20Acai.mp4 HTTP/1.1" 200 28253294 "-" "Mozilla/5.0 (Windows NT 10.0; Win64; x64) AppleWebKit/537.36 (KHTML, like Gecko) Chrome/68.0.3440.106 Safari/537.36"
10.10.84.170 - - [14/Sep/2018:19:35:04 -0300] "GET /openshot/audios/ HTTP/1.1" 200 1118 "http://10.10.84.19/openshot/" "Mozilla/5.0 (Windows NT 10.0; Win64; x64) AppleWebKit/537.36 (KHTML, like Gecko) Chrome/68.0.3440.106 Safari/537.36"
10.10.82.155 - - [14/Sep/2018:19:34:56 -0300] "GET /openshot/10%20Como%20fazer%20acai%20caseiro%20do%20inicio%20ao%20fim.mp4 HTTP/1.1" 200 4444240 "http://10.10.84.19/openshot/" "Mozilla/5.0 (Windows NT 10.0; Win64; x64) AppleWebKit/537.36 (KHTML, like Gecko) Chrome/68.0.3440.106 Safari/537.36"
::1 - - [14/Sep/2018:19:35:06 -0300] "OPTIONS * HTTP/1.0" 200 126 "-" "Apache/2.4.29 (Ubuntu) (internal dummy connection)"
10.10.86.169 - - [14/Sep/2018:19:35:02 -0300] "GET /openshot/audios/08%20Tema%20de%20vitoria%20Queen%20-%20We%20Are%20The%20Champions.mp3 HTTP/1.1" 206 2353232 "http://10.10.84.19/openshot/audios/08%20Tema%20de%20vitoria%20Queen%20-%20We%20Are%20The%20Champions.mp3" "Mozilla/5.0 (Windows NT 10.0; Win64; x64) AppleWebKit/537.36 (KHTML, like Gecko) Chrome/68.0.3440.106 Safari/537.36"
::1 - - [14/Sep/2018:19:35:11 -0300] "OPTIONS * HTTP/1.0" 200 126 "-" "Apache/2.4.29 (Ubuntu) (internal dummy connection)"
10.10.86.169 - - [14/Sep/2018:19:35:07 -0300] "GET /openshot/audios/08%20Tema%20de%20vitoria%20Queen%20-%20We%20Are%20The%20Champions.mp3 HTTP/1.1" 200 2353178 "-" "Mozilla/5.0 (Windows NT 10.0; Win64; x64) AppleWebKit/537.36 (KHTML, like Gecko) Chrome/68.0.3440.106 Safari/537.36"
10.10.84.170 - - [14/Sep/2018:19:35:15 -0300] "GET /openshot/audios/01%20Musica%20impactante%20para%20formaturas%20apresentacoes%20espetaculos%202.mp3 HTTP/1.1" 200 64240 "http://10.10.84.19/openshot/audios/" "Mozilla/5.0 (Windows NT 10.0; Win64; x64) AppleWebKit/537.36 (KHTML, like Gecko) Chrome/68.0.3440.106 Safari/537.36"
10.10.86.169 - - [14/Sep/2018:19:32:24 -0300] "GET /openshot/02%20Peppa%20Pig%20-%20Melhores%20Momentos.mp4 HTTP/1.1" 200 78236375 "-" "Mozilla/5.0 (Windows NT 10.0; Win64; x64) AppleWebKit/537.36 (KHTML, like Gecko) Chrome/68.0.3440.106 Safari/537.36"
10.10.84.170 - - [14/Sep/2018:19:35:17 -0300] "GET /openshot/audios/02%20Musica%20impactante%20para%20formaturas%20apresentacoes%20espetaculos%203.mp3 HTTP/1.1" 200 40880 "http://10.10.84.19/openshot/audios/" "Mozilla/5.0 (Windows NT 10.0; Win64; x64) AppleWebKit/537.36 (KHTML, like Gecko) Chrome/68.0.3440.106 Safari/537.36"
10.10.84.170 - - [14/Sep/2018:19:35:17 -0300] "GET /openshot/audios/03%20Musica%20impactante%20para%20formaturas%20apresentacoes%20espetaculos%204.mp3 HTTP/1.1" 200 75920 "http://10.10.84.19/openshot/audios/" "Mozilla/5.0 (Windows NT 10.0; Win64; x64) AppleWebKit/537.36 (KHTML, like Gecko) Chrome/68.0.3440.106 Safari/537.36"
10.10.84.170 - - [14/Sep/2018:19:35:18 -0300] "GET /openshot/audios/04%20Musicas%20para%20videos%20eventos%20teatro%20som%20de%20fundo%20by%20mesx%20wmv.mp3 HTTP/1.1" 200 52560 "http://10.10.84.19/openshot/audios/" "Mozilla/5.0 (Windows NT 10.0; Win64; x64) AppleWebKit/537.36 (KHTML, like Gecko) Chrome/68.0.3440.106 Safari/537.36"
10.10.84.170 - - [14/Sep/2018:19:35:19 -0300] "GET /openshot/audios/05%20Som%20de%20Fundo%20para%20Videos.mp3 HTTP/1.1" 200 99280 "http://10.10.84.19/openshot/audios/" "Mozilla/5.0 (Windows NT 10.0; Win64; x64) AppleWebKit/537.36 (KHTML, like Gecko) Chrome/68.0.3440.106 Safari/537.36"
10.10.84.170 - - [14/Sep/2018:19:35:21 -0300] "GET /openshot/audios/06%20Tema%20de%20conquista%20e%20gloria%20Vangelis%20-%20The%20Conquest%20of%20Paradise.mp3 HTTP/1.1" 200 52560 "http://10.10.84.19/openshot/audios/" "Mozilla/5.0 (Windows NT 10.0; Win64; x64) AppleWebKit/537.36 (KHTML, like Gecko) Chrome/68.0.3440.106 Safari/537.36"
