10.10.81.199 - - [14/Sep/2018:19:28:09 -0300] "GET /openshot/12%20Como%20fazer%20caldo%20de%20mocoto.mp4 HTTP/1.1" 206 916880 "http://10.10.84.19/openshot/12%20Como%20fazer%20caldo%20de%20mocoto.mp4" "Mozilla/5.0 (Windows NT 10.0; Win64; x64) AppleWebKit/537.36 (KHTML, like Gecko) Chrome/69.0.3497.92 Safari/537.36"
10.10.81.199 - - [14/Sep/2018:19:28:15 -0300] "GET /openshot/13%20Como%20fazer%20pao%20frances%20de%20padaria.mp4 HTTP/1.1" 200 29200 "http://10.10.84.19/openshot/" "Mozilla/5.0 (Windows NT 10.0; Win64; x64) AppleWebKit/537.36 (KHTML, like Gecko) Chrome/69.0.3497.92 Safari/537.36"
10.10.80.100 - - [14/Sep/2018:19:28:17 -0300] "GET /openshot/10%20Como%20fazer%20acai%20caseiro%20do%20inicio%20ao%20fim.mp4 HTTP/1.1" 206 344 "http://10.10.84.19/openshot/10%20Como%20fazer%20acai%20caseiro%20do%20inicio%20ao%20fim.mp4" "Mozilla/5.0 (Windows NT 10.0; Win64; x64) AppleWebKit/537.36 (KHTML, like Gecko) Chrome/68.0.3440.106 Safari/537.36"
10.10.85.17 - - [14/Sep/2018:19:28:03 -0300] "GET /openshot/13%20Como%20fazer%20pao%20frances%20de%20padaria.mp4 HTTP/1.1" 206 3690880 "http://10.10.84.19/openshot/13%20Como%20fazer%20pao%20frances%20de%20padaria.mp4" "Mozilla/5.0 (Windows NT 10.0; Win64; x64) AppleWebKit/537.36 (KHTML, like Gecko) Chrome/68.0.3440.106 Safari/537.36"
10.10.82.227 - - [14/Sep/2018:19:27:58 -0300] "GET /openshot/10%20Como%20fazer%20acai%20caseiro%20do%20inicio%20ao%20fim.mp4 HTTP/1.1" 200 5219500 "http://10.10.84.19/openshot/" "Mozilla/5.0 (Windows NT 10.0; Win64; x64; rv:58.0) Gecko/20100101 Firefox/58.0"
10.10.86.169 - - [14/Sep/2018:19:28:23 -0300] "GET /openshot/ HTTP/1.1" 200 1363 "http://10.10.84.19/" "Mozilla/5.0 (Windows NT 10.0; Win64; x64) AppleWebKit/537.36 (KHTML, like Gecko) Chrome/68.0.3440.106 Safari/537.36"
10.10.80.100 - - [14/Sep/2018:19:28:04 -0300] "GET /openshot/10%20Como%20fazer%20acai%20caseiro%20do%20inicio%20ao%20fim.mp4 HTTP/1.1" 206 5402000 "http://10.10.84.19/openshot/10%20Como%20fazer%20acai%20caseiro%20do%20inicio%20ao%20fim.mp4" "Mozilla/5.0 (Windows NT 10.0; Win64; x64) AppleWebKit/537.36 (KHTML, like Gecko) Chrome/68.0.3440.106 Safari/537.36"
10.10.81.199 - - [14/Sep/2018:19:28:15 -0300] "GET /openshot/13%20Como%20fazer%20pao%20frances%20de%20padaria.mp4 HTTP/1.1" 206 3696720 "http://10.10.84.19/openshot/13%20Como%20fazer%20pao%20frances%20de%20padaria.mp4" "Mozilla/5.0 (Windows NT 10.0; Win64; x64) AppleWebKit/537.36 (KHTML, like Gecko) Chrome/69.0.3497.92 Safari/537.36"
10.10.80.100 - - [14/Sep/2018:19:28:34 -0300] "GET /openshot/audios/ HTTP/1.1" 200 1119 "http://10.10.84.19/openshot/" "Mozilla/5.0 (Windows NT 10.0; Win64; x64) AppleWebKit/537.36 (KHTML, like Gecko) Chrome/68.0.3440.106 Safari/537.36"
10.10.81.199 - - [14/Sep/2018:19:28:36 -0300] "GET /openshot/audios/ HTTP/1.1" 200 1119 "http://10.10.84.19/openshot/" "Mozilla/5.0 (Windows NT 10.0; Win64; x64) AppleWebKit/537.36 (KHTML, like Gecko) Chrome/69.0.3497.92 Safari/537.36"
10.10.80.100 - - [14/Sep/2018:19:27:35 -0300] "GET /openshot/09%20Como%20extrair%20a%20polpa%20do%20Acai.mp4 HTTP/1.1" 206 28042300 "http://10.10.84.19/openshot/09%20Como%20extrair%20a%20polpa%20do%20Acai.mp4" "Mozilla/5.0 (Windows NT 10.0; Win64; x64) AppleWebKit/537.36 (KHTML, like Gecko) Chrome/68.0.3440.106 Safari/537.36"
10.10.84.131 - - [14/Sep/2018:19:27:31 -0300] "GET /openshot/11%20Como%20fazer%20um%20bolo%20de%20milho.mp4 HTTP/1.1" 200 37267485 "-" "Mozilla/5.0 (Windows NT 10.0; Win64; x64) AppleWebKit/537.36 (KHTML, like Gecko) Chrome/69.0.3497.92 Safari/537.36"
10.10.86.169 - - [14/Sep/2018:19:29:13 -0300] "GET /openshot/ HTTP/1.1" 200 1363 "http://10.10.84.19/" "Mozilla/5.0 (Windows NT 10.0; Win64; x64) AppleWebKit/537.36 (KHTML, like Gecko) Chrome/68.0.3440.106 Safari/537.36"
10.10.81.199 - - [14/Sep/2018:19:29:13 -0300] "GET /openshot/audios/08%20Tema%20de%20vitoria%20Queen%20-%20We%20Are%20The%20Champions.mp3 HTTP/1.1" 200 29200 "http://10.10.84.19/openshot/audios/" "Mozilla/5.0 (Windows NT 10.0; Win64; x64) AppleWebKit/537.36 (KHTML, like Gecko) Chrome/69.0.3497.92 Safari/537.36"
10.10.86.169 - - [14/Sep/2018:19:29:23 -0300] "GET /openshot/09%20Como%20extrair%20a%20polpa%20do%20Acai.mp4 HTTP/1.1" 206 346 "http://10.10.84.19/openshot/" "Mozilla/5.0 (Windows NT 10.0; Win64; x64) AppleWebKit/537.36 (KHTML, like Gecko) Chrome/68.0.3440.106 Safari/537.36"
10.10.86.169 - - [14/Sep/2018:19:29:23 -0300] "GET /openshot/09%20Como%20extrair%20a%20polpa%20do%20Acai.mp4 HTTP/1.1" 206 40880 "http://10.10.84.19/openshot/" "Mozilla/5.0 (Windows NT 10.0; Win64; x64) AppleWebKit/537.36 (KHTML, like Gecko) Chrome/68.0.3440.106 Safari/537.36"
10.10.81.199 - - [14/Sep/2018:19:29:13 -0300] "GET /openshot/audios/08%20Tema%20de%20vitoria%20Queen%20-%20We%20Are%20The%20Champions.mp3 HTTP/1.1" 206 2353232 "http://10.10.84.19/openshot/audios/08%20Tema%20de%20vitoria%20Queen%20-%20We%20Are%20The%20Champions.mp3" "Mozilla/5.0 (Windows NT 10.0; Win64; x64) AppleWebKit/537.36 (KHTML, like Gecko) Chrome/69.0.3497.92 Safari/537.36"
10.10.85.17 - - [14/Sep/2018:19:27:41 -0300] "GET /openshot/09%20Como%20extrair%20a%20polpa%20do%20Acai.mp4 HTTP/1.1" 200 28253294 "-" "Mozilla/5.0 (Windows NT 10.0; Win64; x64) AppleWebKit/537.36 (KHTML, like Gecko) Chrome/68.0.3440.106 Safari/537.36"
10.10.84.83 - - [14/Sep/2018:19:29:34 -0300] "GET /openshot/audios/ HTTP/1.1" 200 1119 "http://10.10.84.19/openshot/" "Mozilla/5.0 (Windows NT 10.0; Win64; x64) AppleWebKit/537.36 (KHTML, like Gecko) Chrome/68.0.3440.106 Safari/537.36"
10.10.84.83 - - [14/Sep/2018:19:29:36 -0300] "GET /openshot/audios/01%20Musica%20impactante%20para%20formaturas%20apresentacoes%20espetaculos%202.mp3 HTTP/1.1" 200 40880 "http://10.10.84.19/openshot/audios/" "Mozilla/5.0 (Windows NT 10.0; Win64; x64) AppleWebKit/537.36 (KHTML, like Gecko) Chrome/68.0.3440.106 Safari/537.36"
10.10.84.83 - - [14/Sep/2018:19:29:37 -0300] "GET /openshot/audios/02%20Musica%20impactante%20para%20formaturas%20apresentacoes%20espetaculos%203.mp3 HTTP/1.1" 200 40880 "http://10.10.84.19/openshot/audios/" "Mozilla/5.0 (Windows NT 10.0; Win64; x64) AppleWebKit/537.36 (KHTML, like Gecko) Chrome/68.0.3440.106 Safari/537.36"
10.10.81.199 - - [14/Sep/2018:19:27:45 -0300] "GET /openshot/09%20Como%20extrair%20a%20polpa%20do%20Acai.mp4 HTTP/1.1" 200 28253294 "-" "Mozilla/5.0 (Windows NT 10.0; Win64; x64) AppleWebKit/537.36 (KHTML, like Gecko) Chrome/69.0.3497.92 Safari/537.36"
10.10.84.83 - - [14/Sep/2018:19:29:37 -0300] "GET /openshot/audios/03%20Musica%20impactante%20para%20formaturas%20apresentacoes%20espetaculos%204.mp3 HTTP/1.1" 200 40880 "http://10.10.84.19/openshot/audios/" "Mozilla/5.0 (Windows NT 10.0; Win64; x64) AppleWebKit/537.36 (KHTML, like Gecko) Chrome/68.0.3440.106 Safari/537.36"
10.10.84.83 - - [14/Sep/2018:19:29:38 -0300] "GET /openshot/audios/04%20Musicas%20para%20videos%20eventos%20teatro%20som%20de%20fundo%20by%20mesx%20wmv.mp3 HTTP/1.1" 200 40880 "http://10.10.84.19/openshot/audios/" "Mozilla/5.0 (Windows NT 10.0; Win64; x64) AppleWebKit/537.36 (KHTML, like Gecko) Chrome/68.0.3440.106 Safari/537.36"
10.10.84.83 - - [14/Sep/2018:19:29:39 -0300] "GET /openshot/audios/05%20Som%20de%20Fundo%20para%20Videos.mp3 HTTP/1.1" 200 40880 "http://10.10.84.19/openshot/audios/" "Mozilla/5.0 (Windows NT 10.0; Win64; x64) AppleWebKit/537.36 (KHTML, like Gecko) Chrome/68.0.3440.106 Safari/537.36"
10.10.86.169 - - [14/Sep/2018:19:29:39 -0300] "GET /openshot/10%20Como%20fazer%20acai%20caseiro%20do%20inicio%20ao%20fim.mp4 HTTP/1.1" 200 52560 "http://10.10.84.19/openshot/" "Mozilla/5.0 (Windows NT 10.0; Win64; x64) AppleWebKit/537.36 (KHTML, like Gecko) Chrome/68.0.3440.106 Safari/537.36"
10.10.84.83 - - [14/Sep/2018:19:29:39 -0300] "GET /openshot/audios/06%20Tema%20de%20conquista%20e%20gloria%20Vangelis%20-%20The%20Conquest%20of%20Paradise.mp3 HTTP/1.1" 200 40880 "http://10.10.84.19/openshot/audios/" "Mozilla/5.0 (Windows NT 10.0; Win64; x64) AppleWebKit/537.36 (KHTML, like Gecko) Chrome/68.0.3440.106 Safari/537.36"
10.10.80.66 - - [14/Sep/2018:19:27:54 -0300] "GET /openshot/10%20Como%20fazer%20acai%20caseiro%20do%20inicio%20ao%20fim.mp4 HTTP/1.1" 200 25704760 "http://10.10.84.19/openshot/" "Mozilla/5.0 (Windows NT 10.0; Win64; x64; rv:58.0) Gecko/20100101 Firefox/58.0"
10.10.84.83 - - [14/Sep/2018:19:29:40 -0300] "GET /openshot/audios/07%20Tema%20de%20vitoria%20e%20conquista%20Vangelis%20-%20The%20Chariots%20of%20Fire.mp3 HTTP/1.1" 200 40880 "http://10.10.84.19/openshot/audios/" "Mozilla/5.0 (Windows NT 10.0; Win64; x64) AppleWebKit/537.36 (KHTML, like Gecko) Chrome/68.0.3440.106 Safari/537.36"
10.10.84.83 - - [14/Sep/2018:19:29:40 -0300] "GET /openshot/audios/08%20Tema%20de%20vitoria%20Queen%20-%20We%20Are%20The%20Champions.mp3 HTTP/1.1" 200 52560 "http://10.10.84.19/openshot/audios/" "Mozilla/5.0 (Windows NT 10.0; Win64; x64) AppleWebKit/537.36 (KHTML, like Gecko) Chrome/68.0.3440.106 Safari/537.36"
10.10.80.66 - - [14/Sep/2018:19:29:45 -0300] "GET /openshot/11%20Como%20fazer%20um%20bolo%20de%20milho.mp4 HTTP/1.1" 200 64240 "http://10.10.84.19/openshot/" "Mozilla/5.0 (Windows NT 10.0; Win64; x64; rv:58.0) Gecko/20100101 Firefox/58.0"
10.10.82.227 - - [14/Sep/2018:19:29:45 -0300] "GET /openshot/09%20Como%20extrair%20a%20polpa%20do%20Acai.mp4 HTTP/1.1" 206 29200 "http://10.10.84.19/openshot/" "Mozilla/5.0 (Windows NT 10.0; Win64; x64; rv:58.0) Gecko/20100101 Firefox/58.0"
10.10.84.83 - - [14/Sep/2018:19:29:42 -0300] "GET /openshot/audios/01%20Musica%20impactante%20para%20formaturas%20apresentacoes%20espetaculos%202.mp3 HTTP/1.1" 206 1843339 "http://10.10.84.19/openshot/audios/01%20Musica%20impactante%20para%20formaturas%20apresentacoes%20espetaculos%202.mp3" "Mozilla/5.0 (Windows NT 10.0; Win64; x64) AppleWebKit/537.36 (KHTML, like Gecko) Chrome/68.0.3440.106 Safari/537.36"
10.10.84.83 - - [14/Sep/2018:19:29:44 -0300] "GET /openshot/audios/02%20Musica%20impactante%20para%20formaturas%20apresentacoes%20espetaculos%203.mp3 HTTP/1.1" 206 1617680 "http://10.10.84.19/openshot/audios/02%20Musica%20impactante%20para%20formaturas%20apresentacoes%20espetaculos%203.mp3" "Mozilla/5.0 (Windows NT 10.0; Win64; x64) AppleWebKit/537.36 (KHTML, like Gecko) Chrome/68.0.3440.106 Safari/537.36"
10.10.86.169 - - [14/Sep/2018:19:29:40 -0300] "GET /openshot/10%20Como%20fazer%20acai%20caseiro%20do%20inicio%20ao%20fim.mp4 HTTP/1.1" 206 2976940 "http://10.10.84.19/openshot/10%20Como%20fazer%20acai%20caseiro%20do%20inicio%20ao%20fim.mp4" "Mozilla/5.0 (Windows NT 10.0; Win64; x64) AppleWebKit/537.36 (KHTML, like Gecko) Chrome/68.0.3440.106 Safari/537.36"
10.10.84.83 - - [14/Sep/2018:19:29:43 -0300] "GET /openshot/audios/01%20Musica%20impactante%20para%20formaturas%20apresentacoes%20espetaculos%202.mp3 HTTP/1.1" 200 1843286 "-" "Mozilla/5.0 (Windows NT 10.0; Win64; x64) AppleWebKit/537.36 (KHTML, like Gecko) Chrome/68.0.3440.106 Safari/537.36"
10.10.84.83 - - [14/Sep/2018:19:29:48 -0300] "GET /openshot/audios/03%20Musica%20impactante%20para%20formaturas%20apresentacoes%20espetaculos%204.mp3 HTTP/1.1" 206 1092080 "http://10.10.84.19/openshot/audios/03%20Musica%20impactante%20para%20formaturas%20apresentacoes%20espetaculos%204.mp3" "Mozilla/5.0 (Windows NT 10.0; Win64; x64) AppleWebKit/537.36 (KHTML, like Gecko) Chrome/68.0.3440.106 Safari/537.36"
10.10.84.83 - - [14/Sep/2018:19:29:51 -0300] "GET /openshot/audios/04%20Musicas%20para%20videos%20eventos%20teatro%20som%20de%20fundo%20by%20mesx%20wmv.mp3 HTTP/1.1" 206 566480 "http://10.10.84.19/openshot/audios/04%20Musicas%20para%20videos%20eventos%20teatro%20som%20de%20fundo%20by%20mesx%20wmv.mp3" "Mozilla/5.0 (Windows NT 10.0; Win64; x64) AppleWebKit/537.36 (KHTML, like Gecko) Chrome/68.0.3440.106 Safari/537.36"
10.10.86.169 - - [14/Sep/2018:19:29:54 -0300] "GET /openshot/11%20Como%20fazer%20um%20bolo%20de%20milho.mp4 HTTP/1.1" 200 29200 "http://10.10.84.19/openshot/" "Mozilla/5.0 (Windows NT 10.0; Win64; x64) AppleWebKit/537.36 (KHTML, like Gecko) Chrome/68.0.3440.106 Safari/537.36"
10.10.84.83 - - [14/Sep/2018:19:29:51 -0300] "GET /openshot/audios/03%20Musica%20impactante%20para%20formaturas%20apresentacoes%20espetaculos%204.mp3 HTTP/1.1" 200 2034710 "-" "Mozilla/5.0 (Windows NT 10.0; Win64; x64) AppleWebKit/537.36 (KHTML, like Gecko) Chrome/68.0.3440.106 Safari/537.36"
10.10.86.169 - - [14/Sep/2018:19:29:54 -0300] "GET /openshot/11%20Como%20fazer%20um%20bolo%20de%20milho.mp4 HTTP/1.1" 206 1606000 "http://10.10.84.19/openshot/11%20Como%20fazer%20um%20bolo%20de%20milho.mp4" "Mozilla/5.0 (Windows NT 10.0; Win64; x64) AppleWebKit/537.36 (KHTML, like Gecko) Chrome/68.0.3440.106 Safari/537.36"
10.10.84.83 - - [14/Sep/2018:19:29:45 -0300] "GET /openshot/audios/02%20Musica%20impactante%20para%20formaturas%20apresentacoes%20espetaculos%203.mp3 HTTP/1.1" 200 4083129 "-" "Mozilla/5.0 (Windows NT 10.0; Win64; x64) AppleWebKit/537.36 (KHTML, like Gecko) Chrome/68.0.3440.106 Safari/537.36"
10.10.86.169 - - [14/Sep/2018:19:30:02 -0300] "GET /openshot/12%20Como%20fazer%20caldo%20de%20mocoto.mp4 HTTP/1.1" 200 29200 "http://10.10.84.19/openshot/" "Mozilla/5.0 (Windows NT 10.0; Win64; x64) AppleWebKit/537.36 (KHTML, like Gecko) Chrome/68.0.3440.106 Safari/537.36"
10.10.84.83 - - [14/Sep/2018:19:29:53 -0300] "GET /openshot/audios/05%20Som%20de%20Fundo%20para%20Videos.mp3 HTTP/1.1" 206 3870460 "http://10.10.84.19/openshot/audios/05%20Som%20de%20Fundo%20para%20Videos.mp3" "Mozilla/5.0 (Windows NT 10.0; Win64; x64) AppleWebKit/537.36 (KHTML, like Gecko) Chrome/68.0.3440.106 Safari/537.36"
10.10.86.169 - - [14/Sep/2018:19:30:02 -0300] "GET /openshot/12%20Como%20fazer%20caldo%20de%20mocoto.mp4 HTTP/1.1" 206 1489200 "http://10.10.84.19/openshot/12%20Como%20fazer%20caldo%20de%20mocoto.mp4" "Mozilla/5.0 (Windows NT 10.0; Win64; x64) AppleWebKit/537.36 (KHTML, like Gecko) Chrome/68.0.3440.106 Safari/537.36"
10.10.86.169 - - [14/Sep/2018:19:30:09 -0300] "GET /openshot/13%20Como%20fazer%20pao%20frances%20de%20padaria.mp4 HTTP/1.1" 200 29200 "http://10.10.84.19/openshot/" "Mozilla/5.0 (Windows NT 10.0; Win64; x64) AppleWebKit/537.36 (KHTML, like Gecko) Chrome/68.0.3440.106 Safari/537.36"
10.10.84.83 - - [14/Sep/2018:19:30:08 -0300] "GET /openshot/audios/06%20Tema%20de%20conquista%20e%20gloria%20Vangelis%20-%20The%20Conquest%20of%20Paradise.mp3 HTTP/1.1" 206 940240 "http://10.10.84.19/openshot/audios/06%20Tema%20de%20conquista%20e%20gloria%20Vangelis%20-%20The%20Conquest%20of%20Paradise.mp3" "Mozilla/5.0 (Windows NT 10.0; Win64; x64) AppleWebKit/537.36 (KHTML, like Gecko) Chrome/68.0.3440.106 Safari/537.36"
10.10.84.83 - - [14/Sep/2018:19:29:53 -0300] "GET /openshot/audios/04%20Musicas%20para%20videos%20eventos%20teatro%20som%20de%20fundo%20by%20mesx%20wmv.mp3 HTTP/1.1" 200 5891218 "-" "Mozilla/5.0 (Windows NT 10.0; Win64; x64) AppleWebKit/537.36 (KHTML, like Gecko) Chrome/68.0.3440.106 Safari/537.36"
10.10.82.227 - - [14/Sep/2018:19:30:14 -0300] "GET / HTTP/1.1" 200 1223 "-" "Mozilla/5.0 (Windows NT 10.0; Win64; x64) AppleWebKit/537.36 (KHTML, like Gecko) Chrome/68.0.3440.106 Safari/537.36"
10.10.82.227 - - [14/Sep/2018:19:30:14 -0300] "GET /icons/blank.gif HTTP/1.1" 200 431 "http://10.10.84.19/" "Mozilla/5.0 (Windows NT 10.0; Win64; x64) AppleWebKit/537.36 (KHTML, like Gecko) Chrome/68.0.3440.106 Safari/537.36"
10.10.82.227 - - [14/Sep/2018:19:30:14 -0300] "GET /icons/binary.gif HTTP/1.1" 200 530 "http://10.10.84.19/" "Mozilla/5.0 (Windows NT 10.0; Win64; x64) AppleWebKit/537.36 (KHTML, like Gecko) Chrome/68.0.3440.106 Safari/537.36"
10.10.82.227 - - [14/Sep/2018:19:30:14 -0300] "GET /icons/unknown.gif HTTP/1.1" 200 528 "http://10.10.84.19/" "Mozilla/5.0 (Windows NT 10.0; Win64; x64) AppleWebKit/537.36 (KHTML, like Gecko) Chrome/68.0.3440.106 Safari/537.36"
10.10.82.227 - - [14/Sep/2018:19:30:14 -0300] "GET /icons/layout.gif HTTP/1.1" 200 561 "http://10.10.84.19/" "Mozilla/5.0 (Windows NT 10.0; Win64; x64) AppleWebKit/537.36 (KHTML, like Gecko) Chrome/68.0.3440.106 Safari/537.36"
10.10.82.227 - - [14/Sep/2018:19:30:14 -0300] "GET /icons/text.gif HTTP/1.1" 200 513 "http://10.10.84.19/" "Mozilla/5.0 (Windows NT 10.0; Win64; x64) AppleWebKit/537.36 (KHTML, like Gecko) Chrome/68.0.3440.106 Safari/537.36"
10.10.84.131 - - [14/Sep/2018:19:27:37 -0300] "GET /openshot/12%20Como%20fazer%20caldo%20de%20mocoto.mp4 HTTP/1.1" 200 46776253 "-" "Mozilla/5.0 (Windows NT 10.0; Win64; x64) AppleWebKit/537.36 (KHTML, like Gecko) Chrome/69.0.3497.92 Safari/537.36"
10.10.82.227 - - [14/Sep/2018:19:30:15 -0300] "GET /icons/compressed.gif HTTP/1.1" 200 1324 "http://10.10.84.19/" "Mozilla/5.0 (Windows NT 10.0; Win64; x64) AppleWebKit/537.36 (KHTML, like Gecko) Chrome/68.0.3440.106 Safari/537.36"
10.10.86.169 - - [14/Sep/2018:19:30:09 -0300] "GET /openshot/13%20Como%20fazer%20pao%20frances%20de%20padaria.mp4 HTTP/1.1" 206 2119920 "http://10.10.84.19/openshot/13%20Como%20fazer%20pao%20frances%20de%20padaria.mp4" "Mozilla/5.0 (Windows NT 10.0; Win64; x64) AppleWebKit/537.36 (KHTML, like Gecko) Chrome/68.0.3440.106 Safari/537.36"
10.10.82.227 - - [14/Sep/2018:19:30:16 -0300] "GET /icons/folder.gif HTTP/1.1" 200 509 "http://10.10.84.19/" "Mozilla/5.0 (Windows NT 10.0; Win64; x64) AppleWebKit/537.36 (KHTML, like Gecko) Chrome/68.0.3440.106 Safari/537.36"
10.10.82.227 - - [14/Sep/2018:19:30:16 -0300] "GET /favicon.ico HTTP/1.1" 404 502 "http://10.10.84.19/" "Mozilla/5.0 (Windows NT 10.0; Win64; x64) AppleWebKit/537.36 (KHTML, like Gecko) Chrome/68.0.3440.106 Safari/537.36"
10.10.84.83 - - [14/Sep/2018:19:30:11 -0300] "GET /openshot/audios/07%20Tema%20de%20vitoria%20e%20conquista%20Vangelis%20-%20The%20Chariots%20of%20Fire.mp3 HTTP/1.1" 206 1651260 "http://10.10.84.19/openshot/audios/07%20Tema%20de%20vitoria%20e%20conquista%20Vangelis%20-%20The%20Chariots%20of%20Fire.mp3" "Mozilla/5.0 (Windows NT 10.0; Win64; x64) AppleWebKit/537.36 (KHTML, like Gecko) Chrome/68.0.3440.106 Safari/537.36"
10.10.85.17 - - [14/Sep/2018:19:27:51 -0300] "GET /openshot/11%20Como%20fazer%20um%20bolo%20de%20milho.mp4 HTTP/1.1" 200 37267485 "-" "Mozilla/5.0 (Windows NT 10.0; Win64; x64) AppleWebKit/537.36 (KHTML, like Gecko) Chrome/68.0.3440.106 Safari/537.36"
10.10.82.227 - - [14/Sep/2018:19:30:17 -0300] "GET /openshot/ HTTP/1.1" 200 1362 "http://10.10.84.19/" "Mozilla/5.0 (Windows NT 10.0; Win64; x64) AppleWebKit/537.36 (KHTML, like Gecko) Chrome/68.0.3440.106 Safari/537.36"
10.10.82.227 - - [14/Sep/2018:19:30:17 -0300] "GET /icons/movie.gif HTTP/1.1" 200 526 "http://10.10.84.19/openshot/" "Mozilla/5.0 (Windows NT 10.0; Win64; x64) AppleWebKit/537.36 (KHTML, like Gecko) Chrome/68.0.3440.106 Safari/537.36"
10.10.82.227 - - [14/Sep/2018:19:30:17 -0300] "GET /icons/back.gif HTTP/1.1" 200 499 "http://10.10.84.19/openshot/" "Mozilla/5.0 (Windows NT 10.0; Win64; x64) AppleWebKit/537.36 (KHTML, like Gecko) Chrome/68.0.3440.106 Safari/537.36"
10.10.82.227 - - [14/Sep/2018:19:30:17 -0300] "GET /icons/sound2.gif HTTP/1.1" 200 504 "http://10.10.84.19/openshot/" "Mozilla/5.0 (Windows NT 10.0; Win64; x64) AppleWebKit/537.36 (KHTML, like Gecko) Chrome/68.0.3440.106 Safari/537.36"
10.10.84.83 - - [14/Sep/2018:19:29:58 -0300] "GET /openshot/audios/05%20Som%20de%20Fundo%20para%20Videos.mp3 HTTP/1.1" 200 6722921 "-" "Mozilla/5.0 (Windows NT 10.0; Win64; x64) AppleWebKit/537.36 (KHTML, like Gecko) Chrome/68.0.3440.106 Safari/537.36"
10.10.82.227 - - [14/Sep/2018:19:30:21 -0300] "GET /openshot/09%20Como%20extrair%20a%20polpa%20do%20Acai.mp4 HTTP/1.1" 200 29200 "http://10.10.84.19/openshot/" "Mozilla/5.0 (Windows NT 10.0; Win64; x64) AppleWebKit/537.36 (KHTML, like Gecko) Chrome/68.0.3440.106 Safari/537.36"
10.10.84.83 - - [14/Sep/2018:19:30:13 -0300] "GET /openshot/audios/07%20Tema%20de%20vitoria%20e%20conquista%20Vangelis%20-%20The%20Chariots%20of%20Fire.mp3 HTTP/1.1" 200 2475237 "-" "Mozilla/5.0 (Windows NT 10.0; Win64; x64) AppleWebKit/537.36 (KHTML, like Gecko) Chrome/68.0.3440.106 Safari/537.36"
10.10.86.169 - - [14/Sep/2018:19:30:22 -0300] "GET /openshot/14%20Mouse%20Clicks.wav HTTP/1.1" 200 29200 "http://10.10.84.19/openshot/" "Mozilla/5.0 (Windows NT 10.0; Win64; x64) AppleWebKit/537.36 (KHTML, like Gecko) Chrome/68.0.3440.106 Safari/537.36"
10.10.84.83 - - [14/Sep/2018:19:30:16 -0300] "GET /openshot/audios/08%20Tema%20de%20vitoria%20Queen%20-%20We%20Are%20The%20Champions.mp3 HTTP/1.1" 206 2353232 "http://10.10.84.19/openshot/audios/08%20Tema%20de%20vitoria%20Queen%20-%20We%20Are%20The%20Champions.mp3" "Mozilla/5.0 (Windows NT 10.0; Win64; x64) AppleWebKit/537.36 (KHTML, like Gecko) Chrome/68.0.3440.106 Safari/537.36"
10.10.84.83 - - [14/Sep/2018:19:30:09 -0300] "GET /openshot/audios/06%20Tema%20de%20conquista%20e%20gloria%20Vangelis%20-%20The%20Conquest%20of%20Paradise.mp3 HTTP/1.1" 200 4511956 "-" "Mozilla/5.0 (Windows NT 10.0; Win64; x64) AppleWebKit/537.36 (KHTML, like Gecko) Chrome/68.0.3440.106 Safari/537.36"
::1 - - [14/Sep/2018:19:30:24 -0300] "OPTIONS * HTTP/1.0" 200 126 "-" "Apache/2.4.29 (Ubuntu) (internal dummy connection)"
::1 - - [14/Sep/2018:19:30:25 -0300] "OPTIONS * HTTP/1.0" 200 126 "-" "Apache/2.4.29 (Ubuntu) (internal dummy connection)"
10.10.81.199 - - [14/Sep/2018:19:28:04 -0300] "GET /openshot/11%20Como%20fazer%20um%20bolo%20de%20milho.mp4 HTTP/1.1" 200 37267485 "-" "Mozilla/5.0 (Windows NT 10.0; Win64; x64) AppleWebKit/537.36 (KHTML, like Gecko) Chrome/69.0.3497.92 Safari/537.36"
10.10.86.169 - - [14/Sep/2018:19:30:22 -0300] "GET /openshot/14%20Mouse%20Clicks.wav HTTP/1.1" 206 2083207 "http://10.10.84.19/openshot/14%20Mouse%20Clicks.wav" "Mozilla/5.0 (Windows NT 10.0; Win64; x64) AppleWebKit/537.36 (KHTML, like Gecko) Chrome/68.0.3440.106 Safari/537.36"
10.10.84.83 - - [14/Sep/2018:19:30:20 -0300] "GET /openshot/audios/08%20Tema%20de%20vitoria%20Queen%20-%20We%20Are%20The%20Champions.mp3 HTTP/1.1" 200 2353178 "-" "Mozilla/5.0 (Windows NT 10.0; Win64; x64) AppleWebKit/537.36 (KHTML, like Gecko) Chrome/68.0.3440.106 Safari/537.36"
::1 - - [14/Sep/2018:19:30:28 -0300] "OPTIONS * HTTP/1.0" 200 126 "-" "Apache/2.4.29 (Ubuntu) (internal dummy connection)"
::1 - - [14/Sep/2018:19:30:30 -0300] "OPTIONS * HTTP/1.0" 200 126 "-" "Apache/2.4.29 (Ubuntu) (internal dummy connection)"
::1 - - [14/Sep/2018:19:30:31 -0300] "OPTIONS * HTTP/1.0" 200 126 "-" "Apache/2.4.29 (Ubuntu) (internal dummy connection)"
10.10.85.17 - - [14/Sep/2018:19:30:32 -0300] "GET /openshot/ HTTP/1.1" 200 1363 "http://10.10.84.19/" "Mozilla/5.0 (Windows NT 10.0; Win64; x64) AppleWebKit/537.36 (KHTML, like Gecko) Chrome/68.0.3440.106 Safari/537.36"
10.10.86.169 - - [14/Sep/2018:19:30:27 -0300] "GET /openshot/14%20Mouse%20Clicks.wav HTTP/1.1" 200 2083153 "-" "Mozilla/5.0 (Windows NT 10.0; Win64; x64) AppleWebKit/537.36 (KHTML, like Gecko) Chrome/68.0.3440.106 Safari/537.36"
10.10.86.169 - - [14/Sep/2018:19:30:33 -0300] "GET /openshot/08%20Second_Brain_Normal_Quality.mp4 HTTP/1.1" 200 29200 "http://10.10.84.19/openshot/" "Mozilla/5.0 (Windows NT 10.0; Win64; x64) AppleWebKit/537.36 (KHTML, like Gecko) Chrome/68.0.3440.106 Safari/537.36"
10.10.80.66 - - [14/Sep/2018:19:30:34 -0300] "GET /openshot/ HTTP/1.1" 200 1363 "-" "Mozilla/5.0 (Windows NT 10.0; Win64; x64) AppleWebKit/537.36 (KHTML, like Gecko) Chrome/68.0.3440.106 Safari/537.36"
10.10.80.66 - - [14/Sep/2018:19:30:34 -0300] "GET /icons/blank.gif HTTP/1.1" 200 431 "http://10.10.84.19/openshot/" "Mozilla/5.0 (Windows NT 10.0; Win64; x64) AppleWebKit/537.36 (KHTML, like Gecko) Chrome/68.0.3440.106 Safari/537.36"
10.10.80.66 - - [14/Sep/2018:19:30:34 -0300] "GET /icons/back.gif HTTP/1.1" 200 500 "http://10.10.84.19/openshot/" "Mozilla/5.0 (Windows NT 10.0; Win64; x64) AppleWebKit/537.36 (KHTML, like Gecko) Chrome/68.0.3440.106 Safari/537.36"
10.10.80.66 - - [14/Sep/2018:19:30:34 -0300] "GET /icons/movie.gif HTTP/1.1" 200 527 "http://10.10.84.19/openshot/" "Mozilla/5.0 (Windows NT 10.0; Win64; x64) AppleWebKit/537.36 (KHTML, like Gecko) Chrome/68.0.3440.106 Safari/537.36"
10.10.80.66 - - [14/Sep/2018:19:30:34 -0300] "GET /icons/layout.gif HTTP/1.1" 200 560 "http://10.10.84.19/openshot/" "Mozilla/5.0 (Windows NT 10.0; Win64; x64) AppleWebKit/537.36 (KHTML, like Gecko) Chrome/68.0.3440.106 Safari/537.36"
10.10.80.66 - - [14/Sep/2018:19:30:34 -0300] "GET /icons/folder.gif HTTP/1.1" 200 509 "http://10.10.84.19/openshot/" "Mozilla/5.0 (Windows NT 10.0; Win64; x64) AppleWebKit/537.36 (KHTML, like Gecko) Chrome/68.0.3440.106 Safari/537.36"
10.10.80.66 - - [14/Sep/2018:19:30:34 -0300] "GET /icons/sound2.gif HTTP/1.1" 200 504 "http://10.10.84.19/openshot/" "Mozilla/5.0 (Windows NT 10.0; Win64; x64) AppleWebKit/537.36 (KHTML, like Gecko) Chrome/68.0.3440.106 Safari/537.36"
10.10.85.17 - - [14/Sep/2018:19:30:34 -0300] "GET /openshot/audios/ HTTP/1.1" 200 1118 "http://10.10.84.19/openshot/" "Mozilla/5.0 (Windows NT 10.0; Win64; x64) AppleWebKit/537.36 (KHTML, like Gecko) Chrome/68.0.3440.106 Safari/537.36"
10.10.80.66 - - [14/Sep/2018:19:30:34 -0300] "GET /favicon.ico HTTP/1.1" 404 502 "http://10.10.84.19/openshot/" "Mozilla/5.0 (Windows NT 10.0; Win64; x64) AppleWebKit/537.36 (KHTML, like Gecko) Chrome/68.0.3440.106 Safari/537.36"
10.10.82.227 - - [14/Sep/2018:19:30:21 -0300] "GET /openshot/09%20Como%20extrair%20a%20polpa%20do%20Acai.mp4 HTTP/1.1" 206 5223880 "http://10.10.84.19/openshot/09%20Como%20extrair%20a%20polpa%20do%20Acai.mp4" "Mozilla/5.0 (Windows NT 10.0; Win64; x64) AppleWebKit/537.36 (KHTML, like Gecko) Chrome/68.0.3440.106 Safari/537.36"
10.10.82.227 - - [14/Sep/2018:19:30:36 -0300] "GET /openshot/10%20Como%20fazer%20acai%20caseiro%20do%20inicio%20ao%20fim.mp4 HTTP/1.1" 200 29200 "http://10.10.84.19/openshot/" "Mozilla/5.0 (Windows NT 10.0; Win64; x64) AppleWebKit/537.36 (KHTML, like Gecko) Chrome/68.0.3440.106 Safari/537.36"
10.10.80.66 - - [14/Sep/2018:19:30:36 -0300] "GET /openshot/09%20Como%20extrair%20a%20polpa%20do%20Acai.mp4 HTTP/1.1" 200 29200 "http://10.10.84.19/openshot/" "Mozilla/5.0 (Windows NT 10.0; Win64; x64) AppleWebKit/537.36 (KHTML, like Gecko) Chrome/68.0.3440.106 Safari/537.36"
10.10.82.227 - - [14/Sep/2018:19:30:36 -0300] "GET /openshot/10%20Como%20fazer%20acai%20caseiro%20do%20inicio%20ao%20fim.mp4 HTTP/1.1" 206 2254240 "http://10.10.84.19/openshot/10%20Como%20fazer%20acai%20caseiro%20do%20inicio%20ao%20fim.mp4" "Mozilla/5.0 (Windows NT 10.0; Win64; x64) AppleWebKit/537.36 (KHTML, like Gecko) Chrome/68.0.3440.106 Safari/537.36"
10.10.80.66 - - [14/Sep/2018:19:30:36 -0300] "GET /openshot/09%20Como%20extrair%20a%20polpa%20do%20Acai.mp4 HTTP/1.1" 206 2470320 "http://10.10.84.19/openshot/09%20Como%20extrair%20a%20polpa%20do%20Acai.mp4" "Mozilla/5.0 (Windows NT 10.0; Win64; x64) AppleWebKit/537.36 (KHTML, like Gecko) Chrome/68.0.3440.106 Safari/537.36"
10.10.82.227 - - [14/Sep/2018:19:30:43 -0300] "GET /openshot/11%20Como%20fazer%20um%20bolo%20de%20milho.mp4 HTTP/1.1" 200 29200 "http://10.10.84.19/openshot/" "Mozilla/5.0 (Windows NT 10.0; Win64; x64) AppleWebKit/537.36 (KHTML, like Gecko) Chrome/68.0.3440.106 Safari/537.36"
10.10.86.169 - - [14/Sep/2018:19:30:33 -0300] "GET /openshot/08%20Second_Brain_Normal_Quality.mp4 HTTP/1.1" 206 4092380 "http://10.10.84.19/openshot/08%20Second_Brain_Normal_Quality.mp4" "Mozilla/5.0 (Windows NT 10.0; Win64; x64) AppleWebKit/537.36 (KHTML, like Gecko) Chrome/68.0.3440.106 Safari/537.36"
10.10.85.17 - - [14/Sep/2018:19:30:46 -0300] "GET /openshot/audios/01%20Musica%20impactante%20para%20formaturas%20apresentacoes%20espetaculos%202.mp3 HTTP/1.1" 200 52560 "http://10.10.84.19/openshot/audios/" "Mozilla/5.0 (Windows NT 10.0; Win64; x64) AppleWebKit/537.36 (KHTML, like Gecko) Chrome/68.0.3440.106 Safari/537.36"
10.10.85.17 - - [14/Sep/2018:19:30:48 -0300] "GET /openshot/audios/02%20Musica%20impactante%20para%20formaturas%20apresentacoes%20espetaculos%203.mp3 HTTP/1.1" 200 52560 "http://10.10.84.19/openshot/audios/" "Mozilla/5.0 (Windows NT 10.0; Win64; x64) AppleWebKit/537.36 (KHTML, like Gecko) Chrome/68.0.3440.106 Safari/537.36"
10.10.82.227 - - [14/Sep/2018:19:30:43 -0300] "GET /openshot/11%20Como%20fazer%20um%20bolo%20de%20milho.mp4 HTTP/1.1" 206 1898000 "http://10.10.84.19/openshot/11%20Como%20fazer%20um%20bolo%20de%20milho.mp4" "Mozilla/5.0 (Windows NT 10.0; Win64; x64) AppleWebKit/537.36 (KHTML, like Gecko) Chrome/68.0.3440.106 Safari/537.36"
10.10.85.17 - - [14/Sep/2018:19:28:01 -0300] "GET /openshot/12%20Como%20fazer%20caldo%20de%20mocoto.mp4 HTTP/1.1" 200 46776253 "-" "Mozilla/5.0 (Windows NT 10.0; Win64; x64) AppleWebKit/537.36 (KHTML, like Gecko) Chrome/68.0.3440.106 Safari/537.36"
10.10.85.17 - - [14/Sep/2018:19:30:49 -0300] "GET /openshot/audios/03%20Musica%20impactante%20para%20formaturas%20apresentacoes%20espetaculos%204.mp3 HTTP/1.1" 200 84680 "http://10.10.84.19/openshot/audios/" "Mozilla/5.0 (Windows NT 10.0; Win64; x64) AppleWebKit/537.36 (KHTML, like Gecko) Chrome/68.0.3440.106 Safari/537.36"
10.10.85.17 - - [14/Sep/2018:19:30:51 -0300] "GET /openshot/audios/04%20Musicas%20para%20videos%20eventos%20teatro%20som%20de%20fundo%20by%20mesx%20wmv.mp3 HTTP/1.1" 200 75920 "http://10.10.84.19/openshot/audios/" "Mozilla/5.0 (Windows NT 10.0; Win64; x64) AppleWebKit/537.36 (KHTML, like Gecko) Chrome/68.0.3440.106 Safari/537.36"
10.10.82.227 - - [14/Sep/2018:19:30:51 -0300] "GET /openshot/12%20Como%20fazer%20caldo%20de%20mocoto.mp4 HTTP/1.1" 200 29200 "http://10.10.84.19/openshot/" "Mozilla/5.0 (Windows NT 10.0; Win64; x64) AppleWebKit/537.36 (KHTML, like Gecko) Chrome/68.0.3440.106 Safari/537.36"
10.10.86.169 - - [14/Sep/2018:19:29:29 -0300] "GET /openshot/09%20Como%20extrair%20a%20polpa%20do%20Acai.mp4 HTTP/1.1" 200 28253294 "-" "Mozilla/5.0 (Windows NT 10.0; Win64; x64) AppleWebKit/537.36 (KHTML, like Gecko) Chrome/68.0.3440.106 Safari/537.36"
10.10.86.169 - - [14/Sep/2018:19:30:52 -0300] "GET /openshot/07%20Second_Brain_High_Quality.mp4 HTTP/1.1" 200 37960 "http://10.10.84.19/openshot/" "Mozilla/5.0 (Windows NT 10.0; Win64; x64) AppleWebKit/537.36 (KHTML, like Gecko) Chrome/68.0.3440.106 Safari/537.36"
10.10.85.17 - - [14/Sep/2018:19:30:52 -0300] "GET /openshot/audios/05%20Som%20de%20Fundo%20para%20Videos.mp3 HTTP/1.1" 200 75920 "http://10.10.84.19/openshot/audios/" "Mozilla/5.0 (Windows NT 10.0; Win64; x64) AppleWebKit/537.36 (KHTML, like Gecko) Chrome/68.0.3440.106 Safari/537.36"
10.10.81.199 - - [14/Sep/2018:19:28:11 -0300] "GET /openshot/12%20Como%20fazer%20caldo%20de%20mocoto.mp4 HTTP/1.1" 200 46776253 "-" "Mozilla/5.0 (Windows NT 10.0; Win64; x64) AppleWebKit/537.36 (KHTML, like Gecko) Chrome/69.0.3497.92 Safari/537.36"
10.10.85.17 - - [14/Sep/2018:19:30:53 -0300] "GET /openshot/audios/06%20Tema%20de%20conquista%20e%20gloria%20Vangelis%20-%20The%20Conquest%20of%20Paradise.mp3 HTTP/1.1" 200 75920 "http://10.10.84.19/openshot/audios/" "Mozilla/5.0 (Windows NT 10.0; Win64; x64) AppleWebKit/537.36 (KHTML, like Gecko) Chrome/68.0.3440.106 Safari/537.36"
10.10.80.66 - - [14/Sep/2018:19:30:53 -0300] "GET /openshot/11%20Como%20fazer%20um%20bolo%20de%20milho.mp4 HTTP/1.1" 200 29200 "http://10.10.84.19/openshot/" "Mozilla/5.0 (Windows NT 10.0; Win64; x64) AppleWebKit/537.36 (KHTML, like Gecko) Chrome/68.0.3440.106 Safari/537.36"
10.10.85.17 - - [14/Sep/2018:19:30:55 -0300] "GET /openshot/audios/07%20Tema%20de%20vitoria%20e%20conquista%20Vangelis%20-%20The%20Chariots%20of%20Fire.mp3 HTTP/1.1" 200 64240 "http://10.10.84.19/openshot/audios/" "Mozilla/5.0 (Windows NT 10.0; Win64; x64) AppleWebKit/537.36 (KHTML, like Gecko) Chrome/68.0.3440.106 Safari/537.36"
10.10.82.227 - - [14/Sep/2018:19:30:51 -0300] "GET /openshot/12%20Como%20fazer%20caldo%20de%20mocoto.mp4 HTTP/1.1" 206 2108240 "http://10.10.84.19/openshot/12%20Como%20fazer%20caldo%20de%20mocoto.mp4" "Mozilla/5.0 (Windows NT 10.0; Win64; x64) AppleWebKit/537.36 (KHTML, like Gecko) Chrome/68.0.3440.106 Safari/537.36"
10.10.85.17 - - [14/Sep/2018:19:30:56 -0300] "GET /openshot/audios/08%20Tema%20de%20vitoria%20Queen%20-%20We%20Are%20The%20Champions.mp3 HTTP/1.1" 200 78840 "http://10.10.84.19/openshot/audios/" "Mozilla/5.0 (Windows NT 10.0; Win64; x64) AppleWebKit/537.36 (KHTML, like Gecko) Chrome/68.0.3440.106 Safari/537.36"
10.10.82.227 - - [14/Sep/2018:19:30:57 -0300] "GET /openshot/13%20Como%20fazer%20pao%20frances%20de%20padaria.mp4 HTTP/1.1" 200 29200 "http://10.10.84.19/openshot/" "Mozilla/5.0 (Windows NT 10.0; Win64; x64) AppleWebKit/537.36 (KHTML, like Gecko) Chrome/68.0.3440.106 Safari/537.36"
10.10.80.66 - - [14/Sep/2018:19:30:54 -0300] "GET /openshot/11%20Como%20fazer%20um%20bolo%20de%20milho.mp4 HTTP/1.1" 206 2260080 "http://10.10.84.19/openshot/11%20Como%20fazer%20um%20bolo%20de%20milho.mp4" "Mozilla/5.0 (Windows NT 10.0; Win64; x64) AppleWebKit/537.36 (KHTML, like Gecko) Chrome/68.0.3440.106 Safari/537.36"
10.10.80.66 - - [14/Sep/2018:19:31:00 -0300] "GET /openshot/12%20Como%20fazer%20caldo%20de%20mocoto.mp4 HTTP/1.1" 200 29200 "http://10.10.84.19/openshot/" "Mozilla/5.0 (Windows NT 10.0; Win64; x64) AppleWebKit/537.36 (KHTML, like Gecko) Chrome/68.0.3440.106 Safari/537.36"
10.10.86.169 - - [14/Sep/2018:19:30:52 -0300] "GET /openshot/08%20Second_Brain_Normal_Quality.mp4 HTTP/1.1" 200 2890800 "-" "Mozilla/5.0 (Windows NT 10.0; Win64; x64) AppleWebKit/537.36 (KHTML, like Gecko) Chrome/68.0.3440.106 Safari/537.36"
10.10.82.227 - - [14/Sep/2018:19:30:57 -0300] "GET /openshot/13%20Como%20fazer%20pao%20frances%20de%20padaria.mp4 HTTP/1.1" 206 2645520 "http://10.10.84.19/openshot/13%20Como%20fazer%20pao%20frances%20de%20padaria.mp4" "Mozilla/5.0 (Windows NT 10.0; Win64; x64) AppleWebKit/537.36 (KHTML, like Gecko) Chrome/68.0.3440.106 Safari/537.36"
10.10.86.169 - - [14/Sep/2018:19:30:46 -0300] "GET /openshot/08%20Second_Brain_Normal_Quality.mp4 HTTP/1.1" 200 8501366 "-" "Mozilla/5.0 (Windows NT 10.0; Win64; x64) AppleWebKit/537.36 (KHTML, like Gecko) Chrome/68.0.3440.106 Safari/537.36"
10.10.82.227 - - [14/Sep/2018:19:31:04 -0300] "GET /openshot/audios/ HTTP/1.1" 200 1119 "http://10.10.84.19/openshot/" "Mozilla/5.0 (Windows NT 10.0; Win64; x64) AppleWebKit/537.36 (KHTML, like Gecko) Chrome/68.0.3440.106 Safari/537.36"
10.10.80.66 - - [14/Sep/2018:19:31:00 -0300] "GET /openshot/12%20Como%20fazer%20caldo%20de%20mocoto.mp4 HTTP/1.1" 206 2760860 "http://10.10.84.19/openshot/12%20Como%20fazer%20caldo%20de%20mocoto.mp4" "Mozilla/5.0 (Windows NT 10.0; Win64; x64) AppleWebKit/537.36 (KHTML, like Gecko) Chrome/68.0.3440.106 Safari/537.36"
10.10.86.169 - - [14/Sep/2018:19:31:01 -0300] "GET /openshot/07%20Second_Brain_High_Quality.mp4 HTTP/1.1" 206 2327240 "http://10.10.84.19/openshot/07%20Second_Brain_High_Quality.mp4" "Mozilla/5.0 (Windows NT 10.0; Win64; x64) AppleWebKit/537.36 (KHTML, like Gecko) Chrome/68.0.3440.106 Safari/537.36"
10.10.82.227 - - [14/Sep/2018:19:31:08 -0300] "GET /openshot/audios/01%20Musica%20impactante%20para%20formaturas%20apresentacoes%20espetaculos%202.mp3 HTTP/1.1" 200 29200 "http://10.10.84.19/openshot/audios/" "Mozilla/5.0 (Windows NT 10.0; Win64; x64) AppleWebKit/537.36 (KHTML, like Gecko) Chrome/68.0.3440.106 Safari/537.36"
10.10.85.17 - - [14/Sep/2018:19:31:05 -0300] "GET /openshot/audios/01%20Musica%20impactante%20para%20formaturas%20apresentacoes%20espetaculos%202.mp3 HTTP/1.1" 206 1442480 "http://10.10.84.19/openshot/audios/01%20Musica%20impactante%20para%20formaturas%20apresentacoes%20espetaculos%202.mp3" "Mozilla/5.0 (Windows NT 10.0; Win64; x64) AppleWebKit/537.36 (KHTML, like Gecko) Chrome/68.0.3440.106 Safari/537.36"
10.10.80.66 - - [14/Sep/2018:19:31:09 -0300] "GET /openshot/13%20Como%20fazer%20pao%20frances%20de%20padaria.mp4 HTTP/1.1" 200 29200 "http://10.10.84.19/openshot/" "Mozilla/5.0 (Windows NT 10.0; Win64; x64) AppleWebKit/537.36 (KHTML, like Gecko) Chrome/68.0.3440.106 Safari/537.36"
10.10.85.17 - - [14/Sep/2018:19:31:09 -0300] "GET /openshot/audios/02%20Musica%20impactante%20para%20formaturas%20apresentacoes%20espetaculos%203.mp3 HTTP/1.1" 206 1010320 "http://10.10.84.19/openshot/audios/02%20Musica%20impactante%20para%20formaturas%20apresentacoes%20espetaculos%203.mp3" "Mozilla/5.0 (Windows NT 10.0; Win64; x64) AppleWebKit/537.36 (KHTML, like Gecko) Chrome/68.0.3440.106 Safari/537.36"
10.10.85.17 - - [14/Sep/2018:19:31:07 -0300] "GET /openshot/audios/01%20Musica%20impactante%20para%20formaturas%20apresentacoes%20espetaculos%202.mp3 HTTP/1.1" 200 1843286 "-" "Mozilla/5.0 (Windows NT 10.0; Win64; x64) AppleWebKit/537.36 (KHTML, like Gecko) Chrome/68.0.3440.106 Safari/537.36"
10.10.82.227 - - [14/Sep/2018:19:31:08 -0300] "GET /openshot/audios/01%20Musica%20impactante%20para%20formaturas%20apresentacoes%20espetaculos%202.mp3 HTTP/1.1" 206 1843339 "http://10.10.84.19/openshot/audios/01%20Musica%20impactante%20para%20formaturas%20apresentacoes%20espetaculos%202.mp3" "Mozilla/5.0 (Windows NT 10.0; Win64; x64) AppleWebKit/537.36 (KHTML, like Gecko) Chrome/68.0.3440.106 Safari/537.36"
10.10.87.25 - - [14/Sep/2018:19:31:15 -0300] "GET /openshot HTTP/1.1" 301 578 "-" "Mozilla/5.0 (Windows NT 10.0; Win64; x64) AppleWebKit/537.36 (KHTML, like Gecko) Chrome/68.0.3440.106 Safari/537.36"
10.10.87.25 - - [14/Sep/2018:19:31:15 -0300] "GET /openshot/ HTTP/1.1" 200 1362 "-" "Mozilla/5.0 (Windows NT 10.0; Win64; x64) AppleWebKit/537.36 (KHTML, like Gecko) Chrome/68.0.3440.106 Safari/537.36"
10.10.87.25 - - [14/Sep/2018:19:31:15 -0300] "GET /icons/blank.gif HTTP/1.1" 200 431 "http://10.10.84.19/openshot/" "Mozilla/5.0 (Windows NT 10.0; Win64; x64) AppleWebKit/537.36 (KHTML, like Gecko) Chrome/68.0.3440.106 Safari/537.36"
10.10.87.25 - - [14/Sep/2018:19:31:15 -0300] "GET /icons/back.gif HTTP/1.1" 200 500 "http://10.10.84.19/openshot/" "Mozilla/5.0 (Windows NT 10.0; Win64; x64) AppleWebKit/537.36 (KHTML, like Gecko) Chrome/68.0.3440.106 Safari/537.36"
10.10.87.25 - - [14/Sep/2018:19:31:15 -0300] "GET /icons/movie.gif HTTP/1.1" 200 526 "http://10.10.84.19/openshot/" "Mozilla/5.0 (Windows NT 10.0; Win64; x64) AppleWebKit/537.36 (KHTML, like Gecko) Chrome/68.0.3440.106 Safari/537.36"
10.10.87.25 - - [14/Sep/2018:19:31:15 -0300] "GET /icons/sound2.gif HTTP/1.1" 200 505 "http://10.10.84.19/openshot/" "Mozilla/5.0 (Windows NT 10.0; Win64; x64) AppleWebKit/537.36 (KHTML, like Gecko) Chrome/68.0.3440.106 Safari/537.36"
10.10.87.25 - - [14/Sep/2018:19:31:15 -0300] "GET /icons/layout.gif HTTP/1.1" 200 561 "http://10.10.84.19/openshot/" "Mozilla/5.0 (Windows NT 10.0; Win64; x64) AppleWebKit/537.36 (KHTML, like Gecko) Chrome/68.0.3440.106 Safari/537.36"
10.10.87.25 - - [14/Sep/2018:19:31:15 -0300] "GET /icons/folder.gif HTTP/1.1" 200 509 "http://10.10.84.19/openshot/" "Mozilla/5.0 (Windows NT 10.0; Win64; x64) AppleWebKit/537.36 (KHTML, like Gecko) Chrome/68.0.3440.106 Safari/537.36"
10.10.87.25 - - [14/Sep/2018:19:31:15 -0300] "GET /favicon.ico HTTP/1.1" 404 502 "http://10.10.84.19/openshot/" "Mozilla/5.0 (Windows NT 10.0; Win64; x64) AppleWebKit/537.36 (KHTML, like Gecko) Chrome/68.0.3440.106 Safari/537.36"
10.10.85.17 - - [14/Sep/2018:19:31:12 -0300] "GET /openshot/audios/03%20Musica%20impactante%20para%20formaturas%20apresentacoes%20espetaculos%204.mp3 HTTP/1.1" 206 963600 "http://10.10.84.19/openshot/audios/03%20Musica%20impactante%20para%20formaturas%20apresentacoes%20espetaculos%204.mp3" "Mozilla/5.0 (Windows NT 10.0; Win64; x64) AppleWebKit/537.36 (KHTML, like Gecko) Chrome/68.0.3440.106 Safari/537.36"
10.10.85.17 - - [14/Sep/2018:19:31:16 -0300] "GET /openshot/audios/04%20Musicas%20para%20videos%20eventos%20teatro%20som%20de%20fundo%20by%20mesx%20wmv.mp3 HTTP/1.1" 206 659920 "http://10.10.84.19/openshot/audios/04%20Musicas%20para%20videos%20eventos%20teatro%20som%20de%20fundo%20by%20mesx%20wmv.mp3" "Mozilla/5.0 (Windows NT 10.0; Win64; x64) AppleWebKit/537.36 (KHTML, like Gecko) Chrome/68.0.3440.106 Safari/537.36"
10.10.80.66 - - [14/Sep/2018:19:31:09 -0300] "GET /openshot/13%20Como%20fazer%20pao%20frances%20de%20padaria.mp4 HTTP/1.1" 206 2549160 "http://10.10.84.19/openshot/13%20Como%20fazer%20pao%20frances%20de%20padaria.mp4" "Mozilla/5.0 (Windows NT 10.0; Win64; x64) AppleWebKit/537.36 (KHTML, like Gecko) Chrome/68.0.3440.106 Safari/537.36"
10.10.86.169 - - [14/Sep/2018:19:31:08 -0300] "GET /openshot/06%20Manual%20do%20OpenShot.pdf HTTP/1.1" 200 2941522 "http://10.10.84.19/openshot/" "Mozilla/5.0 (Windows NT 10.0; Win64; x64) AppleWebKit/537.36 (KHTML, like Gecko) Chrome/68.0.3440.106 Safari/537.36"
10.10.80.66 - - [14/Sep/2018:19:31:21 -0300] "GET /openshot/14%20Mouse%20Clicks.wav HTTP/1.1" 200 29200 "http://10.10.84.19/openshot/" "Mozilla/5.0 (Windows NT 10.0; Win64; x64) AppleWebKit/537.36 (KHTML, like Gecko) Chrome/68.0.3440.106 Safari/537.36"
10.10.82.227 - - [14/Sep/2018:19:31:15 -0300] "GET /openshot/audios/01%20Musica%20impactante%20para%20formaturas%20apresentacoes%20espetaculos%202.mp3 HTTP/1.1" 200 1843285 "-" "Mozilla/5.0 (Windows NT 10.0; Win64; x64) AppleWebKit/537.36 (KHTML, like Gecko) Chrome/68.0.3440.106 Safari/537.36"
10.10.87.25 - - [14/Sep/2018:19:31:23 -0300] "GET /openshot/09%20Como%20extrair%20a%20polpa%20do%20Acai.mp4 HTTP/1.1" 200 40880 "http://10.10.84.19/openshot/" "Mozilla/5.0 (Windows NT 10.0; Win64; x64) AppleWebKit/537.36 (KHTML, like Gecko) Chrome/68.0.3440.106 Safari/537.36"
10.10.82.227 - - [14/Sep/2018:19:31:23 -0300] "GET /openshot/audios/02%20Musica%20impactante%20para%20formaturas%20apresentacoes%20espetaculos%203.mp3 HTTP/1.1" 200 29200 "http://10.10.84.19/openshot/audios/" "Mozilla/5.0 (Windows NT 10.0; Win64; x64) AppleWebKit/537.36 (KHTML, like Gecko) Chrome/68.0.3440.106 Safari/537.36"
10.10.85.17 - - [14/Sep/2018:19:31:15 -0300] "GET /openshot/audios/03%20Musica%20impactante%20para%20formaturas%20apresentacoes%20espetaculos%204.mp3 HTTP/1.1" 200 2034710 "-" "Mozilla/5.0 (Windows NT 10.0; Win64; x64) AppleWebKit/537.36 (KHTML, like Gecko) Chrome/68.0.3440.106 Safari/537.36"
10.10.80.66 - - [14/Sep/2018:19:31:21 -0300] "GET /openshot/14%20Mouse%20Clicks.wav HTTP/1.1" 206 1197200 "http://10.10.84.19/openshot/14%20Mouse%20Clicks.wav" "Mozilla/5.0 (Windows NT 10.0; Win64; x64) AppleWebKit/537.36 (KHTML, like Gecko) Chrome/68.0.3440.106 Safari/537.36"
10.10.87.25 - - [14/Sep/2018:19:31:23 -0300] "GET /openshot/09%20Como%20extrair%20a%20polpa%20do%20Acai.mp4 HTTP/1.1" 206 846800 "http://10.10.84.19/openshot/09%20Como%20extrair%20a%20polpa%20do%20Acai.mp4" "Mozilla/5.0 (Windows NT 10.0; Win64; x64) AppleWebKit/537.36 (KHTML, like Gecko) Chrome/68.0.3440.106 Safari/537.36"
::1 - - [14/Sep/2018:19:31:28 -0300] "OPTIONS * HTTP/1.0" 200 126 "-" "Apache/2.4.29 (Ubuntu) (internal dummy connection)"
10.10.86.169 - - [14/Sep/2018:19:31:28 -0300] "GET /openshot/05%20Musicas%20Cancoes%20Dublado%20Portugues%20Brasil.mp3 HTTP/1.1" 200 29200 "http://10.10.84.19/openshot/" "Mozilla/5.0 (Windows NT 10.0; Win64; x64) AppleWebKit/537.36 (KHTML, like Gecko) Chrome/68.0.3440.106 Safari/537.36"
10.10.80.66 - - [14/Sep/2018:19:31:28 -0300] "GET /openshot/audios/ HTTP/1.1" 200 1119 "http://10.10.84.19/openshot/" "Mozilla/5.0 (Windows NT 10.0; Win64; x64) AppleWebKit/537.36 (KHTML, like Gecko) Chrome/68.0.3440.106 Safari/537.36"
10.10.82.227 - - [14/Sep/2018:19:31:24 -0300] "GET /openshot/audios/02%20Musica%20impactante%20para%20formaturas%20apresentacoes%20espetaculos%203.mp3 HTTP/1.1" 206 1057040 "http://10.10.84.19/openshot/audios/02%20Musica%20impactante%20para%20formaturas%20apresentacoes%20espetaculos%203.mp3" "Mozilla/5.0 (Windows NT 10.0; Win64; x64) AppleWebKit/537.36 (KHTML, like Gecko) Chrome/68.0.3440.106 Safari/537.36"
10.10.87.25 - - [14/Sep/2018:19:31:29 -0300] "GET /openshot/10%20Como%20fazer%20acai%20caseiro%20do%20inicio%20ao%20fim.mp4 HTTP/1.1" 200 29200 "http://10.10.84.19/openshot/" "Mozilla/5.0 (Windows NT 10.0; Win64; x64) AppleWebKit/537.36 (KHTML, like Gecko) Chrome/68.0.3440.106 Safari/537.36"
10.10.85.17 - - [14/Sep/2018:19:31:19 -0300] "GET /openshot/audios/05%20Som%20de%20Fundo%20para%20Videos.mp3 HTTP/1.1" 206 2090720 "http://10.10.84.19/openshot/audios/05%20Som%20de%20Fundo%20para%20Videos.mp3" "Mozilla/5.0 (Windows NT 10.0; Win64; x64) AppleWebKit/537.36 (KHTML, like Gecko) Chrome/68.0.3440.106 Safari/537.36"
10.10.85.17 - - [14/Sep/2018:19:31:11 -0300] "GET /openshot/audios/02%20Musica%20impactante%20para%20formaturas%20apresentacoes%20espetaculos%203.mp3 HTTP/1.1" 200 4083129 "-" "Mozilla/5.0 (Windows NT 10.0; Win64; x64) AppleWebKit/537.36 (KHTML, like Gecko) Chrome/68.0.3440.106 Safari/537.36"
10.10.80.66 - - [14/Sep/2018:19:31:31 -0300] "GET /openshot/audios/01%20Musica%20impactante%20para%20formaturas%20apresentacoes%20espetaculos%202.mp3 HTTP/1.1" 200 29200 "http://10.10.84.19/openshot/audios/" "Mozilla/5.0 (Windows NT 10.0; Win64; x64) AppleWebKit/537.36 (KHTML, like Gecko) Chrome/68.0.3440.106 Safari/537.36"
10.10.87.25 - - [14/Sep/2018:19:31:30 -0300] "GET /openshot/10%20Como%20fazer%20acai%20caseiro%20do%20inicio%20ao%20fim.mp4 HTTP/1.1" 206 1489200 "http://10.10.84.19/openshot/10%20Como%20fazer%20acai%20caseiro%20do%20inicio%20ao%20fim.mp4" "Mozilla/5.0 (Windows NT 10.0; Win64; x64) AppleWebKit/537.36 (KHTML, like Gecko) Chrome/68.0.3440.106 Safari/537.36"
10.10.86.169 - - [14/Sep/2018:19:31:28 -0300] "GET /openshot/05%20Musicas%20Cancoes%20Dublado%20Portugues%20Brasil.mp3 HTTP/1.1" 206 1816240 "http://10.10.84.19/openshot/05%20Musicas%20Cancoes%20Dublado%20Portugues%20Brasil.mp3" "Mozilla/5.0 (Windows NT 10.0; Win64; x64) AppleWebKit/537.36 (KHTML, like Gecko) Chrome/68.0.3440.106 Safari/537.36"
10.10.87.25 - - [14/Sep/2018:19:31:37 -0300] "GET /openshot/11%20Como%20fazer%20um%20bolo%20de%20milho.mp4 HTTP/1.1" 200 29200 "http://10.10.84.19/openshot/" "Mozilla/5.0 (Windows NT 10.0; Win64; x64) AppleWebKit/537.36 (KHTML, like Gecko) Chrome/68.0.3440.106 Safari/537.36"
10.10.80.66 - - [14/Sep/2018:19:31:31 -0300] "GET /openshot/audios/01%20Musica%20impactante%20para%20formaturas%20apresentacoes%20espetaculos%202.mp3 HTTP/1.1" 206 1711120 "http://10.10.84.19/openshot/audios/01%20Musica%20impactante%20para%20formaturas%20apresentacoes%20espetaculos%202.mp3" "Mozilla/5.0 (Windows NT 10.0; Win64; x64) AppleWebKit/537.36 (KHTML, like Gecko) Chrome/68.0.3440.106 Safari/537.36"
10.10.80.66 - - [14/Sep/2018:19:31:40 -0300] "GET /openshot/audios/02%20Musica%20impactante%20para%20formaturas%20apresentacoes%20espetaculos%203.mp3 HTTP/1.1" 200 29200 "http://10.10.84.19/openshot/audios/" "Mozilla/5.0 (Windows NT 10.0; Win64; x64) AppleWebKit/537.36 (KHTML, like Gecko) Chrome/68.0.3440.106 Safari/537.36"
10.10.87.25 - - [14/Sep/2018:19:31:37 -0300] "GET /openshot/11%20Como%20fazer%20um%20bolo%20de%20milho.mp4 HTTP/1.1" 206 765040 "http://10.10.84.19/openshot/11%20Como%20fazer%20um%20bolo%20de%20milho.mp4" "Mozilla/5.0 (Windows NT 10.0; Win64; x64) AppleWebKit/537.36 (KHTML, like Gecko) Chrome/68.0.3440.106 Safari/537.36"
10.10.87.25 - - [14/Sep/2018:19:31:42 -0300] "GET /openshot/12%20Como%20fazer%20caldo%20de%20mocoto.mp4 HTTP/1.1" 200 29200 "http://10.10.84.19/openshot/" "Mozilla/5.0 (Windows NT 10.0; Win64; x64) AppleWebKit/537.36 (KHTML, like Gecko) Chrome/68.0.3440.106 Safari/537.36"
10.10.80.66 - - [14/Sep/2018:19:31:35 -0300] "GET /openshot/audios/01%20Musica%20impactante%20para%20formaturas%20apresentacoes%20espetaculos%202.mp3 HTTP/1.1" 200 1843286 "-" "Mozilla/5.0 (Windows NT 10.0; Win64; x64) AppleWebKit/537.36 (KHTML, like Gecko) Chrome/68.0.3440.106 Safari/537.36"
10.10.87.25 - - [14/Sep/2018:19:31:42 -0300] "GET /openshot/12%20Como%20fazer%20caldo%20de%20mocoto.mp4 HTTP/1.1" 206 800080 "http://10.10.84.19/openshot/12%20Como%20fazer%20caldo%20de%20mocoto.mp4" "Mozilla/5.0 (Windows NT 10.0; Win64; x64) AppleWebKit/537.36 (KHTML, like Gecko) Chrome/68.0.3440.106 Safari/537.36"
10.10.85.17 - - [14/Sep/2018:19:31:18 -0300] "GET /openshot/audios/04%20Musicas%20para%20videos%20eventos%20teatro%20som%20de%20fundo%20by%20mesx%20wmv.mp3 HTTP/1.1" 200 5891218 "-" "Mozilla/5.0 (Windows NT 10.0; Win64; x64) AppleWebKit/537.36 (KHTML, like Gecko) Chrome/68.0.3440.106 Safari/537.36"
10.10.80.66 - - [14/Sep/2018:19:31:40 -0300] "GET /openshot/audios/02%20Musica%20impactante%20para%20formaturas%20apresentacoes%20espetaculos%203.mp3 HTTP/1.1" 206 1417660 "http://10.10.84.19/openshot/audios/02%20Musica%20impactante%20para%20formaturas%20apresentacoes%20espetaculos%203.mp3" "Mozilla/5.0 (Windows NT 10.0; Win64; x64) AppleWebKit/537.36 (KHTML, like Gecko) Chrome/68.0.3440.106 Safari/537.36"
10.10.87.25 - - [14/Sep/2018:19:31:46 -0300] "GET /openshot/13%20Como%20fazer%20pao%20frances%20de%20padaria.mp4 HTTP/1.1" 200 29200 "http://10.10.84.19/openshot/" "Mozilla/5.0 (Windows NT 10.0; Win64; x64) AppleWebKit/537.36 (KHTML, like Gecko) Chrome/68.0.3440.106 Safari/537.36"
10.10.82.227 - - [14/Sep/2018:19:31:29 -0300] "GET /openshot/audios/02%20Musica%20impactante%20para%20formaturas%20apresentacoes%20espetaculos%203.mp3 HTTP/1.1" 200 4083129 "-" "Mozilla/5.0 (Windows NT 10.0; Win64; x64) AppleWebKit/537.36 (KHTML, like Gecko) Chrome/68.0.3440.106 Safari/537.36"
10.10.82.227 - - [14/Sep/2018:19:31:46 -0300] "GET /openshot/audios/03%20Musica%20impactante%20para%20formaturas%20apresentacoes%20espetaculos%204.mp3 HTTP/1.1" 200 29200 "http://10.10.84.19/openshot/audios/" "Mozilla/5.0 (Windows NT 10.0; Win64; x64) AppleWebKit/537.36 (KHTML, like Gecko) Chrome/68.0.3440.106 Safari/537.36"
10.10.80.66 - - [14/Sep/2018:19:31:46 -0300] "GET /openshot/audios/03%20Musica%20impactante%20para%20formaturas%20apresentacoes%20espetaculos%204.mp3 HTTP/1.1" 200 29200 "http://10.10.84.19/openshot/audios/" "Mozilla/5.0 (Windows NT 10.0; Win64; x64) AppleWebKit/537.36 (KHTML, like Gecko) Chrome/68.0.3440.106 Safari/537.36"
10.10.86.169 - - [14/Sep/2018:19:29:57 -0300] "GET /openshot/11%20Como%20fazer%20um%20bolo%20de%20milho.mp4 HTTP/1.1" 200 37267485 "-" "Mozilla/5.0 (Windows NT 10.0; Win64; x64) AppleWebKit/537.36 (KHTML, like Gecko) Chrome/68.0.3440.106 Safari/537.36"
10.10.86.169 - - [14/Sep/2018:19:31:47 -0300] "GET /openshot/04%20Picolino%20-%20Cachorro%20Frio.mp4 HTTP/1.1" 200 37960 "http://10.10.84.19/openshot/" "Mozilla/5.0 (Windows NT 10.0; Win64; x64) AppleWebKit/537.36 (KHTML, like Gecko) Chrome/68.0.3440.106 Safari/537.36"
