10.10.81.199 - - [14/Sep/2018:19:22:50 -0300] "GET / HTTP/1.1" 200 1223 "-" "Mozilla/5.0 (Windows NT 10.0; Win64; x64) AppleWebKit/537.36 (KHTML, like Gecko) Chrome/69.0.3497.92 Safari/537.36"
10.10.81.199 - - [14/Sep/2018:19:22:50 -0300] "GET /icons/binary.gif HTTP/1.1" 200 530 "http://10.10.84.19/" "Mozilla/5.0 (Windows NT 10.0; Win64; x64) AppleWebKit/537.36 (KHTML, like Gecko) Chrome/69.0.3497.92 Safari/537.36"
10.10.81.199 - - [14/Sep/2018:19:22:50 -0300] "GET /icons/text.gif HTTP/1.1" 200 513 "http://10.10.84.19/" "Mozilla/5.0 (Windows NT 10.0; Win64; x64) AppleWebKit/537.36 (KHTML, like Gecko) Chrome/69.0.3497.92 Safari/537.36"
10.10.81.199 - - [14/Sep/2018:19:22:50 -0300] "GET /icons/unknown.gif HTTP/1.1" 200 529 "http://10.10.84.19/" "Mozilla/5.0 (Windows NT 10.0; Win64; x64) AppleWebKit/537.36 (KHTML, like Gecko) Chrome/69.0.3497.92 Safari/537.36"
10.10.81.199 - - [14/Sep/2018:19:22:50 -0300] "GET /icons/layout.gif HTTP/1.1" 200 561 "http://10.10.84.19/" "Mozilla/5.0 (Windows NT 10.0; Win64; x64) AppleWebKit/537.36 (KHTML, like Gecko) Chrome/69.0.3497.92 Safari/537.36"
10.10.81.199 - - [14/Sep/2018:19:22:50 -0300] "GET /icons/blank.gif HTTP/1.1" 200 431 "http://10.10.84.19/" "Mozilla/5.0 (Windows NT 10.0; Win64; x64) AppleWebKit/537.36 (KHTML, like Gecko) Chrome/69.0.3497.92 Safari/537.36"
10.10.81.199 - - [14/Sep/2018:19:22:50 -0300] "GET /icons/folder.gif HTTP/1.1" 200 508 "http://10.10.84.19/" "Mozilla/5.0 (Windows NT 10.0; Win64; x64) AppleWebKit/537.36 (KHTML, like Gecko) Chrome/69.0.3497.92 Safari/537.36"
10.10.81.199 - - [14/Sep/2018:19:22:51 -0300] "GET /icons/compressed.gif HTTP/1.1" 200 1324 "http://10.10.84.19/" "Mozilla/5.0 (Windows NT 10.0; Win64; x64) AppleWebKit/537.36 (KHTML, like Gecko) Chrome/69.0.3497.92 Safari/537.36"
10.10.81.199 - - [14/Sep/2018:19:22:51 -0300] "GET /favicon.ico HTTP/1.1" 404 502 "http://10.10.84.19/" "Mozilla/5.0 (Windows NT 10.0; Win64; x64) AppleWebKit/537.36 (KHTML, like Gecko) Chrome/69.0.3497.92 Safari/537.36"
10.10.81.199 - - [14/Sep/2018:19:22:55 -0300] "GET /OpenShot-v2.4.0-x86_64.exe HTTP/1.1" 403 528 "http://10.10.84.19/" "Mozilla/5.0 (Windows NT 10.0; Win64; x64) AppleWebKit/537.36 (KHTML, like Gecko) Chrome/69.0.3497.92 Safari/537.36"
10.10.84.19 - - [14/Sep/2018:19:22:58 -0300] "GET / HTTP/1.1" 200 1223 "-" "Mozilla/5.0 (X11; Linux x86_64) AppleWebKit/537.36 (KHTML, like Gecko) Chrome/65.0.3325.146 Safari/537.36"
10.10.84.19 - - [14/Sep/2018:19:22:58 -0300] "GET /icons/blank.gif HTTP/1.1" 200 431 "http://10.10.84.19/" "Mozilla/5.0 (X11; Linux x86_64) AppleWebKit/537.36 (KHTML, like Gecko) Chrome/65.0.3325.146 Safari/537.36"
10.10.84.19 - - [14/Sep/2018:19:22:58 -0300] "GET /icons/binary.gif HTTP/1.1" 200 529 "http://10.10.84.19/" "Mozilla/5.0 (X11; Linux x86_64) AppleWebKit/537.36 (KHTML, like Gecko) Chrome/65.0.3325.146 Safari/537.36"
10.10.84.19 - - [14/Sep/2018:19:22:58 -0300] "GET /icons/unknown.gif HTTP/1.1" 200 528 "http://10.10.84.19/" "Mozilla/5.0 (X11; Linux x86_64) AppleWebKit/537.36 (KHTML, like Gecko) Chrome/65.0.3325.146 Safari/537.36"
10.10.84.19 - - [14/Sep/2018:19:22:58 -0300] "GET /icons/layout.gif HTTP/1.1" 200 560 "http://10.10.84.19/" "Mozilla/5.0 (X11; Linux x86_64) AppleWebKit/537.36 (KHTML, like Gecko) Chrome/65.0.3325.146 Safari/537.36"
10.10.84.19 - - [14/Sep/2018:19:22:58 -0300] "GET /icons/text.gif HTTP/1.1" 200 512 "http://10.10.84.19/" "Mozilla/5.0 (X11; Linux x86_64) AppleWebKit/537.36 (KHTML, like Gecko) Chrome/65.0.3325.146 Safari/537.36"
10.10.84.19 - - [14/Sep/2018:19:22:58 -0300] "GET /icons/compressed.gif HTTP/1.1" 200 1324 "http://10.10.84.19/" "Mozilla/5.0 (X11; Linux x86_64) AppleWebKit/537.36 (KHTML, like Gecko) Chrome/65.0.3325.146 Safari/537.36"
10.10.84.19 - - [14/Sep/2018:19:22:58 -0300] "GET /icons/folder.gif HTTP/1.1" 200 509 "http://10.10.84.19/" "Mozilla/5.0 (X11; Linux x86_64) AppleWebKit/537.36 (KHTML, like Gecko) Chrome/65.0.3325.146 Safari/537.36"
10.10.84.19 - - [14/Sep/2018:19:22:58 -0300] "GET /favicon.ico HTTP/1.1" 404 502 "http://10.10.84.19/" "Mozilla/5.0 (X11; Linux x86_64) AppleWebKit/537.36 (KHTML, like Gecko) Chrome/65.0.3325.146 Safari/537.36"
10.10.84.19 - - [14/Sep/2018:19:23:02 -0300] "GET /openshot/ HTTP/1.1" 200 1362 "http://10.10.84.19/" "Mozilla/5.0 (X11; Linux x86_64) AppleWebKit/537.36 (KHTML, like Gecko) Chrome/65.0.3325.146 Safari/537.36"
10.10.85.17 - - [14/Sep/2018:19:23:02 -0300] "GET / HTTP/1.1" 200 1223 "-" "Mozilla/5.0 (Windows NT 10.0; Win64; x64) AppleWebKit/537.36 (KHTML, like Gecko) Chrome/68.0.3440.106 Safari/537.36"
10.10.84.19 - - [14/Sep/2018:19:23:02 -0300] "GET /icons/movie.gif HTTP/1.1" 200 526 "http://10.10.84.19/openshot/" "Mozilla/5.0 (X11; Linux x86_64) AppleWebKit/537.36 (KHTML, like Gecko) Chrome/65.0.3325.146 Safari/537.36"
10.10.84.19 - - [14/Sep/2018:19:23:02 -0300] "GET /icons/back.gif HTTP/1.1" 200 499 "http://10.10.84.19/openshot/" "Mozilla/5.0 (X11; Linux x86_64) AppleWebKit/537.36 (KHTML, like Gecko) Chrome/65.0.3325.146 Safari/537.36"
10.10.84.19 - - [14/Sep/2018:19:23:02 -0300] "GET /icons/sound2.gif HTTP/1.1" 200 504 "http://10.10.84.19/openshot/" "Mozilla/5.0 (X11; Linux x86_64) AppleWebKit/537.36 (KHTML, like Gecko) Chrome/65.0.3325.146 Safari/537.36"
10.10.85.17 - - [14/Sep/2018:19:23:03 -0300] "GET /icons/blank.gif HTTP/1.1" 200 431 "http://10.10.84.19/" "Mozilla/5.0 (Windows NT 10.0; Win64; x64) AppleWebKit/537.36 (KHTML, like Gecko) Chrome/68.0.3440.106 Safari/537.36"
10.10.85.17 - - [14/Sep/2018:19:23:03 -0300] "GET /icons/binary.gif HTTP/1.1" 200 529 "http://10.10.84.19/" "Mozilla/5.0 (Windows NT 10.0; Win64; x64) AppleWebKit/537.36 (KHTML, like Gecko) Chrome/68.0.3440.106 Safari/537.36"
10.10.85.17 - - [14/Sep/2018:19:23:03 -0300] "GET /icons/unknown.gif HTTP/1.1" 200 529 "http://10.10.84.19/" "Mozilla/5.0 (Windows NT 10.0; Win64; x64) AppleWebKit/537.36 (KHTML, like Gecko) Chrome/68.0.3440.106 Safari/537.36"
10.10.85.17 - - [14/Sep/2018:19:23:03 -0300] "GET /icons/text.gif HTTP/1.1" 200 513 "http://10.10.84.19/" "Mozilla/5.0 (Windows NT 10.0; Win64; x64) AppleWebKit/537.36 (KHTML, like Gecko) Chrome/68.0.3440.106 Safari/537.36"
10.10.85.17 - - [14/Sep/2018:19:23:03 -0300] "GET /icons/layout.gif HTTP/1.1" 200 561 "http://10.10.84.19/" "Mozilla/5.0 (Windows NT 10.0; Win64; x64) AppleWebKit/537.36 (KHTML, like Gecko) Chrome/68.0.3440.106 Safari/537.36"
10.10.85.17 - - [14/Sep/2018:19:23:03 -0300] "GET /icons/folder.gif HTTP/1.1" 200 508 "http://10.10.84.19/" "Mozilla/5.0 (Windows NT 10.0; Win64; x64) AppleWebKit/537.36 (KHTML, like Gecko) Chrome/68.0.3440.106 Safari/537.36"
10.10.85.17 - - [14/Sep/2018:19:23:03 -0300] "GET /icons/compressed.gif HTTP/1.1" 200 1324 "http://10.10.84.19/" "Mozilla/5.0 (Windows NT 10.0; Win64; x64) AppleWebKit/537.36 (KHTML, like Gecko) Chrome/68.0.3440.106 Safari/537.36"
10.10.85.17 - - [14/Sep/2018:19:23:03 -0300] "GET /favicon.ico HTTP/1.1" 404 502 "http://10.10.84.19/" "Mozilla/5.0 (Windows NT 10.0; Win64; x64) AppleWebKit/537.36 (KHTML, like Gecko) Chrome/68.0.3440.106 Safari/537.36"
10.10.85.17 - - [14/Sep/2018:19:23:06 -0300] "GET /openshot/ HTTP/1.1" 200 1362 "http://10.10.84.19/" "Mozilla/5.0 (Windows NT 10.0; Win64; x64) AppleWebKit/537.36 (KHTML, like Gecko) Chrome/68.0.3440.106 Safari/537.36"
10.10.85.17 - - [14/Sep/2018:19:23:06 -0300] "GET /icons/back.gif HTTP/1.1" 200 499 "http://10.10.84.19/openshot/" "Mozilla/5.0 (Windows NT 10.0; Win64; x64) AppleWebKit/537.36 (KHTML, like Gecko) Chrome/68.0.3440.106 Safari/537.36"
10.10.85.17 - - [14/Sep/2018:19:23:06 -0300] "GET /icons/movie.gif HTTP/1.1" 200 526 "http://10.10.84.19/openshot/" "Mozilla/5.0 (Windows NT 10.0; Win64; x64) AppleWebKit/537.36 (KHTML, like Gecko) Chrome/68.0.3440.106 Safari/537.36"
10.10.85.17 - - [14/Sep/2018:19:23:06 -0300] "GET /icons/sound2.gif HTTP/1.1" 200 504 "http://10.10.84.19/openshot/" "Mozilla/5.0 (Windows NT 10.0; Win64; x64) AppleWebKit/537.36 (KHTML, like Gecko) Chrome/68.0.3440.106 Safari/537.36"
::1 - - [14/Sep/2018:19:23:13 -0300] "OPTIONS * HTTP/1.0" 200 126 "-" "Apache/2.4.29 (Ubuntu) (internal dummy connection)"
::1 - - [14/Sep/2018:19:23:14 -0300] "OPTIONS * HTTP/1.0" 200 126 "-" "Apache/2.4.29 (Ubuntu) (internal dummy connection)"
::1 - - [14/Sep/2018:19:23:15 -0300] "OPTIONS * HTTP/1.0" 200 126 "-" "Apache/2.4.29 (Ubuntu) (internal dummy connection)"
10.10.81.199 - - [14/Sep/2018:19:23:16 -0300] "GET /openshot/ HTTP/1.1" 200 1363 "http://10.10.84.19/" "Mozilla/5.0 (Windows NT 10.0; Win64; x64) AppleWebKit/537.36 (KHTML, like Gecko) Chrome/69.0.3497.92 Safari/537.36"
10.10.81.199 - - [14/Sep/2018:19:23:16 -0300] "GET /icons/back.gif HTTP/1.1" 200 499 "http://10.10.84.19/openshot/" "Mozilla/5.0 (Windows NT 10.0; Win64; x64) AppleWebKit/537.36 (KHTML, like Gecko) Chrome/69.0.3497.92 Safari/537.36"
10.10.81.199 - - [14/Sep/2018:19:23:16 -0300] "GET /icons/movie.gif HTTP/1.1" 200 527 "http://10.10.84.19/openshot/" "Mozilla/5.0 (Windows NT 10.0; Win64; x64) AppleWebKit/537.36 (KHTML, like Gecko) Chrome/69.0.3497.92 Safari/537.36"
10.10.81.199 - - [14/Sep/2018:19:23:16 -0300] "GET /icons/sound2.gif HTTP/1.1" 200 504 "http://10.10.84.19/openshot/" "Mozilla/5.0 (Windows NT 10.0; Win64; x64) AppleWebKit/537.36 (KHTML, like Gecko) Chrome/69.0.3497.92 Safari/537.36"
10.10.84.83 - - [14/Sep/2018:19:23:19 -0300] "GET / HTTP/1.1" 200 1223 "-" "Mozilla/5.0 (Windows NT 10.0; Win64; x64) AppleWebKit/537.36 (KHTML, like Gecko) Chrome/68.0.3440.106 Safari/537.36"
10.10.84.83 - - [14/Sep/2018:19:23:19 -0300] "GET /icons/blank.gif HTTP/1.1" 200 431 "http://10.10.84.19/" "Mozilla/5.0 (Windows NT 10.0; Win64; x64) AppleWebKit/537.36 (KHTML, like Gecko) Chrome/68.0.3440.106 Safari/537.36"
10.10.84.83 - - [14/Sep/2018:19:23:19 -0300] "GET /icons/binary.gif HTTP/1.1" 200 530 "http://10.10.84.19/" "Mozilla/5.0 (Windows NT 10.0; Win64; x64) AppleWebKit/537.36 (KHTML, like Gecko) Chrome/68.0.3440.106 Safari/537.36"
10.10.84.83 - - [14/Sep/2018:19:23:19 -0300] "GET /icons/text.gif HTTP/1.1" 200 513 "http://10.10.84.19/" "Mozilla/5.0 (Windows NT 10.0; Win64; x64) AppleWebKit/537.36 (KHTML, like Gecko) Chrome/68.0.3440.106 Safari/537.36"
10.10.84.83 - - [14/Sep/2018:19:23:19 -0300] "GET /icons/unknown.gif HTTP/1.1" 200 529 "http://10.10.84.19/" "Mozilla/5.0 (Windows NT 10.0; Win64; x64) AppleWebKit/537.36 (KHTML, like Gecko) Chrome/68.0.3440.106 Safari/537.36"
10.10.84.83 - - [14/Sep/2018:19:23:19 -0300] "GET /icons/layout.gif HTTP/1.1" 200 561 "http://10.10.84.19/" "Mozilla/5.0 (Windows NT 10.0; Win64; x64) AppleWebKit/537.36 (KHTML, like Gecko) Chrome/68.0.3440.106 Safari/537.36"
10.10.84.83 - - [14/Sep/2018:19:23:19 -0300] "GET /icons/compressed.gif HTTP/1.1" 200 1323 "http://10.10.84.19/" "Mozilla/5.0 (Windows NT 10.0; Win64; x64) AppleWebKit/537.36 (KHTML, like Gecko) Chrome/68.0.3440.106 Safari/537.36"
10.10.84.83 - - [14/Sep/2018:19:23:20 -0300] "GET /icons/folder.gif HTTP/1.1" 200 508 "http://10.10.84.19/" "Mozilla/5.0 (Windows NT 10.0; Win64; x64) AppleWebKit/537.36 (KHTML, like Gecko) Chrome/68.0.3440.106 Safari/537.36"
10.10.84.83 - - [14/Sep/2018:19:23:20 -0300] "GET /favicon.ico HTTP/1.1" 404 502 "http://10.10.84.19/" "Mozilla/5.0 (Windows NT 10.0; Win64; x64) AppleWebKit/537.36 (KHTML, like Gecko) Chrome/68.0.3440.106 Safari/537.36"
10.10.80.66 - - [14/Sep/2018:19:23:25 -0300] "GET / HTTP/1.1" 200 1223 "-" "Mozilla/5.0 (Windows NT 10.0; Win64; x64; rv:58.0) Gecko/20100101 Firefox/58.0"
10.10.80.66 - - [14/Sep/2018:19:23:25 -0300] "GET /icons/blank.gif HTTP/1.1" 200 431 "http://10.10.84.19/" "Mozilla/5.0 (Windows NT 10.0; Win64; x64; rv:58.0) Gecko/20100101 Firefox/58.0"
10.10.80.66 - - [14/Sep/2018:19:23:25 -0300] "GET /icons/binary.gif HTTP/1.1" 200 529 "http://10.10.84.19/" "Mozilla/5.0 (Windows NT 10.0; Win64; x64; rv:58.0) Gecko/20100101 Firefox/58.0"
10.10.80.66 - - [14/Sep/2018:19:23:25 -0300] "GET /icons/unknown.gif HTTP/1.1" 200 528 "http://10.10.84.19/" "Mozilla/5.0 (Windows NT 10.0; Win64; x64; rv:58.0) Gecko/20100101 Firefox/58.0"
10.10.80.66 - - [14/Sep/2018:19:23:25 -0300] "GET /icons/layout.gif HTTP/1.1" 200 561 "http://10.10.84.19/" "Mozilla/5.0 (Windows NT 10.0; Win64; x64; rv:58.0) Gecko/20100101 Firefox/58.0"
10.10.80.66 - - [14/Sep/2018:19:23:25 -0300] "GET /icons/text.gif HTTP/1.1" 200 512 "http://10.10.84.19/" "Mozilla/5.0 (Windows NT 10.0; Win64; x64; rv:58.0) Gecko/20100101 Firefox/58.0"
10.10.80.66 - - [14/Sep/2018:19:23:25 -0300] "GET /icons/compressed.gif HTTP/1.1" 200 1323 "http://10.10.84.19/" "Mozilla/5.0 (Windows NT 10.0; Win64; x64; rv:58.0) Gecko/20100101 Firefox/58.0"
10.10.80.66 - - [14/Sep/2018:19:23:25 -0300] "GET /icons/folder.gif HTTP/1.1" 200 508 "http://10.10.84.19/" "Mozilla/5.0 (Windows NT 10.0; Win64; x64; rv:58.0) Gecko/20100101 Firefox/58.0"
10.10.80.66 - - [14/Sep/2018:19:23:25 -0300] "GET /favicon.ico HTTP/1.1" 404 502 "-" "Mozilla/5.0 (Windows NT 10.0; Win64; x64; rv:58.0) Gecko/20100101 Firefox/58.0"
::1 - - [14/Sep/2018:19:23:28 -0300] "OPTIONS * HTTP/1.0" 200 126 "-" "Apache/2.4.29 (Ubuntu) (internal dummy connection)"
10.10.80.66 - - [14/Sep/2018:19:23:28 -0300] "GET /openshot/ HTTP/1.1" 200 1362 "http://10.10.84.19/" "Mozilla/5.0 (Windows NT 10.0; Win64; x64; rv:58.0) Gecko/20100101 Firefox/58.0"
10.10.80.66 - - [14/Sep/2018:19:23:28 -0300] "GET /icons/back.gif HTTP/1.1" 200 499 "http://10.10.84.19/openshot/" "Mozilla/5.0 (Windows NT 10.0; Win64; x64; rv:58.0) Gecko/20100101 Firefox/58.0"
10.10.80.66 - - [14/Sep/2018:19:23:28 -0300] "GET /icons/movie.gif HTTP/1.1" 200 526 "http://10.10.84.19/openshot/" "Mozilla/5.0 (Windows NT 10.0; Win64; x64; rv:58.0) Gecko/20100101 Firefox/58.0"
10.10.80.66 - - [14/Sep/2018:19:23:28 -0300] "GET /icons/sound2.gif HTTP/1.1" 200 504 "http://10.10.84.19/openshot/" "Mozilla/5.0 (Windows NT 10.0; Win64; x64; rv:58.0) Gecko/20100101 Firefox/58.0"
10.10.84.83 - - [14/Sep/2018:19:23:29 -0300] "GET /multimidia/ HTTP/1.1" 200 1333 "http://10.10.84.19/" "Mozilla/5.0 (Windows NT 10.0; Win64; x64) AppleWebKit/537.36 (KHTML, like Gecko) Chrome/68.0.3440.106 Safari/537.36"
10.10.84.83 - - [14/Sep/2018:19:23:29 -0300] "GET /icons/back.gif HTTP/1.1" 200 499 "http://10.10.84.19/multimidia/" "Mozilla/5.0 (Windows NT 10.0; Win64; x64) AppleWebKit/537.36 (KHTML, like Gecko) Chrome/68.0.3440.106 Safari/537.36"
10.10.84.131 - - [14/Sep/2018:19:23:30 -0300] "GET / HTTP/1.1" 200 1223 "-" "Mozilla/5.0 (Windows NT 10.0; Win64; x64) AppleWebKit/537.36 (KHTML, like Gecko) Chrome/69.0.3497.92 Safari/537.36"
10.10.84.131 - - [14/Sep/2018:19:23:31 -0300] "GET /icons/blank.gif HTTP/1.1" 200 431 "http://10.10.84.19/" "Mozilla/5.0 (Windows NT 10.0; Win64; x64) AppleWebKit/537.36 (KHTML, like Gecko) Chrome/69.0.3497.92 Safari/537.36"
10.10.84.131 - - [14/Sep/2018:19:23:31 -0300] "GET /icons/binary.gif HTTP/1.1" 200 530 "http://10.10.84.19/" "Mozilla/5.0 (Windows NT 10.0; Win64; x64) AppleWebKit/537.36 (KHTML, like Gecko) Chrome/69.0.3497.92 Safari/537.36"
10.10.84.131 - - [14/Sep/2018:19:23:31 -0300] "GET /icons/layout.gif HTTP/1.1" 200 561 "http://10.10.84.19/" "Mozilla/5.0 (Windows NT 10.0; Win64; x64) AppleWebKit/537.36 (KHTML, like Gecko) Chrome/69.0.3497.92 Safari/537.36"
10.10.84.131 - - [14/Sep/2018:19:23:31 -0300] "GET /icons/text.gif HTTP/1.1" 200 513 "http://10.10.84.19/" "Mozilla/5.0 (Windows NT 10.0; Win64; x64) AppleWebKit/537.36 (KHTML, like Gecko) Chrome/69.0.3497.92 Safari/537.36"
10.10.84.131 - - [14/Sep/2018:19:23:31 -0300] "GET /icons/unknown.gif HTTP/1.1" 200 529 "http://10.10.84.19/" "Mozilla/5.0 (Windows NT 10.0; Win64; x64) AppleWebKit/537.36 (KHTML, like Gecko) Chrome/69.0.3497.92 Safari/537.36"
10.10.84.131 - - [14/Sep/2018:19:23:31 -0300] "GET /icons/compressed.gif HTTP/1.1" 200 1323 "http://10.10.84.19/" "Mozilla/5.0 (Windows NT 10.0; Win64; x64) AppleWebKit/537.36 (KHTML, like Gecko) Chrome/69.0.3497.92 Safari/537.36"
10.10.84.131 - - [14/Sep/2018:19:23:31 -0300] "GET /icons/folder.gif HTTP/1.1" 200 508 "http://10.10.84.19/" "Mozilla/5.0 (Windows NT 10.0; Win64; x64) AppleWebKit/537.36 (KHTML, like Gecko) Chrome/69.0.3497.92 Safari/537.36"
10.10.84.131 - - [14/Sep/2018:19:23:31 -0300] "GET /favicon.ico HTTP/1.1" 404 502 "http://10.10.84.19/" "Mozilla/5.0 (Windows NT 10.0; Win64; x64) AppleWebKit/537.36 (KHTML, like Gecko) Chrome/69.0.3497.92 Safari/537.36"
10.10.81.199 - - [14/Sep/2018:19:23:33 -0300] "GET /openshot/audios/ HTTP/1.1" 200 1119 "http://10.10.84.19/openshot/" "Mozilla/5.0 (Windows NT 10.0; Win64; x64) AppleWebKit/537.36 (KHTML, like Gecko) Chrome/69.0.3497.92 Safari/537.36"
10.10.84.83 - - [14/Sep/2018:19:23:34 -0300] "GET /openshot/ HTTP/1.1" 200 1363 "http://10.10.84.19/" "Mozilla/5.0 (Windows NT 10.0; Win64; x64) AppleWebKit/537.36 (KHTML, like Gecko) Chrome/68.0.3440.106 Safari/537.36"
10.10.84.83 - - [14/Sep/2018:19:23:34 -0300] "GET /icons/movie.gif HTTP/1.1" 200 526 "http://10.10.84.19/openshot/" "Mozilla/5.0 (Windows NT 10.0; Win64; x64) AppleWebKit/537.36 (KHTML, like Gecko) Chrome/68.0.3440.106 Safari/537.36"
10.10.84.83 - - [14/Sep/2018:19:23:34 -0300] "GET /icons/sound2.gif HTTP/1.1" 200 505 "http://10.10.84.19/openshot/" "Mozilla/5.0 (Windows NT 10.0; Win64; x64) AppleWebKit/537.36 (KHTML, like Gecko) Chrome/68.0.3440.106 Safari/537.36"
::1 - - [14/Sep/2018:19:23:40 -0300] "OPTIONS * HTTP/1.0" 200 126 "-" "Apache/2.4.29 (Ubuntu) (internal dummy connection)"
10.10.86.169 - - [14/Sep/2018:19:23:40 -0300] "GET / HTTP/1.1" 200 1223 "-" "Mozilla/5.0 (Windows NT 10.0; Win64; x64) AppleWebKit/537.36 (KHTML, like Gecko) Chrome/68.0.3440.106 Safari/537.36"
10.10.86.169 - - [14/Sep/2018:19:23:40 -0300] "GET /icons/blank.gif HTTP/1.1" 200 431 "http://10.10.84.19/" "Mozilla/5.0 (Windows NT 10.0; Win64; x64) AppleWebKit/537.36 (KHTML, like Gecko) Chrome/68.0.3440.106 Safari/537.36"
10.10.86.169 - - [14/Sep/2018:19:23:40 -0300] "GET /icons/binary.gif HTTP/1.1" 200 530 "http://10.10.84.19/" "Mozilla/5.0 (Windows NT 10.0; Win64; x64) AppleWebKit/537.36 (KHTML, like Gecko) Chrome/68.0.3440.106 Safari/537.36"
10.10.86.169 - - [14/Sep/2018:19:23:40 -0300] "GET /icons/text.gif HTTP/1.1" 200 513 "http://10.10.84.19/" "Mozilla/5.0 (Windows NT 10.0; Win64; x64) AppleWebKit/537.36 (KHTML, like Gecko) Chrome/68.0.3440.106 Safari/537.36"
10.10.86.169 - - [14/Sep/2018:19:23:40 -0300] "GET /icons/unknown.gif HTTP/1.1" 200 529 "http://10.10.84.19/" "Mozilla/5.0 (Windows NT 10.0; Win64; x64) AppleWebKit/537.36 (KHTML, like Gecko) Chrome/68.0.3440.106 Safari/537.36"
10.10.86.169 - - [14/Sep/2018:19:23:40 -0300] "GET /icons/layout.gif HTTP/1.1" 200 561 "http://10.10.84.19/" "Mozilla/5.0 (Windows NT 10.0; Win64; x64) AppleWebKit/537.36 (KHTML, like Gecko) Chrome/68.0.3440.106 Safari/537.36"
10.10.86.169 - - [14/Sep/2018:19:23:40 -0300] "GET /icons/compressed.gif HTTP/1.1" 200 1323 "http://10.10.84.19/" "Mozilla/5.0 (Windows NT 10.0; Win64; x64) AppleWebKit/537.36 (KHTML, like Gecko) Chrome/68.0.3440.106 Safari/537.36"
10.10.86.169 - - [14/Sep/2018:19:23:40 -0300] "GET /icons/folder.gif HTTP/1.1" 200 508 "http://10.10.84.19/" "Mozilla/5.0 (Windows NT 10.0; Win64; x64) AppleWebKit/537.36 (KHTML, like Gecko) Chrome/68.0.3440.106 Safari/537.36"
10.10.86.169 - - [14/Sep/2018:19:23:40 -0300] "GET /favicon.ico HTTP/1.1" 404 502 "http://10.10.84.19/" "Mozilla/5.0 (Windows NT 10.0; Win64; x64) AppleWebKit/537.36 (KHTML, like Gecko) Chrome/68.0.3440.106 Safari/537.36"
10.10.86.169 - - [14/Sep/2018:19:23:44 -0300] "GET /openshot/ HTTP/1.1" 200 1362 "http://10.10.84.19/" "Mozilla/5.0 (Windows NT 10.0; Win64; x64) AppleWebKit/537.36 (KHTML, like Gecko) Chrome/68.0.3440.106 Safari/537.36"
10.10.86.169 - - [14/Sep/2018:19:23:44 -0300] "GET /icons/back.gif HTTP/1.1" 200 499 "http://10.10.84.19/openshot/" "Mozilla/5.0 (Windows NT 10.0; Win64; x64) AppleWebKit/537.36 (KHTML, like Gecko) Chrome/68.0.3440.106 Safari/537.36"
10.10.86.169 - - [14/Sep/2018:19:23:44 -0300] "GET /icons/movie.gif HTTP/1.1" 200 526 "http://10.10.84.19/openshot/" "Mozilla/5.0 (Windows NT 10.0; Win64; x64) AppleWebKit/537.36 (KHTML, like Gecko) Chrome/68.0.3440.106 Safari/537.36"
10.10.86.169 - - [14/Sep/2018:19:23:44 -0300] "GET /icons/sound2.gif HTTP/1.1" 200 504 "http://10.10.84.19/openshot/" "Mozilla/5.0 (Windows NT 10.0; Win64; x64) AppleWebKit/537.36 (KHTML, like Gecko) Chrome/68.0.3440.106 Safari/537.36"
::1 - - [14/Sep/2018:19:23:52 -0300] "OPTIONS * HTTP/1.0" 200 126 "-" "Apache/2.4.29 (Ubuntu) (internal dummy connection)"
::1 - - [14/Sep/2018:19:23:53 -0300] "OPTIONS * HTTP/1.0" 200 126 "-" "Apache/2.4.29 (Ubuntu) (internal dummy connection)"
10.10.85.17 - - [14/Sep/2018:19:23:54 -0300] "-" 408 0 "-" "-"
::1 - - [14/Sep/2018:19:23:57 -0300] "OPTIONS * HTTP/1.0" 200 126 "-" "Apache/2.4.29 (Ubuntu) (internal dummy connection)"
10.10.81.199 - - [14/Sep/2018:19:24:24 -0300] "-" 408 0 "-" "-"
10.10.86.169 - - [14/Sep/2018:19:24:32 -0300] "-" 408 0 "-" "-"
10.10.81.199 - - [14/Sep/2018:19:24:33 -0300] "-" 408 0 "-" "-"
10.10.80.100 - - [14/Sep/2018:19:25:14 -0300] "GET / HTTP/1.1" 200 1223 "-" "Mozilla/5.0 (Windows NT 10.0; Win64; x64) AppleWebKit/537.36 (KHTML, like Gecko) Chrome/68.0.3440.106 Safari/537.36"
10.10.80.100 - - [14/Sep/2018:19:25:14 -0300] "GET /icons/blank.gif HTTP/1.1" 200 431 "http://10.10.84.19/" "Mozilla/5.0 (Windows NT 10.0; Win64; x64) AppleWebKit/537.36 (KHTML, like Gecko) Chrome/68.0.3440.106 Safari/537.36"
10.10.80.100 - - [14/Sep/2018:19:25:14 -0300] "GET /icons/binary.gif HTTP/1.1" 200 530 "http://10.10.84.19/" "Mozilla/5.0 (Windows NT 10.0; Win64; x64) AppleWebKit/537.36 (KHTML, like Gecko) Chrome/68.0.3440.106 Safari/537.36"
10.10.80.100 - - [14/Sep/2018:19:25:14 -0300] "GET /icons/text.gif HTTP/1.1" 200 513 "http://10.10.84.19/" "Mozilla/5.0 (Windows NT 10.0; Win64; x64) AppleWebKit/537.36 (KHTML, like Gecko) Chrome/68.0.3440.106 Safari/537.36"
10.10.80.100 - - [14/Sep/2018:19:25:14 -0300] "GET /icons/layout.gif HTTP/1.1" 200 561 "http://10.10.84.19/" "Mozilla/5.0 (Windows NT 10.0; Win64; x64) AppleWebKit/537.36 (KHTML, like Gecko) Chrome/68.0.3440.106 Safari/537.36"
10.10.80.100 - - [14/Sep/2018:19:25:14 -0300] "GET /icons/unknown.gif HTTP/1.1" 200 529 "http://10.10.84.19/" "Mozilla/5.0 (Windows NT 10.0; Win64; x64) AppleWebKit/537.36 (KHTML, like Gecko) Chrome/68.0.3440.106 Safari/537.36"
10.10.80.100 - - [14/Sep/2018:19:25:14 -0300] "GET /icons/compressed.gif HTTP/1.1" 200 1323 "http://10.10.84.19/" "Mozilla/5.0 (Windows NT 10.0; Win64; x64) AppleWebKit/537.36 (KHTML, like Gecko) Chrome/68.0.3440.106 Safari/537.36"
10.10.80.100 - - [14/Sep/2018:19:25:14 -0300] "GET /icons/folder.gif HTTP/1.1" 200 508 "http://10.10.84.19/" "Mozilla/5.0 (Windows NT 10.0; Win64; x64) AppleWebKit/537.36 (KHTML, like Gecko) Chrome/68.0.3440.106 Safari/537.36"
10.10.80.100 - - [14/Sep/2018:19:25:15 -0300] "GET /favicon.ico HTTP/1.1" 404 502 "http://10.10.84.19/" "Mozilla/5.0 (Windows NT 10.0; Win64; x64) AppleWebKit/537.36 (KHTML, like Gecko) Chrome/68.0.3440.106 Safari/537.36"
10.10.80.100 - - [14/Sep/2018:19:25:38 -0300] "GET / HTTP/1.1" 200 1223 "-" "Mozilla/5.0 (Windows NT 10.0; Win64; x64) AppleWebKit/537.36 (KHTML, like Gecko) Chrome/68.0.3440.106 Safari/537.36"
10.10.82.227 - - [14/Sep/2018:19:25:43 -0300] "GET / HTTP/1.1" 200 1223 "-" "Mozilla/5.0 (Windows NT 10.0; Win64; x64; rv:58.0) Gecko/20100101 Firefox/58.0"
10.10.82.227 - - [14/Sep/2018:19:25:43 -0300] "GET /icons/blank.gif HTTP/1.1" 200 431 "http://10.10.84.19/" "Mozilla/5.0 (Windows NT 10.0; Win64; x64; rv:58.0) Gecko/20100101 Firefox/58.0"
10.10.82.227 - - [14/Sep/2018:19:25:43 -0300] "GET /icons/binary.gif HTTP/1.1" 200 529 "http://10.10.84.19/" "Mozilla/5.0 (Windows NT 10.0; Win64; x64; rv:58.0) Gecko/20100101 Firefox/58.0"
10.10.82.227 - - [14/Sep/2018:19:25:43 -0300] "GET /icons/unknown.gif HTTP/1.1" 200 528 "http://10.10.84.19/" "Mozilla/5.0 (Windows NT 10.0; Win64; x64; rv:58.0) Gecko/20100101 Firefox/58.0"
10.10.82.227 - - [14/Sep/2018:19:25:43 -0300] "GET /icons/layout.gif HTTP/1.1" 200 560 "http://10.10.84.19/" "Mozilla/5.0 (Windows NT 10.0; Win64; x64; rv:58.0) Gecko/20100101 Firefox/58.0"
10.10.82.227 - - [14/Sep/2018:19:25:43 -0300] "GET /icons/compressed.gif HTTP/1.1" 200 1324 "http://10.10.84.19/" "Mozilla/5.0 (Windows NT 10.0; Win64; x64; rv:58.0) Gecko/20100101 Firefox/58.0"
10.10.82.227 - - [14/Sep/2018:19:25:43 -0300] "GET /icons/folder.gif HTTP/1.1" 200 509 "http://10.10.84.19/" "Mozilla/5.0 (Windows NT 10.0; Win64; x64; rv:58.0) Gecko/20100101 Firefox/58.0"
10.10.82.227 - - [14/Sep/2018:19:25:43 -0300] "GET /icons/text.gif HTTP/1.1" 200 512 "http://10.10.84.19/" "Mozilla/5.0 (Windows NT 10.0; Win64; x64; rv:58.0) Gecko/20100101 Firefox/58.0"
10.10.82.227 - - [14/Sep/2018:19:25:44 -0300] "GET /favicon.ico HTTP/1.1" 404 502 "-" "Mozilla/5.0 (Windows NT 10.0; Win64; x64; rv:58.0) Gecko/20100101 Firefox/58.0"
10.10.80.100 - - [14/Sep/2018:19:25:48 -0300] "GET /openshot/ HTTP/1.1" 200 1363 "http://10.10.84.19/" "Mozilla/5.0 (Windows NT 10.0; Win64; x64) AppleWebKit/537.36 (KHTML, like Gecko) Chrome/68.0.3440.106 Safari/537.36"
10.10.80.100 - - [14/Sep/2018:19:25:48 -0300] "GET /icons/back.gif HTTP/1.1" 200 499 "http://10.10.84.19/openshot/" "Mozilla/5.0 (Windows NT 10.0; Win64; x64) AppleWebKit/537.36 (KHTML, like Gecko) Chrome/68.0.3440.106 Safari/537.36"
10.10.80.100 - - [14/Sep/2018:19:25:48 -0300] "GET /icons/movie.gif HTTP/1.1" 200 527 "http://10.10.84.19/openshot/" "Mozilla/5.0 (Windows NT 10.0; Win64; x64) AppleWebKit/537.36 (KHTML, like Gecko) Chrome/68.0.3440.106 Safari/537.36"
10.10.80.100 - - [14/Sep/2018:19:25:48 -0300] "GET /icons/sound2.gif HTTP/1.1" 200 505 "http://10.10.84.19/openshot/" "Mozilla/5.0 (Windows NT 10.0; Win64; x64) AppleWebKit/537.36 (KHTML, like Gecko) Chrome/68.0.3440.106 Safari/537.36"
10.10.82.227 - - [14/Sep/2018:19:25:51 -0300] "GET /openshot/ HTTP/1.1" 200 1363 "http://10.10.84.19/" "Mozilla/5.0 (Windows NT 10.0; Win64; x64; rv:58.0) Gecko/20100101 Firefox/58.0"
10.10.82.227 - - [14/Sep/2018:19:25:51 -0300] "GET /icons/back.gif HTTP/1.1" 200 499 "http://10.10.84.19/openshot/" "Mozilla/5.0 (Windows NT 10.0; Win64; x64; rv:58.0) Gecko/20100101 Firefox/58.0"
10.10.82.227 - - [14/Sep/2018:19:25:51 -0300] "GET /icons/movie.gif HTTP/1.1" 200 526 "http://10.10.84.19/openshot/" "Mozilla/5.0 (Windows NT 10.0; Win64; x64; rv:58.0) Gecko/20100101 Firefox/58.0"
10.10.82.227 - - [14/Sep/2018:19:25:51 -0300] "GET /icons/sound2.gif HTTP/1.1" 200 504 "http://10.10.84.19/openshot/" "Mozilla/5.0 (Windows NT 10.0; Win64; x64; rv:58.0) Gecko/20100101 Firefox/58.0"
10.10.81.199 - - [14/Sep/2018:19:26:05 -0300] "GET /openshot/01%20George%20O%20Curioso%20-%20O%20Macaco.mp4 HTTP/1.1" 200 293460 "http://10.10.84.19/openshot/" "Mozilla/5.0 (Windows NT 10.0; Win64; x64) AppleWebKit/537.36 (KHTML, like Gecko) Chrome/69.0.3497.92 Safari/537.36"
10.10.84.83 - - [14/Sep/2018:19:26:06 -0300] "GET /openshot/ HTTP/1.1" 200 1363 "http://10.10.84.19/" "Mozilla/5.0 (Windows NT 10.0; Win64; x64) AppleWebKit/537.36 (KHTML, like Gecko) Chrome/68.0.3440.106 Safari/537.36"
10.10.80.66 - - [14/Sep/2018:19:26:10 -0300] "GET /openshot/02%20Peppa%20Pig%20-%20Melhores%20Momentos.mp4 HTTP/1.1" 200 5053060 "http://10.10.84.19/openshot/" "Mozilla/5.0 (Windows NT 10.0; Win64; x64; rv:58.0) Gecko/20100101 Firefox/58.0"
10.10.80.66 - - [14/Sep/2018:19:26:16 -0300] "GET /openshot/04%20Picolino%20-%20Cachorro%20Frio.mp4 HTTP/1.1" 200 9097260 "http://10.10.84.19/openshot/" "Mozilla/5.0 (Windows NT 10.0; Win64; x64; rv:58.0) Gecko/20100101 Firefox/58.0"
10.10.81.199 - - [14/Sep/2018:19:26:05 -0300] "GET /openshot/01%20George%20O%20Curioso%20-%20O%20Macaco.mp4 HTTP/1.1" 206 7955540 "http://10.10.84.19/openshot/01%20George%20O%20Curioso%20-%20O%20Macaco.mp4" "Mozilla/5.0 (Windows NT 10.0; Win64; x64) AppleWebKit/537.36 (KHTML, like Gecko) Chrome/69.0.3497.92 Safari/537.36"
10.10.84.83 - - [14/Sep/2018:19:26:30 -0300] "GET /openshot/01%20George%20O%20Curioso%20-%20O%20Macaco.mp4 HTTP/1.1" 200 283240 "http://10.10.84.19/openshot/" "Mozilla/5.0 (Windows NT 10.0; Win64; x64) AppleWebKit/537.36 (KHTML, like Gecko) Chrome/68.0.3440.106 Safari/537.36"
10.10.84.83 - - [14/Sep/2018:19:26:30 -0300] "GET /openshot/01%20George%20O%20Curioso%20-%20O%20Macaco.mp4 HTTP/1.1" 206 6048780 "http://10.10.84.19/openshot/01%20George%20O%20Curioso%20-%20O%20Macaco.mp4" "Mozilla/5.0 (Windows NT 10.0; Win64; x64) AppleWebKit/537.36 (KHTML, like Gecko) Chrome/68.0.3440.106 Safari/537.36"
10.10.81.199 - - [14/Sep/2018:19:26:36 -0300] "GET /openshot/02%20Peppa%20Pig%20-%20Melhores%20Momentos.mp4 HTTP/1.1" 200 64240 "http://10.10.84.19/openshot/" "Mozilla/5.0 (Windows NT 10.0; Win64; x64) AppleWebKit/537.36 (KHTML, like Gecko) Chrome/69.0.3497.92 Safari/537.36"
10.10.81.199 - - [14/Sep/2018:19:26:36 -0300] "GET /openshot/02%20Peppa%20Pig%20-%20Melhores%20Momentos.mp4 HTTP/1.1" 206 4924580 "http://10.10.84.19/openshot/02%20Peppa%20Pig%20-%20Melhores%20Momentos.mp4" "Mozilla/5.0 (Windows NT 10.0; Win64; x64) AppleWebKit/537.36 (KHTML, like Gecko) Chrome/69.0.3497.92 Safari/537.36"
10.10.84.83 - - [14/Sep/2018:19:26:48 -0300] "GET /openshot/02%20Peppa%20Pig%20-%20Melhores%20Momentos.mp4 HTTP/1.1" 200 81760 "http://10.10.84.19/openshot/" "Mozilla/5.0 (Windows NT 10.0; Win64; x64) AppleWebKit/537.36 (KHTML, like Gecko) Chrome/68.0.3440.106 Safari/537.36"
10.10.84.83 - - [14/Sep/2018:19:26:48 -0300] "GET /openshot/02%20Peppa%20Pig%20-%20Melhores%20Momentos.mp4 HTTP/1.1" 206 3152140 "http://10.10.84.19/openshot/02%20Peppa%20Pig%20-%20Melhores%20Momentos.mp4" "Mozilla/5.0 (Windows NT 10.0; Win64; x64) AppleWebKit/537.36 (KHTML, like Gecko) Chrome/68.0.3440.106 Safari/537.36"
10.10.84.83 - - [14/Sep/2018:19:26:50 -0300] "GET /openshot/02%20Peppa%20Pig%20-%20Melhores%20Momentos.mp4 HTTP/1.1" 206 344 "http://10.10.84.19/openshot/" "Mozilla/5.0 (Windows NT 10.0; Win64; x64) AppleWebKit/537.36 (KHTML, like Gecko) Chrome/68.0.3440.106 Safari/537.36"
10.10.84.83 - - [14/Sep/2018:19:26:50 -0300] "GET /openshot/02%20Peppa%20Pig%20-%20Melhores%20Momentos.mp4 HTTP/1.1" 206 413180 "http://10.10.84.19/openshot/" "Mozilla/5.0 (Windows NT 10.0; Win64; x64) AppleWebKit/537.36 (KHTML, like Gecko) Chrome/68.0.3440.106 Safari/537.36"
10.10.84.83 - - [14/Sep/2018:19:26:50 -0300] "GET /openshot/02%20Peppa%20Pig%20-%20Melhores%20Momentos.mp4 HTTP/1.1" 206 1839600 "http://10.10.84.19/openshot/02%20Peppa%20Pig%20-%20Melhores%20Momentos.mp4" "Mozilla/5.0 (Windows NT 10.0; Win64; x64) AppleWebKit/537.36 (KHTML, like Gecko) Chrome/68.0.3440.106 Safari/537.36"
10.10.84.83 - - [14/Sep/2018:19:26:32 -0300] "GET /openshot/01%20George%20O%20Curioso%20-%20O%20Macaco.mp4 HTTP/1.1" 200 262370833 "-" "Mozilla/5.0 (Windows NT 10.0; Win64; x64) AppleWebKit/537.36 (KHTML, like Gecko) Chrome/68.0.3440.106 Safari/537.36"
10.10.84.83 - - [14/Sep/2018:19:27:00 -0300] "GET /openshot/09%20Como%20extrair%20a%20polpa%20do%20Acai.mp4 HTTP/1.1" 200 957760 "http://10.10.84.19/openshot/" "Mozilla/5.0 (Windows NT 10.0; Win64; x64) AppleWebKit/537.36 (KHTML, like Gecko) Chrome/68.0.3440.106 Safari/537.36"
10.10.82.227 - - [14/Sep/2018:19:26:33 -0300] "GET /openshot/01%20George%20O%20Curioso%20-%20O%20Macaco.mp4 HTTP/1.1" 200 11897540 "http://10.10.84.19/openshot/" "Mozilla/5.0 (Windows NT 10.0; Win64; x64; rv:58.0) Gecko/20100101 Firefox/58.0"
10.10.86.169 - - [14/Sep/2018:19:27:01 -0300] "GET /openshot/09%20Como%20extrair%20a%20polpa%20do%20Acai.mp4 HTTP/1.1" 200 310980 "http://10.10.84.19/openshot/" "Mozilla/5.0 (Windows NT 10.0; Win64; x64) AppleWebKit/537.36 (KHTML, like Gecko) Chrome/68.0.3440.106 Safari/537.36"
10.10.84.19 - - [14/Sep/2018:19:27:01 -0300] "GET /openshot/09%20Como%20extrair%20a%20polpa%20do%20Acai.mp4 HTTP/1.1" 200 9084231 "http://10.10.84.19/openshot/" "Mozilla/5.0 (X11; Linux x86_64) AppleWebKit/537.36 (KHTML, like Gecko) Chrome/65.0.3325.146 Safari/537.36"
10.10.81.199 - - [14/Sep/2018:19:27:02 -0300] "GET /openshot/09%20Como%20extrair%20a%20polpa%20do%20Acai.mp4 HTTP/1.1" 200 179580 "http://10.10.84.19/openshot/" "Mozilla/5.0 (Windows NT 10.0; Win64; x64) AppleWebKit/537.36 (KHTML, like Gecko) Chrome/69.0.3497.92 Safari/537.36"
10.10.84.83 - - [14/Sep/2018:19:27:01 -0300] "GET /openshot/09%20Como%20extrair%20a%20polpa%20do%20Acai.mp4 HTTP/1.1" 206 4242760 "http://10.10.84.19/openshot/09%20Como%20extrair%20a%20polpa%20do%20Acai.mp4" "Mozilla/5.0 (Windows NT 10.0; Win64; x64) AppleWebKit/537.36 (KHTML, like Gecko) Chrome/68.0.3440.106 Safari/537.36"
10.10.80.66 - - [14/Sep/2018:19:27:05 -0300] "GET /openshot/09%20Como%20extrair%20a%20polpa%20do%20Acai.mp4 HTTP/1.1" 200 455520 "http://10.10.84.19/openshot/" "Mozilla/5.0 (Windows NT 10.0; Win64; x64; rv:58.0) Gecko/20100101 Firefox/58.0"
10.10.84.83 - - [14/Sep/2018:19:27:06 -0300] "GET /openshot/10%20Como%20fazer%20acai%20caseiro%20do%20inicio%20ao%20fim.mp4 HTTP/1.1" 200 547500 "http://10.10.84.19/openshot/" "Mozilla/5.0 (Windows NT 10.0; Win64; x64) AppleWebKit/537.36 (KHTML, like Gecko) Chrome/68.0.3440.106 Safari/537.36"
10.10.84.83 - - [14/Sep/2018:19:27:03 -0300] "GET /openshot/09%20Como%20extrair%20a%20polpa%20do%20Acai.mp4 HTTP/1.1" 200 28253294 "-" "Mozilla/5.0 (Windows NT 10.0; Win64; x64) AppleWebKit/537.36 (KHTML, like Gecko) Chrome/68.0.3440.106 Safari/537.36"
10.10.82.227 - - [14/Sep/2018:19:27:06 -0300] "GET /openshot/09%20Como%20extrair%20a%20polpa%20do%20Acai.mp4 HTTP/1.1" 200 340180 "http://10.10.84.19/openshot/" "Mozilla/5.0 (Windows NT 10.0; Win64; x64; rv:58.0) Gecko/20100101 Firefox/58.0"
10.10.84.131 - - [14/Sep/2018:19:27:06 -0300] "GET /openshot/ HTTP/1.1" 200 1363 "http://10.10.84.19/" "Mozilla/5.0 (Windows NT 10.0; Win64; x64) AppleWebKit/537.36 (KHTML, like Gecko) Chrome/69.0.3497.92 Safari/537.36"
10.10.84.131 - - [14/Sep/2018:19:27:06 -0300] "GET /icons/back.gif HTTP/1.1" 200 499 "http://10.10.84.19/openshot/" "Mozilla/5.0 (Windows NT 10.0; Win64; x64) AppleWebKit/537.36 (KHTML, like Gecko) Chrome/69.0.3497.92 Safari/537.36"
10.10.84.131 - - [14/Sep/2018:19:27:06 -0300] "GET /icons/movie.gif HTTP/1.1" 200 527 "http://10.10.84.19/openshot/" "Mozilla/5.0 (Windows NT 10.0; Win64; x64) AppleWebKit/537.36 (KHTML, like Gecko) Chrome/69.0.3497.92 Safari/537.36"
10.10.84.131 - - [14/Sep/2018:19:27:06 -0300] "GET /icons/sound2.gif HTTP/1.1" 200 504 "http://10.10.84.19/openshot/" "Mozilla/5.0 (Windows NT 10.0; Win64; x64) AppleWebKit/537.36 (KHTML, like Gecko) Chrome/69.0.3497.92 Safari/537.36"
10.10.84.83 - - [14/Sep/2018:19:27:06 -0300] "GET /openshot/11%20Como%20fazer%20um%20bolo%20de%20milho.mp4 HTTP/1.1" 200 1080400 "http://10.10.84.19/openshot/" "Mozilla/5.0 (Windows NT 10.0; Win64; x64) AppleWebKit/537.36 (KHTML, like Gecko) Chrome/68.0.3440.106 Safari/537.36"
10.10.84.83 - - [14/Sep/2018:19:27:07 -0300] "GET /openshot/12%20Como%20fazer%20caldo%20de%20mocoto.mp4 HTTP/1.1" 200 905200 "http://10.10.84.19/openshot/" "Mozilla/5.0 (Windows NT 10.0; Win64; x64) AppleWebKit/537.36 (KHTML, like Gecko) Chrome/68.0.3440.106 Safari/537.36"
10.10.80.100 - - [14/Sep/2018:19:27:07 -0300] "GET /openshot/09%20Como%20extrair%20a%20polpa%20do%20Acai.mp4 HTTP/1.1" 200 265720 "http://10.10.84.19/openshot/" "Mozilla/5.0 (Windows NT 10.0; Win64; x64) AppleWebKit/537.36 (KHTML, like Gecko) Chrome/68.0.3440.106 Safari/537.36"
10.10.84.83 - - [14/Sep/2018:19:27:07 -0300] "GET /openshot/13%20Como%20fazer%20pao%20frances%20de%20padaria.mp4 HTTP/1.1" 200 316820 "http://10.10.84.19/openshot/" "Mozilla/5.0 (Windows NT 10.0; Win64; x64) AppleWebKit/537.36 (KHTML, like Gecko) Chrome/68.0.3440.106 Safari/537.36"
10.10.85.17 - - [14/Sep/2018:19:27:08 -0300] "GET /openshot/09%20Como%20extrair%20a%20polpa%20do%20Acai.mp4 HTTP/1.1" 200 289080 "http://10.10.84.19/openshot/" "Mozilla/5.0 (Windows NT 10.0; Win64; x64) AppleWebKit/537.36 (KHTML, like Gecko) Chrome/68.0.3440.106 Safari/537.36"
10.10.86.169 - - [14/Sep/2018:19:27:01 -0300] "GET /openshot/09%20Como%20extrair%20a%20polpa%20do%20Acai.mp4 HTTP/1.1" 206 4288020 "http://10.10.84.19/openshot/09%20Como%20extrair%20a%20polpa%20do%20Acai.mp4" "Mozilla/5.0 (Windows NT 10.0; Win64; x64) AppleWebKit/537.36 (KHTML, like Gecko) Chrome/68.0.3440.106 Safari/537.36"
10.10.81.199 - - [14/Sep/2018:19:27:02 -0300] "GET /openshot/09%20Como%20extrair%20a%20polpa%20do%20Acai.mp4 HTTP/1.1" 206 4514320 "http://10.10.84.19/openshot/09%20Como%20extrair%20a%20polpa%20do%20Acai.mp4" "Mozilla/5.0 (Windows NT 10.0; Win64; x64) AppleWebKit/537.36 (KHTML, like Gecko) Chrome/69.0.3497.92 Safari/537.36"
10.10.85.17 - - [14/Sep/2018:19:27:10 -0300] "GET /openshot/10%20Como%20fazer%20acai%20caseiro%20do%20inicio%20ao%20fim.mp4 HTTP/1.1" 200 277400 "http://10.10.84.19/openshot/" "Mozilla/5.0 (Windows NT 10.0; Win64; x64) AppleWebKit/537.36 (KHTML, like Gecko) Chrome/68.0.3440.106 Safari/537.36"
10.10.84.131 - - [14/Sep/2018:19:27:11 -0300] "GET /openshot/09%20Como%20extrair%20a%20polpa%20do%20Acai.mp4 HTTP/1.1" 200 144540 "http://10.10.84.19/openshot/" "Mozilla/5.0 (Windows NT 10.0; Win64; x64) AppleWebKit/537.36 (KHTML, like Gecko) Chrome/69.0.3497.92 Safari/537.36"
10.10.85.17 - - [14/Sep/2018:19:27:12 -0300] "GET /openshot/11%20Como%20fazer%20um%20bolo%20de%20milho.mp4 HTTP/1.1" 200 280320 "http://10.10.84.19/openshot/" "Mozilla/5.0 (Windows NT 10.0; Win64; x64) AppleWebKit/537.36 (KHTML, like Gecko) Chrome/68.0.3440.106 Safari/537.36"
10.10.80.100 - - [14/Sep/2018:19:27:07 -0300] "GET /openshot/09%20Como%20extrair%20a%20polpa%20do%20Acai.mp4 HTTP/1.1" 206 4676380 "http://10.10.84.19/openshot/09%20Como%20extrair%20a%20polpa%20do%20Acai.mp4" "Mozilla/5.0 (Windows NT 10.0; Win64; x64) AppleWebKit/537.36 (KHTML, like Gecko) Chrome/68.0.3440.106 Safari/537.36"
10.10.85.17 - - [14/Sep/2018:19:27:13 -0300] "GET /openshot/12%20Como%20fazer%20caldo%20de%20mocoto.mp4 HTTP/1.1" 200 300760 "http://10.10.84.19/openshot/" "Mozilla/5.0 (Windows NT 10.0; Win64; x64) AppleWebKit/537.36 (KHTML, like Gecko) Chrome/68.0.3440.106 Safari/537.36"
10.10.81.199 - - [14/Sep/2018:19:27:14 -0300] "GET /openshot/09%20Como%20extrair%20a%20polpa%20do%20Acai.mp4 HTTP/1.1" 206 346 "http://10.10.84.19/openshot/" "Mozilla/5.0 (Windows NT 10.0; Win64; x64) AppleWebKit/537.36 (KHTML, like Gecko) Chrome/69.0.3497.92 Safari/537.36"
10.10.81.199 - - [14/Sep/2018:19:27:14 -0300] "GET /openshot/09%20Como%20extrair%20a%20polpa%20do%20Acai.mp4 HTTP/1.1" 206 42340 "http://10.10.84.19/openshot/" "Mozilla/5.0 (Windows NT 10.0; Win64; x64) AppleWebKit/537.36 (KHTML, like Gecko) Chrome/69.0.3497.92 Safari/537.36"
10.10.85.17 - - [14/Sep/2018:19:27:15 -0300] "GET /openshot/13%20Como%20fazer%20pao%20frances%20de%20padaria.mp4 HTTP/1.1" 200 268640 "http://10.10.84.19/openshot/" "Mozilla/5.0 (Windows NT 10.0; Win64; x64) AppleWebKit/537.36 (KHTML, like Gecko) Chrome/68.0.3440.106 Safari/537.36"
10.10.84.131 - - [14/Sep/2018:19:27:11 -0300] "GET /openshot/09%20Como%20extrair%20a%20polpa%20do%20Acai.mp4 HTTP/1.1" 206 4768360 "http://10.10.84.19/openshot/09%20Como%20extrair%20a%20polpa%20do%20Acai.mp4" "Mozilla/5.0 (Windows NT 10.0; Win64; x64) AppleWebKit/537.36 (KHTML, like Gecko) Chrome/69.0.3497.92 Safari/537.36"
10.10.84.131 - - [14/Sep/2018:19:27:21 -0300] "GET /openshot/10%20Como%20fazer%20acai%20caseiro%20do%20inicio%20ao%20fim.mp4 HTTP/1.1" 200 49640 "http://10.10.84.19/openshot/" "Mozilla/5.0 (Windows NT 10.0; Win64; x64) AppleWebKit/537.36 (KHTML, like Gecko) Chrome/69.0.3497.92 Safari/537.36"
10.10.84.83 - - [14/Sep/2018:19:27:08 -0300] "GET /openshot/10%20Como%20fazer%20acai%20caseiro%20do%20inicio%20ao%20fim.mp4 HTTP/1.1" 206 10028740 "http://10.10.84.19/openshot/10%20Como%20fazer%20acai%20caseiro%20do%20inicio%20ao%20fim.mp4" "Mozilla/5.0 (Windows NT 10.0; Win64; x64) AppleWebKit/537.36 (KHTML, like Gecko) Chrome/68.0.3440.106 Safari/537.36"
10.10.84.83 - - [14/Sep/2018:19:27:10 -0300] "GET /openshot/11%20Como%20fazer%20um%20bolo%20de%20milho.mp4 HTTP/1.1" 206 4142020 "http://10.10.84.19/openshot/11%20Como%20fazer%20um%20bolo%20de%20milho.mp4" "Mozilla/5.0 (Windows NT 10.0; Win64; x64) AppleWebKit/537.36 (KHTML, like Gecko) Chrome/68.0.3440.106 Safari/537.36"
10.10.84.83 - - [14/Sep/2018:19:27:12 -0300] "GET /openshot/12%20Como%20fazer%20caldo%20de%20mocoto.mp4 HTTP/1.1" 206 3950760 "http://10.10.84.19/openshot/12%20Como%20fazer%20caldo%20de%20mocoto.mp4" "Mozilla/5.0 (Windows NT 10.0; Win64; x64) AppleWebKit/537.36 (KHTML, like Gecko) Chrome/68.0.3440.106 Safari/537.36"
10.10.86.169 - - [14/Sep/2018:19:27:24 -0300] "GET /openshot/09%20Como%20extrair%20a%20polpa%20do%20Acai.mp4 HTTP/1.1" 206 346 "http://10.10.84.19/openshot/" "Mozilla/5.0 (Windows NT 10.0; Win64; x64) AppleWebKit/537.36 (KHTML, like Gecko) Chrome/68.0.3440.106 Safari/537.36"
10.10.86.169 - - [14/Sep/2018:19:27:24 -0300] "GET /openshot/09%20Como%20extrair%20a%20polpa%20do%20Acai.mp4 HTTP/1.1" 206 40880 "http://10.10.84.19/openshot/" "Mozilla/5.0 (Windows NT 10.0; Win64; x64) AppleWebKit/537.36 (KHTML, like Gecko) Chrome/68.0.3440.106 Safari/537.36"
10.10.84.83 - - [14/Sep/2018:19:27:12 -0300] "GET /openshot/11%20Como%20fazer%20um%20bolo%20de%20milho.mp4 HTTP/1.1" 200 37267485 "-" "Mozilla/5.0 (Windows NT 10.0; Win64; x64) AppleWebKit/537.36 (KHTML, like Gecko) Chrome/68.0.3440.106 Safari/537.36"
10.10.80.100 - - [14/Sep/2018:19:27:25 -0300] "GET /openshot/09%20Como%20extrair%20a%20polpa%20do%20Acai.mp4 HTTP/1.1" 206 346 "http://10.10.84.19/openshot/" "Mozilla/5.0 (Windows NT 10.0; Win64; x64) AppleWebKit/537.36 (KHTML, like Gecko) Chrome/68.0.3440.106 Safari/537.36"
10.10.80.100 - - [14/Sep/2018:19:27:25 -0300] "GET /openshot/09%20Como%20extrair%20a%20polpa%20do%20Acai.mp4 HTTP/1.1" 206 29200 "http://10.10.84.19/openshot/" "Mozilla/5.0 (Windows NT 10.0; Win64; x64) AppleWebKit/537.36 (KHTML, like Gecko) Chrome/68.0.3440.106 Safari/537.36"
10.10.84.83 - - [14/Sep/2018:19:27:21 -0300] "GET /openshot/13%20Como%20fazer%20pao%20frances%20de%20padaria.mp4 HTTP/1.1" 206 5207820 "http://10.10.84.19/openshot/13%20Como%20fazer%20pao%20frances%20de%20padaria.mp4" "Mozilla/5.0 (Windows NT 10.0; Win64; x64) AppleWebKit/537.36 (KHTML, like Gecko) Chrome/68.0.3440.106 Safari/537.36"
10.10.84.131 - - [14/Sep/2018:19:27:21 -0300] "GET /openshot/10%20Como%20fazer%20acai%20caseiro%20do%20inicio%20ao%20fim.mp4 HTTP/1.1" 206 6806520 "http://10.10.84.19/openshot/10%20Como%20fazer%20acai%20caseiro%20do%20inicio%20ao%20fim.mp4" "Mozilla/5.0 (Windows NT 10.0; Win64; x64) AppleWebKit/537.36 (KHTML, like Gecko) Chrome/69.0.3497.92 Safari/537.36"
10.10.84.131 - - [14/Sep/2018:19:27:15 -0300] "GET /openshot/09%20Como%20extrair%20a%20polpa%20do%20Acai.mp4 HTTP/1.1" 200 28253294 "-" "Mozilla/5.0 (Windows NT 10.0; Win64; x64) AppleWebKit/537.36 (KHTML, like Gecko) Chrome/69.0.3497.92 Safari/537.36"
10.10.84.131 - - [14/Sep/2018:19:27:27 -0300] "GET /openshot/11%20Como%20fazer%20um%20bolo%20de%20milho.mp4 HTTP/1.1" 200 110960 "http://10.10.84.19/openshot/" "Mozilla/5.0 (Windows NT 10.0; Win64; x64) AppleWebKit/537.36 (KHTML, like Gecko) Chrome/69.0.3497.92 Safari/537.36"
10.10.81.199 - - [14/Sep/2018:19:27:30 -0300] "GET /openshot/10%20Como%20fazer%20acai%20caseiro%20do%20inicio%20ao%20fim.mp4 HTTP/1.1" 200 40880 "http://10.10.84.19/openshot/" "Mozilla/5.0 (Windows NT 10.0; Win64; x64) AppleWebKit/537.36 (KHTML, like Gecko) Chrome/69.0.3497.92 Safari/537.36"
10.10.84.131 - - [14/Sep/2018:19:27:27 -0300] "GET /openshot/11%20Como%20fazer%20um%20bolo%20de%20milho.mp4 HTTP/1.1" 206 4172680 "http://10.10.84.19/openshot/11%20Como%20fazer%20um%20bolo%20de%20milho.mp4" "Mozilla/5.0 (Windows NT 10.0; Win64; x64) AppleWebKit/537.36 (KHTML, like Gecko) Chrome/69.0.3497.92 Safari/537.36"
10.10.80.100 - - [14/Sep/2018:19:27:34 -0300] "GET /openshot/09%20Como%20extrair%20a%20polpa%20do%20Acai.mp4 HTTP/1.1" 206 346 "http://10.10.84.19/openshot/09%20Como%20extrair%20a%20polpa%20do%20Acai.mp4" "Mozilla/5.0 (Windows NT 10.0; Win64; x64) AppleWebKit/537.36 (KHTML, like Gecko) Chrome/68.0.3440.106 Safari/537.36"
10.10.84.131 - - [14/Sep/2018:19:27:35 -0300] "GET /openshot/12%20Como%20fazer%20caldo%20de%20mocoto.mp4 HTTP/1.1" 200 39420 "http://10.10.84.19/openshot/" "Mozilla/5.0 (Windows NT 10.0; Win64; x64) AppleWebKit/537.36 (KHTML, like Gecko) Chrome/69.0.3497.92 Safari/537.36"
10.10.84.131 - - [14/Sep/2018:19:27:35 -0300] "GET /openshot/12%20Como%20fazer%20caldo%20de%20mocoto.mp4 HTTP/1.1" 206 4015000 "http://10.10.84.19/openshot/12%20Como%20fazer%20caldo%20de%20mocoto.mp4" "Mozilla/5.0 (Windows NT 10.0; Win64; x64) AppleWebKit/537.36 (KHTML, like Gecko) Chrome/69.0.3497.92 Safari/537.36"
10.10.81.199 - - [14/Sep/2018:19:27:30 -0300] "GET /openshot/10%20Como%20fazer%20acai%20caseiro%20do%20inicio%20ao%20fim.mp4 HTTP/1.1" 206 8589180 "http://10.10.84.19/openshot/10%20Como%20fazer%20acai%20caseiro%20do%20inicio%20ao%20fim.mp4" "Mozilla/5.0 (Windows NT 10.0; Win64; x64) AppleWebKit/537.36 (KHTML, like Gecko) Chrome/69.0.3497.92 Safari/537.36"
10.10.84.131 - - [14/Sep/2018:19:27:40 -0300] "GET /openshot/13%20Como%20fazer%20pao%20frances%20de%20padaria.mp4 HTTP/1.1" 200 40880 "http://10.10.84.19/openshot/" "Mozilla/5.0 (Windows NT 10.0; Win64; x64) AppleWebKit/537.36 (KHTML, like Gecko) Chrome/69.0.3497.92 Safari/537.36"
10.10.81.199 - - [14/Sep/2018:19:27:42 -0300] "GET /openshot/09%20Como%20extrair%20a%20polpa%20do%20Acai.mp4 HTTP/1.1" 206 346 "http://10.10.84.19/openshot/" "Mozilla/5.0 (Windows NT 10.0; Win64; x64) AppleWebKit/537.36 (KHTML, like Gecko) Chrome/69.0.3497.92 Safari/537.36"
10.10.81.199 - - [14/Sep/2018:19:27:42 -0300] "GET /openshot/09%20Como%20extrair%20a%20polpa%20do%20Acai.mp4 HTTP/1.1" 206 29200 "http://10.10.84.19/openshot/" "Mozilla/5.0 (Windows NT 10.0; Win64; x64) AppleWebKit/537.36 (KHTML, like Gecko) Chrome/69.0.3497.92 Safari/537.36"
10.10.85.17 - - [14/Sep/2018:19:27:38 -0300] "GET /openshot/09%20Como%20extrair%20a%20polpa%20do%20Acai.mp4 HTTP/1.1" 206 4690980 "http://10.10.84.19/openshot/09%20Como%20extrair%20a%20polpa%20do%20Acai.mp4" "Mozilla/5.0 (Windows NT 10.0; Win64; x64) AppleWebKit/537.36 (KHTML, like Gecko) Chrome/68.0.3440.106 Safari/537.36"
10.10.82.227 - - [14/Sep/2018:19:27:44 -0300] "GET /openshot/09%20Como%20extrair%20a%20polpa%20do%20Acai.mp4 HTTP/1.1" 206 40880 "http://10.10.84.19/openshot/" "Mozilla/5.0 (Windows NT 10.0; Win64; x64; rv:58.0) Gecko/20100101 Firefox/58.0"
10.10.84.131 - - [14/Sep/2018:19:27:40 -0300] "GET /openshot/13%20Como%20fazer%20pao%20frances%20de%20padaria.mp4 HTTP/1.1" 206 3696720 "http://10.10.84.19/openshot/13%20Como%20fazer%20pao%20frances%20de%20padaria.mp4" "Mozilla/5.0 (Windows NT 10.0; Win64; x64) AppleWebKit/537.36 (KHTML, like Gecko) Chrome/69.0.3497.92 Safari/537.36"
10.10.85.17 - - [14/Sep/2018:19:27:43 -0300] "GET /openshot/10%20Como%20fazer%20acai%20caseiro%20do%20inicio%20ao%20fim.mp4 HTTP/1.1" 206 2998840 "http://10.10.84.19/openshot/10%20Como%20fazer%20acai%20caseiro%20do%20inicio%20ao%20fim.mp4" "Mozilla/5.0 (Windows NT 10.0; Win64; x64) AppleWebKit/537.36 (KHTML, like Gecko) Chrome/68.0.3440.106 Safari/537.36"
10.10.80.66 - - [14/Sep/2018:19:27:49 -0300] "GET /openshot/09%20Como%20extrair%20a%20polpa%20do%20Acai.mp4 HTTP/1.1" 206 52560 "-" "Mozilla/5.0 (Windows NT 10.0; Win64; x64; rv:58.0) Gecko/20100101 Firefox/58.0"
10.10.84.83 - - [14/Sep/2018:19:27:14 -0300] "GET /openshot/12%20Como%20fazer%20caldo%20de%20mocoto.mp4 HTTP/1.1" 200 46776253 "-" "Mozilla/5.0 (Windows NT 10.0; Win64; x64) AppleWebKit/537.36 (KHTML, like Gecko) Chrome/68.0.3440.106 Safari/537.36"
10.10.85.17 - - [14/Sep/2018:19:27:48 -0300] "GET /openshot/11%20Como%20fazer%20um%20bolo%20de%20milho.mp4 HTTP/1.1" 206 2076120 "http://10.10.84.19/openshot/11%20Como%20fazer%20um%20bolo%20de%20milho.mp4" "Mozilla/5.0 (Windows NT 10.0; Win64; x64) AppleWebKit/537.36 (KHTML, like Gecko) Chrome/68.0.3440.106 Safari/537.36"
10.10.80.66 - - [14/Sep/2018:19:27:55 -0300] "GET /openshot/09%20Como%20extrair%20a%20polpa%20do%20Acai.mp4 HTTP/1.1" 200 179580 "-" "Mozilla/5.0 (Windows NT 10.0; Win64; x64; rv:58.0) Gecko/20100101 Firefox/58.0"
10.10.86.169 - - [14/Sep/2018:19:27:56 -0300] "GET / HTTP/1.1" 200 1223 "http://10.10.84.19/openshot/" "Mozilla/5.0 (Windows NT 10.0; Win64; x64) AppleWebKit/537.36 (KHTML, like Gecko) Chrome/68.0.3440.106 Safari/537.36"
10.10.86.169 - - [14/Sep/2018:19:28:00 -0300] "GET /openshot/ HTTP/1.1" 200 1362 "http://10.10.84.19/" "Mozilla/5.0 (Windows NT 10.0; Win64; x64) AppleWebKit/537.36 (KHTML, like Gecko) Chrome/68.0.3440.106 Safari/537.36"
10.10.81.199 - - [14/Sep/2018:19:28:02 -0300] "GET /openshot/11%20Como%20fazer%20um%20bolo%20de%20milho.mp4 HTTP/1.1" 200 29200 "http://10.10.84.19/openshot/" "Mozilla/5.0 (Windows NT 10.0; Win64; x64) AppleWebKit/537.36 (KHTML, like Gecko) Chrome/69.0.3497.92 Safari/537.36"
10.10.85.17 - - [14/Sep/2018:19:27:54 -0300] "GET /openshot/12%20Como%20fazer%20caldo%20de%20mocoto.mp4 HTTP/1.1" 206 2575440 "http://10.10.84.19/openshot/12%20Como%20fazer%20caldo%20de%20mocoto.mp4" "Mozilla/5.0 (Windows NT 10.0; Win64; x64) AppleWebKit/537.36 (KHTML, like Gecko) Chrome/68.0.3440.106 Safari/537.36"
10.10.80.100 - - [14/Sep/2018:19:28:04 -0300] "GET /openshot/10%20Como%20fazer%20acai%20caseiro%20do%20inicio%20ao%20fim.mp4 HTTP/1.1" 200 29200 "http://10.10.84.19/openshot/" "Mozilla/5.0 (Windows NT 10.0; Win64; x64) AppleWebKit/537.36 (KHTML, like Gecko) Chrome/68.0.3440.106 Safari/537.36"
10.10.81.199 - - [14/Sep/2018:19:28:02 -0300] "GET /openshot/11%20Como%20fazer%20um%20bolo%20de%20milho.mp4 HTTP/1.1" 206 1372400 "http://10.10.84.19/openshot/11%20Como%20fazer%20um%20bolo%20de%20milho.mp4" "Mozilla/5.0 (Windows NT 10.0; Win64; x64) AppleWebKit/537.36 (KHTML, like Gecko) Chrome/69.0.3497.92 Safari/537.36"
10.10.81.199 - - [14/Sep/2018:19:28:09 -0300] "GET /openshot/12%20Como%20fazer%20caldo%20de%20mocoto.mp4 HTTP/1.1" 200 29200 "http://10.10.84.19/openshot/" "Mozilla/5.0 (Windows NT 10.0; Win64; x64) AppleWebKit/537.36 (KHTML, like Gecko) Chrome/69.0.3497.92 Safari/537.36"
10.10.84.19 - - [14/Sep/2018:19:28:11 -0300] "GET /openshot/audios/ HTTP/1.1" 200 1119 "http://10.10.84.19/openshot/" "Mozilla/5.0 (X11; Linux x86_64) AppleWebKit/537.36 (KHTML, like Gecko) Chrome/65.0.3325.146 Safari/537.36"
