10.10.84.170 - - [14/Sep/2018:19:35:21 -0300] "GET /openshot/audios/07%20Tema%20de%20vitoria%20e%20conquista%20Vangelis%20-%20The%20Chariots%20of%20Fire.mp3 HTTP/1.1" 200 86140 "http://10.10.84.19/openshot/audios/" "Mozilla/5.0 (Windows NT 10.0; Win64; x64) AppleWebKit/537.36 (KHTML, like Gecko) Chrome/68.0.3440.106 Safari/537.36"
10.10.84.170 - - [14/Sep/2018:19:35:23 -0300] "GET /openshot/audios/08%20Tema%20de%20vitoria%20Queen%20-%20We%20Are%20The%20Champions.mp3 HTTP/1.1" 200 75920 "http://10.10.84.19/openshot/audios/" "Mozilla/5.0 (Windows NT 10.0; Win64; x64) AppleWebKit/537.36 (KHTML, like Gecko) Chrome/68.0.3440.106 Safari/537.36"
::1 - - [14/Sep/2018:19:35:23 -0300] "OPTIONS * HTTP/1.0" 200 126 "-" "Apache/2.4.29 (Ubuntu) (internal dummy connection)"
10.10.84.170 - - [14/Sep/2018:19:35:24 -0300] "GET /openshot/audios/01%20Musica%20impactante%20para%20formaturas%20apresentacoes%20espetaculos%202.mp3 HTTP/1.1" 206 1838140 "http://10.10.84.19/openshot/audios/01%20Musica%20impactante%20para%20formaturas%20apresentacoes%20espetaculos%202.mp3" "Mozilla/5.0 (Windows NT 10.0; Win64; x64) AppleWebKit/537.36 (KHTML, like Gecko) Chrome/68.0.3440.106 Safari/537.36"
10.10.84.170 - - [14/Sep/2018:19:35:26 -0300] "GET /openshot/audios/01%20Musica%20impactante%20para%20formaturas%20apresentacoes%20espetaculos%202.mp3 HTTP/1.1" 200 1843286 "-" "Mozilla/5.0 (Windows NT 10.0; Win64; x64) AppleWebKit/537.36 (KHTML, like Gecko) Chrome/68.0.3440.106 Safari/537.36"
10.10.84.170 - - [14/Sep/2018:19:35:28 -0300] "GET /openshot/audios/02%20Musica%20impactante%20para%20formaturas%20apresentacoes%20espetaculos%203.mp3 HTTP/1.1" 206 1661480 "http://10.10.84.19/openshot/audios/02%20Musica%20impactante%20para%20formaturas%20apresentacoes%20espetaculos%203.mp3" "Mozilla/5.0 (Windows NT 10.0; Win64; x64) AppleWebKit/537.36 (KHTML, like Gecko) Chrome/68.0.3440.106 Safari/537.36"
10.10.84.170 - - [14/Sep/2018:19:34:13 -0300] "GET /openshot/11%20Como%20fazer%20um%20bolo%20de%20milho.mp4 HTTP/1.1" 200 37267485 "-" "Mozilla/5.0 (Windows NT 10.0; Win64; x64) AppleWebKit/537.36 (KHTML, like Gecko) Chrome/68.0.3440.106 Safari/537.36"
10.10.84.170 - - [14/Sep/2018:19:35:32 -0300] "GET /openshot/audios/03%20Musica%20impactante%20para%20formaturas%20apresentacoes%20espetaculos%204.mp3 HTTP/1.1" 206 1441020 "http://10.10.84.19/openshot/audios/03%20Musica%20impactante%20para%20formaturas%20apresentacoes%20espetaculos%204.mp3" "Mozilla/5.0 (Windows NT 10.0; Win64; x64) AppleWebKit/537.36 (KHTML, like Gecko) Chrome/68.0.3440.106 Safari/537.36"
10.10.84.170 - - [14/Sep/2018:19:35:30 -0300] "GET /openshot/audios/02%20Musica%20impactante%20para%20formaturas%20apresentacoes%20espetaculos%203.mp3 HTTP/1.1" 200 4083128 "-" "Mozilla/5.0 (Windows NT 10.0; Win64; x64) AppleWebKit/537.36 (KHTML, like Gecko) Chrome/68.0.3440.106 Safari/537.36"
10.10.84.170 - - [14/Sep/2018:19:35:36 -0300] "GET /openshot/audios/03%20Musica%20impactante%20para%20formaturas%20apresentacoes%20espetaculos%204.mp3 HTTP/1.1" 200 2034710 "-" "Mozilla/5.0 (Windows NT 10.0; Win64; x64) AppleWebKit/537.36 (KHTML, like Gecko) Chrome/68.0.3440.106 Safari/537.36"
10.10.84.170 - - [14/Sep/2018:19:35:38 -0300] "GET /openshot/audios/04%20Musicas%20para%20videos%20eventos%20teatro%20som%20de%20fundo%20by%20mesx%20wmv.mp3 HTTP/1.1" 206 2084880 "http://10.10.84.19/openshot/audios/04%20Musicas%20para%20videos%20eventos%20teatro%20som%20de%20fundo%20by%20mesx%20wmv.mp3" "Mozilla/5.0 (Windows NT 10.0; Win64; x64) AppleWebKit/537.36 (KHTML, like Gecko) Chrome/68.0.3440.106 Safari/537.36"
10.10.84.170 - - [14/Sep/2018:19:35:41 -0300] "GET /openshot/audios/04%20Musicas%20para%20videos%20eventos%20teatro%20som%20de%20fundo%20by%20mesx%20wmv.mp3 HTTP/1.1" 200 5891217 "-" "Mozilla/5.0 (Windows NT 10.0; Win64; x64) AppleWebKit/537.36 (KHTML, like Gecko) Chrome/68.0.3440.106 Safari/537.36"
10.10.82.155 - - [14/Sep/2018:19:36:01 -0300] "GET /openshot/audios/ HTTP/1.1" 200 1119 "http://10.10.84.19/openshot/" "Mozilla/5.0 (Windows NT 10.0; Win64; x64) AppleWebKit/537.36 (KHTML, like Gecko) Chrome/68.0.3440.106 Safari/537.36"
10.10.84.170 - - [14/Sep/2018:19:35:47 -0300] "GET /openshot/audios/05%20Som%20de%20Fundo%20para%20Videos.mp3 HTTP/1.1" 200 6722922 "-" "Mozilla/5.0 (Windows NT 10.0; Win64; x64) AppleWebKit/537.36 (KHTML, like Gecko) Chrome/68.0.3440.106 Safari/537.36"
10.10.84.170 - - [14/Sep/2018:19:35:42 -0300] "GET /openshot/audios/05%20Som%20de%20Fundo%20para%20Videos.mp3 HTTP/1.1" 206 3994560 "http://10.10.84.19/openshot/audios/05%20Som%20de%20Fundo%20para%20Videos.mp3" "Mozilla/5.0 (Windows NT 10.0; Win64; x64) AppleWebKit/537.36 (KHTML, like Gecko) Chrome/68.0.3440.106 Safari/537.36"
10.10.84.170 - - [14/Sep/2018:19:35:55 -0300] "GET /openshot/audios/06%20Tema%20de%20conquista%20e%20gloria%20Vangelis%20-%20The%20Conquest%20of%20Paradise.mp3 HTTP/1.1" 206 4067560 "http://10.10.84.19/openshot/audios/06%20Tema%20de%20conquista%20e%20gloria%20Vangelis%20-%20The%20Conquest%20of%20Paradise.mp3" "Mozilla/5.0 (Windows NT 10.0; Win64; x64) AppleWebKit/537.36 (KHTML, like Gecko) Chrome/68.0.3440.106 Safari/537.36"
10.10.82.155 - - [14/Sep/2018:19:36:05 -0300] "GET /openshot/ HTTP/1.1" 200 1362 "http://10.10.84.19/openshot/audios/" "Mozilla/5.0 (Windows NT 10.0; Win64; x64) AppleWebKit/537.36 (KHTML, like Gecko) Chrome/68.0.3440.106 Safari/537.36"
10.10.84.170 - - [14/Sep/2018:19:36:05 -0300] "GET /openshot/audios/07%20Tema%20de%20vitoria%20e%20conquista%20Vangelis%20-%20The%20Chariots%20of%20Fire.mp3 HTTP/1.1" 206 1535920 "http://10.10.84.19/openshot/audios/07%20Tema%20de%20vitoria%20e%20conquista%20Vangelis%20-%20The%20Chariots%20of%20Fire.mp3" "Mozilla/5.0 (Windows NT 10.0; Win64; x64) AppleWebKit/537.36 (KHTML, like Gecko) Chrome/68.0.3440.106 Safari/537.36"
10.10.82.155 - - [14/Sep/2018:19:36:09 -0300] "GET /openshot/audios/ HTTP/1.1" 200 1118 "http://10.10.84.19/openshot/" "Mozilla/5.0 (Windows NT 10.0; Win64; x64) AppleWebKit/537.36 (KHTML, like Gecko) Chrome/68.0.3440.106 Safari/537.36"
10.10.84.170 - - [14/Sep/2018:19:36:07 -0300] "GET /openshot/audios/07%20Tema%20de%20vitoria%20e%20conquista%20Vangelis%20-%20The%20Chariots%20of%20Fire.mp3 HTTP/1.1" 200 2475238 "-" "Mozilla/5.0 (Windows NT 10.0; Win64; x64) AppleWebKit/537.36 (KHTML, like Gecko) Chrome/68.0.3440.106 Safari/537.36"
10.10.84.170 - - [14/Sep/2018:19:36:03 -0300] "GET /openshot/audios/06%20Tema%20de%20conquista%20e%20gloria%20Vangelis%20-%20The%20Conquest%20of%20Paradise.mp3 HTTP/1.1" 200 4511955 "-" "Mozilla/5.0 (Windows NT 10.0; Win64; x64) AppleWebKit/537.36 (KHTML, like Gecko) Chrome/68.0.3440.106 Safari/537.36"
10.10.84.170 - - [14/Sep/2018:19:36:09 -0300] "GET /openshot/audios/08%20Tema%20de%20vitoria%20Queen%20-%20We%20Are%20The%20Champions.mp3 HTTP/1.1" 206 2353232 "http://10.10.84.19/openshot/audios/08%20Tema%20de%20vitoria%20Queen%20-%20We%20Are%20The%20Champions.mp3" "Mozilla/5.0 (Windows NT 10.0; Win64; x64) AppleWebKit/537.36 (KHTML, like Gecko) Chrome/68.0.3440.106 Safari/537.36"
10.10.82.155 - - [14/Sep/2018:19:35:12 -0300] "GET /openshot/09%20Como%20extrair%20a%20polpa%20do%20Acai.mp4 HTTP/1.1" 200 28253294 "http://10.10.84.19/openshot/" "Mozilla/5.0 (Windows NT 10.0; Win64; x64) AppleWebKit/537.36 (KHTML, like Gecko) Chrome/68.0.3440.106 Safari/537.36"
10.10.84.170 - - [14/Sep/2018:19:36:14 -0300] "GET /openshot/audios/08%20Tema%20de%20vitoria%20Queen%20-%20We%20Are%20The%20Champions.mp3 HTTP/1.1" 200 2353178 "-" "Mozilla/5.0 (Windows NT 10.0; Win64; x64) AppleWebKit/537.36 (KHTML, like Gecko) Chrome/68.0.3440.106 Safari/537.36"
10.10.84.170 - - [14/Sep/2018:19:34:38 -0300] "GET /openshot/12%20Como%20fazer%20caldo%20de%20mocoto.mp4 HTTP/1.1" 200 46776253 "-" "Mozilla/5.0 (Windows NT 10.0; Win64; x64) AppleWebKit/537.36 (KHTML, like Gecko) Chrome/68.0.3440.106 Safari/537.36"
10.10.84.83 - - [14/Sep/2018:19:27:09 -0300] "GET /openshot/10%20Como%20fazer%20acai%20caseiro%20do%20inicio%20ao%20fim.mp4 HTTP/1.1" 200 305528069 "-" "Mozilla/5.0 (Windows NT 10.0; Win64; x64) AppleWebKit/537.36 (KHTML, like Gecko) Chrome/68.0.3440.106 Safari/537.36"
10.10.85.17 - - [14/Sep/2018:19:31:30 -0300] "GET /openshot/audios/05%20Som%20de%20Fundo%20para%20Videos.mp3 HTTP/1.1" 200 262800 "-" "Mozilla/5.0 (Windows NT 10.0; Win64; x64) AppleWebKit/537.36 (KHTML, like Gecko) Chrome/68.0.3440.106 Safari/537.36"
::1 - - [14/Sep/2018:19:36:32 -0300] "OPTIONS * HTTP/1.0" 200 126 "-" "Apache/2.4.29 (Ubuntu) (internal dummy connection)"
::1 - - [14/Sep/2018:19:36:33 -0300] "OPTIONS * HTTP/1.0" 200 126 "-" "Apache/2.4.29 (Ubuntu) (internal dummy connection)"
::1 - - [14/Sep/2018:19:36:38 -0300] "OPTIONS * HTTP/1.0" 200 126 "-" "Apache/2.4.29 (Ubuntu) (internal dummy connection)"
10.10.85.17 - - [14/Sep/2018:19:31:55 -0300] "GET /openshot/audios/06%20Tema%20de%20conquista%20e%20gloria%20Vangelis%20-%20The%20Conquest%20of%20Paradise.mp3 HTTP/1.1" 200 262800 "-" "Mozilla/5.0 (Windows NT 10.0; Win64; x64) AppleWebKit/537.36 (KHTML, like Gecko) Chrome/68.0.3440.106 Safari/537.36"
::1 - - [14/Sep/2018:19:36:57 -0300] "OPTIONS * HTTP/1.0" 200 126 "-" "Apache/2.4.29 (Ubuntu) (internal dummy connection)"
10.10.82.155 - - [14/Sep/2018:19:35:38 -0300] "GET /openshot/11%20Como%20fazer%20um%20bolo%20de%20milho.mp4 HTTP/1.1" 200 37267485 "http://10.10.84.19/openshot/" "Mozilla/5.0 (Windows NT 10.0; Win64; x64) AppleWebKit/537.36 (KHTML, like Gecko) Chrome/68.0.3440.106 Safari/537.36"
::1 - - [14/Sep/2018:19:37:09 -0300] "OPTIONS * HTTP/1.0" 200 126 "-" "Apache/2.4.29 (Ubuntu) (internal dummy connection)"
10.10.82.155 - - [14/Sep/2018:19:35:43 -0300] "GET /openshot/12%20Como%20fazer%20caldo%20de%20mocoto.mp4 HTTP/1.1" 200 46776253 "http://10.10.84.19/openshot/" "Mozilla/5.0 (Windows NT 10.0; Win64; x64) AppleWebKit/537.36 (KHTML, like Gecko) Chrome/68.0.3440.106 Safari/537.36"
::1 - - [14/Sep/2018:19:37:32 -0300] "OPTIONS * HTTP/1.0" 200 126 "-" "Apache/2.4.29 (Ubuntu) (internal dummy connection)"
10.10.84.131 - - [14/Sep/2018:19:27:23 -0300] "GET /openshot/10%20Como%20fazer%20acai%20caseiro%20do%20inicio%20ao%20fim.mp4 HTTP/1.1" 200 305528069 "-" "Mozilla/5.0 (Windows NT 10.0; Win64; x64) AppleWebKit/537.36 (KHTML, like Gecko) Chrome/69.0.3497.92 Safari/537.36"
10.10.86.169 - - [14/Sep/2018:19:31:53 -0300] "GET /openshot/04%20Picolino%20-%20Cachorro%20Frio.mp4 HTTP/1.1" 200 182778063 "-" "Mozilla/5.0 (Windows NT 10.0; Win64; x64) AppleWebKit/537.36 (KHTML, like Gecko) Chrome/68.0.3440.106 Safari/537.36"
::1 - - [14/Sep/2018:19:38:35 -0300] "OPTIONS * HTTP/1.0" 200 126 "-" "Apache/2.4.29 (Ubuntu) (internal dummy connection)"
::1 - - [14/Sep/2018:19:38:36 -0300] "OPTIONS * HTTP/1.0" 200 126 "-" "Apache/2.4.29 (Ubuntu) (internal dummy connection)"
10.10.84.83 - - [14/Sep/2018:19:27:23 -0300] "GET /openshot/13%20Como%20fazer%20pao%20frances%20de%20padaria.mp4 HTTP/1.1" 200 314368152 "-" "Mozilla/5.0 (Windows NT 10.0; Win64; x64) AppleWebKit/537.36 (KHTML, like Gecko) Chrome/68.0.3440.106 Safari/537.36"
::1 - - [14/Sep/2018:19:39:16 -0300] "OPTIONS * HTTP/1.0" 200 126 "-" "Apache/2.4.29 (Ubuntu) (internal dummy connection)"
10.10.81.199 - - [14/Sep/2018:19:27:37 -0300] "GET /openshot/10%20Como%20fazer%20acai%20caseiro%20do%20inicio%20ao%20fim.mp4 HTTP/1.1" 200 305528069 "-" "Mozilla/5.0 (Windows NT 10.0; Win64; x64) AppleWebKit/537.36 (KHTML, like Gecko) Chrome/69.0.3497.92 Safari/537.36"
::1 - - [14/Sep/2018:19:39:43 -0300] "OPTIONS * HTTP/1.0" 200 126 "-" "Apache/2.4.29 (Ubuntu) (internal dummy connection)"
10.10.85.17 - - [14/Sep/2018:19:27:47 -0300] "GET /openshot/10%20Como%20fazer%20acai%20caseiro%20do%20inicio%20ao%20fim.mp4 HTTP/1.1" 200 305528069 "-" "Mozilla/5.0 (Windows NT 10.0; Win64; x64) AppleWebKit/537.36 (KHTML, like Gecko) Chrome/68.0.3440.106 Safari/537.36"
10.10.84.131 - - [14/Sep/2018:19:27:43 -0300] "GET /openshot/13%20Como%20fazer%20pao%20frances%20de%20padaria.mp4 HTTP/1.1" 200 314368152 "-" "Mozilla/5.0 (Windows NT 10.0; Win64; x64) AppleWebKit/537.36 (KHTML, like Gecko) Chrome/69.0.3497.92 Safari/537.36"
::1 - - [14/Sep/2018:19:40:01 -0300] "OPTIONS * HTTP/1.0" 200 126 "-" "Apache/2.4.29 (Ubuntu) (internal dummy connection)"
::1 - - [14/Sep/2018:19:40:08 -0300] "OPTIONS * HTTP/1.0" 200 126 "-" "Apache/2.4.29 (Ubuntu) (internal dummy connection)"
10.10.80.100 - - [14/Sep/2018:19:28:17 -0300] "GET /openshot/10%20Como%20fazer%20acai%20caseiro%20do%20inicio%20ao%20fim.mp4 HTTP/1.1" 206 305525504 "http://10.10.84.19/openshot/10%20Como%20fazer%20acai%20caseiro%20do%20inicio%20ao%20fim.mp4" "Mozilla/5.0 (Windows NT 10.0; Win64; x64) AppleWebKit/537.36 (KHTML, like Gecko) Chrome/68.0.3440.106 Safari/537.36"
10.10.85.17 - - [14/Sep/2018:19:28:09 -0300] "GET /openshot/13%20Como%20fazer%20pao%20frances%20de%20padaria.mp4 HTTP/1.1" 200 314368152 "-" "Mozilla/5.0 (Windows NT 10.0; Win64; x64) AppleWebKit/537.36 (KHTML, like Gecko) Chrome/68.0.3440.106 Safari/537.36"
10.10.81.199 - - [14/Sep/2018:19:28:24 -0300] "GET /openshot/13%20Como%20fazer%20pao%20frances%20de%20padaria.mp4 HTTP/1.1" 200 314368152 "-" "Mozilla/5.0 (Windows NT 10.0; Win64; x64) AppleWebKit/537.36 (KHTML, like Gecko) Chrome/69.0.3497.92 Safari/537.36"
::1 - - [14/Sep/2018:19:40:19 -0300] "OPTIONS * HTTP/1.0" 200 126 "-" "Apache/2.4.29 (Ubuntu) (internal dummy connection)"
::1 - - [14/Sep/2018:19:40:22 -0300] "OPTIONS * HTTP/1.0" 200 126 "-" "Apache/2.4.29 (Ubuntu) (internal dummy connection)"
10.10.80.66 - - [14/Sep/2018:19:28:55 -0300] "GET /openshot/10%20Como%20fazer%20acai%20caseiro%20do%20inicio%20ao%20fim.mp4 HTTP/1.1" 200 305528069 "http://10.10.84.19/openshot/10%20Como%20fazer%20acai%20caseiro%20do%20inicio%20ao%20fim.mp4" "Mozilla/5.0 (Windows NT 10.0; Win64; x64; rv:58.0) Gecko/20100101 Firefox/58.0"
::1 - - [14/Sep/2018:19:40:24 -0300] "OPTIONS * HTTP/1.0" 200 126 "-" "Apache/2.4.29 (Ubuntu) (internal dummy connection)"
::1 - - [14/Sep/2018:19:40:28 -0300] "OPTIONS * HTTP/1.0" 200 126 "-" "Apache/2.4.29 (Ubuntu) (internal dummy connection)"
10.10.86.169 - - [14/Sep/2018:19:29:46 -0300] "GET /openshot/10%20Como%20fazer%20acai%20caseiro%20do%20inicio%20ao%20fim.mp4 HTTP/1.1" 200 305528069 "-" "Mozilla/5.0 (Windows NT 10.0; Win64; x64) AppleWebKit/537.36 (KHTML, like Gecko) Chrome/68.0.3440.106 Safari/537.36"
::1 - - [14/Sep/2018:19:40:44 -0300] "OPTIONS * HTTP/1.0" 200 126 "-" "Apache/2.4.29 (Ubuntu) (internal dummy connection)"
10.10.80.66 - - [14/Sep/2018:19:31:18 -0300] "GET /openshot/13%20Como%20fazer%20pao%20frances%20de%20padaria.mp4 HTTP/1.1" 200 314368152 "-" "Mozilla/5.0 (Windows NT 10.0; Win64; x64) AppleWebKit/537.36 (KHTML, like Gecko) Chrome/68.0.3440.106 Safari/537.36"
10.10.86.169 - - [14/Sep/2018:19:30:14 -0300] "GET /openshot/13%20Como%20fazer%20pao%20frances%20de%20padaria.mp4 HTTP/1.1" 200 314368152 "-" "Mozilla/5.0 (Windows NT 10.0; Win64; x64) AppleWebKit/537.36 (KHTML, like Gecko) Chrome/68.0.3440.106 Safari/537.36"
10.10.82.227 - - [14/Sep/2018:19:30:40 -0300] "GET /openshot/10%20Como%20fazer%20acai%20caseiro%20do%20inicio%20ao%20fim.mp4 HTTP/1.1" 200 305528069 "-" "Mozilla/5.0 (Windows NT 10.0; Win64; x64) AppleWebKit/537.36 (KHTML, like Gecko) Chrome/68.0.3440.106 Safari/537.36"
::1 - - [14/Sep/2018:19:40:57 -0300] "OPTIONS * HTTP/1.0" 200 126 "-" "Apache/2.4.29 (Ubuntu) (internal dummy connection)"
10.10.87.25 - - [14/Sep/2018:19:31:35 -0300] "GET /openshot/10%20Como%20fazer%20acai%20caseiro%20do%20inicio%20ao%20fim.mp4 HTTP/1.1" 200 305528069 "-" "Mozilla/5.0 (Windows NT 10.0; Win64; x64) AppleWebKit/537.36 (KHTML, like Gecko) Chrome/68.0.3440.106 Safari/537.36"
10.10.86.169 - - [14/Sep/2018:19:32:49 -0300] "GET /openshot/01%20George%20O%20Curioso%20-%20O%20Macaco.mp4 HTTP/1.1" 200 262370833 "-" "Mozilla/5.0 (Windows NT 10.0; Win64; x64) AppleWebKit/537.36 (KHTML, like Gecko) Chrome/68.0.3440.106 Safari/537.36"
10.10.87.25 - - [14/Sep/2018:19:31:51 -0300] "GET /openshot/13%20Como%20fazer%20pao%20frances%20de%20padaria.mp4 HTTP/1.1" 200 314368152 "-" "Mozilla/5.0 (Windows NT 10.0; Win64; x64) AppleWebKit/537.36 (KHTML, like Gecko) Chrome/68.0.3440.106 Safari/537.36"
::1 - - [14/Sep/2018:19:41:03 -0300] "OPTIONS * HTTP/1.0" 200 126 "-" "Apache/2.4.29 (Ubuntu) (internal dummy connection)"
::1 - - [14/Sep/2018:19:41:04 -0300] "OPTIONS * HTTP/1.0" 200 126 "-" "Apache/2.4.29 (Ubuntu) (internal dummy connection)"
::1 - - [14/Sep/2018:19:41:06 -0300] "OPTIONS * HTTP/1.0" 200 126 "-" "Apache/2.4.29 (Ubuntu) (internal dummy connection)"
::1 - - [14/Sep/2018:19:41:07 -0300] "OPTIONS * HTTP/1.0" 200 126 "-" "Apache/2.4.29 (Ubuntu) (internal dummy connection)"
::1 - - [14/Sep/2018:19:41:08 -0300] "OPTIONS * HTTP/1.0" 200 126 "-" "Apache/2.4.29 (Ubuntu) (internal dummy connection)"
10.10.82.227 - - [14/Sep/2018:19:31:00 -0300] "GET /openshot/13%20Como%20fazer%20pao%20frances%20de%20padaria.mp4 HTTP/1.1" 200 314368152 "-" "Mozilla/5.0 (Windows NT 10.0; Win64; x64) AppleWebKit/537.36 (KHTML, like Gecko) Chrome/68.0.3440.106 Safari/537.36"
10.10.84.170 - - [14/Sep/2018:19:34:09 -0300] "GET /openshot/10%20Como%20fazer%20acai%20caseiro%20do%20inicio%20ao%20fim.mp4 HTTP/1.1" 200 305528069 "-" "Mozilla/5.0 (Windows NT 10.0; Win64; x64) AppleWebKit/537.36 (KHTML, like Gecko) Chrome/68.0.3440.106 Safari/537.36"
::1 - - [14/Sep/2018:19:41:16 -0300] "OPTIONS * HTTP/1.0" 200 126 "-" "Apache/2.4.29 (Ubuntu) (internal dummy connection)"
::1 - - [14/Sep/2018:19:41:19 -0300] "OPTIONS * HTTP/1.0" 200 126 "-" "Apache/2.4.29 (Ubuntu) (internal dummy connection)"
10.10.84.170 - - [14/Sep/2018:19:34:52 -0300] "GET /openshot/13%20Como%20fazer%20pao%20frances%20de%20padaria.mp4 HTTP/1.1" 200 314368152 "-" "Mozilla/5.0 (Windows NT 10.0; Win64; x64) AppleWebKit/537.36 (KHTML, like Gecko) Chrome/68.0.3440.106 Safari/537.36"
10.10.82.155 - - [14/Sep/2018:19:35:27 -0300] "GET /openshot/10%20Como%20fazer%20acai%20caseiro%20do%20inicio%20ao%20fim.mp4 HTTP/1.1" 200 305528069 "http://10.10.84.19/openshot/" "Mozilla/5.0 (Windows NT 10.0; Win64; x64) AppleWebKit/537.36 (KHTML, like Gecko) Chrome/68.0.3440.106 Safari/537.36"
::1 - - [14/Sep/2018:19:41:33 -0300] "OPTIONS * HTTP/1.0" 200 126 "-" "Apache/2.4.29 (Ubuntu) (internal dummy connection)"
10.10.82.155 - - [14/Sep/2018:19:35:49 -0300] "GET /openshot/13%20Como%20fazer%20pao%20frances%20de%20padaria.mp4 HTTP/1.1" 200 314368152 "http://10.10.84.19/openshot/" "Mozilla/5.0 (Windows NT 10.0; Win64; x64) AppleWebKit/537.36 (KHTML, like Gecko) Chrome/68.0.3440.106 Safari/537.36"
::1 - - [14/Sep/2018:19:41:38 -0300] "OPTIONS * HTTP/1.0" 200 126 "-" "Apache/2.4.29 (Ubuntu) (internal dummy connection)"
::1 - - [14/Sep/2018:19:41:41 -0300] "OPTIONS * HTTP/1.0" 200 126 "-" "Apache/2.4.29 (Ubuntu) (internal dummy connection)"
10.10.82.184 - - [14/Sep/2018:19:54:19 -0300] "GET /openshot HTTP/1.1" 301 578 "-" "Mozilla/5.0 (Windows NT 10.0; Win64; x64) AppleWebKit/537.36 (KHTML, like Gecko) Chrome/68.0.3440.106 Safari/537.36"
10.10.82.184 - - [14/Sep/2018:19:54:19 -0300] "GET /openshot/ HTTP/1.1" 200 1362 "-" "Mozilla/5.0 (Windows NT 10.0; Win64; x64) AppleWebKit/537.36 (KHTML, like Gecko) Chrome/68.0.3440.106 Safari/537.36"
10.10.82.184 - - [14/Sep/2018:19:54:19 -0300] "GET /icons/blank.gif HTTP/1.1" 200 431 "http://10.10.84.19/openshot/" "Mozilla/5.0 (Windows NT 10.0; Win64; x64) AppleWebKit/537.36 (KHTML, like Gecko) Chrome/68.0.3440.106 Safari/537.36"
10.10.82.184 - - [14/Sep/2018:19:54:19 -0300] "GET /icons/back.gif HTTP/1.1" 200 500 "http://10.10.84.19/openshot/" "Mozilla/5.0 (Windows NT 10.0; Win64; x64) AppleWebKit/537.36 (KHTML, like Gecko) Chrome/68.0.3440.106 Safari/537.36"
10.10.82.184 - - [14/Sep/2018:19:54:19 -0300] "GET /icons/layout.gif HTTP/1.1" 200 561 "http://10.10.84.19/openshot/" "Mozilla/5.0 (Windows NT 10.0; Win64; x64) AppleWebKit/537.36 (KHTML, like Gecko) Chrome/68.0.3440.106 Safari/537.36"
10.10.82.184 - - [14/Sep/2018:19:54:19 -0300] "GET /icons/sound2.gif HTTP/1.1" 200 505 "http://10.10.84.19/openshot/" "Mozilla/5.0 (Windows NT 10.0; Win64; x64) AppleWebKit/537.36 (KHTML, like Gecko) Chrome/68.0.3440.106 Safari/537.36"
10.10.82.184 - - [14/Sep/2018:19:54:19 -0300] "GET /icons/movie.gif HTTP/1.1" 200 527 "http://10.10.84.19/openshot/" "Mozilla/5.0 (Windows NT 10.0; Win64; x64) AppleWebKit/537.36 (KHTML, like Gecko) Chrome/68.0.3440.106 Safari/537.36"
10.10.82.184 - - [14/Sep/2018:19:54:19 -0300] "GET /icons/folder.gif HTTP/1.1" 200 509 "http://10.10.84.19/openshot/" "Mozilla/5.0 (Windows NT 10.0; Win64; x64) AppleWebKit/537.36 (KHTML, like Gecko) Chrome/68.0.3440.106 Safari/537.36"
10.10.82.184 - - [14/Sep/2018:19:54:19 -0300] "GET /favicon.ico HTTP/1.1" 404 502 "http://10.10.84.19/openshot/" "Mozilla/5.0 (Windows NT 10.0; Win64; x64) AppleWebKit/537.36 (KHTML, like Gecko) Chrome/68.0.3440.106 Safari/537.36"
::1 - - [14/Sep/2018:19:54:27 -0300] "OPTIONS * HTTP/1.0" 200 126 "-" "Apache/2.4.29 (Ubuntu) (internal dummy connection)"
10.10.82.184 - - [14/Sep/2018:19:54:27 -0300] "GET /openshot/09%20Como%20extrair%20a%20polpa%20do%20Acai.mp4 HTTP/1.1" 200 515380 "http://10.10.84.19/openshot/" "Mozilla/5.0 (Windows NT 10.0; Win64; x64) AppleWebKit/537.36 (KHTML, like Gecko) Chrome/68.0.3440.106 Safari/537.36"
10.10.82.184 - - [14/Sep/2018:19:54:31 -0300] "GET /openshot/09%20Como%20extrair%20a%20polpa%20do%20Acai.mp4 HTTP/1.1" 200 28253294 "-" "Mozilla/5.0 (Windows NT 10.0; Win64; x64) AppleWebKit/537.36 (KHTML, like Gecko) Chrome/68.0.3440.106 Safari/537.36"
10.10.82.184 - - [14/Sep/2018:19:54:27 -0300] "GET /openshot/09%20Como%20extrair%20a%20polpa%20do%20Acai.mp4 HTTP/1.1" 206 28253349 "http://10.10.84.19/openshot/09%20Como%20extrair%20a%20polpa%20do%20Acai.mp4" "Mozilla/5.0 (Windows NT 10.0; Win64; x64) AppleWebKit/537.36 (KHTML, like Gecko) Chrome/68.0.3440.106 Safari/537.36"
10.10.84.170 - - [14/Sep/2018:19:59:55 -0300] "GET /openshot/audios/05%20Som%20de%20Fundo%20para%20Videos.mp3 HTTP/1.1" 206 2887758 "http://10.10.84.19/openshot/audios/05%20Som%20de%20Fundo%20para%20Videos.mp3" "Mozilla/5.0 (Windows NT 10.0; Win64; x64) AppleWebKit/537.36 (KHTML, like Gecko) Chrome/68.0.3440.106 Safari/537.36"
10.10.82.109 - - [14/Sep/2018:20:00:06 -0300] "GET / HTTP/1.1" 200 1223 "-" "Mozilla/5.0 (Windows NT 10.0; Win64; x64) AppleWebKit/537.36 (KHTML, like Gecko) Chrome/69.0.3497.92 Safari/537.36"
10.10.82.109 - - [14/Sep/2018:20:00:06 -0300] "GET /icons/blank.gif HTTP/1.1" 200 431 "http://10.10.84.19/" "Mozilla/5.0 (Windows NT 10.0; Win64; x64) AppleWebKit/537.36 (KHTML, like Gecko) Chrome/69.0.3497.92 Safari/537.36"
10.10.82.109 - - [14/Sep/2018:20:00:06 -0300] "GET /icons/binary.gif HTTP/1.1" 200 530 "http://10.10.84.19/" "Mozilla/5.0 (Windows NT 10.0; Win64; x64) AppleWebKit/537.36 (KHTML, like Gecko) Chrome/69.0.3497.92 Safari/537.36"
10.10.82.109 - - [14/Sep/2018:20:00:06 -0300] "GET /icons/unknown.gif HTTP/1.1" 200 529 "http://10.10.84.19/" "Mozilla/5.0 (Windows NT 10.0; Win64; x64) AppleWebKit/537.36 (KHTML, like Gecko) Chrome/69.0.3497.92 Safari/537.36"
10.10.82.109 - - [14/Sep/2018:20:00:06 -0300] "GET /icons/layout.gif HTTP/1.1" 200 561 "http://10.10.84.19/" "Mozilla/5.0 (Windows NT 10.0; Win64; x64) AppleWebKit/537.36 (KHTML, like Gecko) Chrome/69.0.3497.92 Safari/537.36"
10.10.82.109 - - [14/Sep/2018:20:00:06 -0300] "GET /icons/text.gif HTTP/1.1" 200 513 "http://10.10.84.19/" "Mozilla/5.0 (Windows NT 10.0; Win64; x64) AppleWebKit/537.36 (KHTML, like Gecko) Chrome/69.0.3497.92 Safari/537.36"
10.10.82.109 - - [14/Sep/2018:20:00:06 -0300] "GET /icons/compressed.gif HTTP/1.1" 200 1324 "http://10.10.84.19/" "Mozilla/5.0 (Windows NT 10.0; Win64; x64) AppleWebKit/537.36 (KHTML, like Gecko) Chrome/69.0.3497.92 Safari/537.36"
10.10.82.109 - - [14/Sep/2018:20:00:06 -0300] "GET /icons/folder.gif HTTP/1.1" 200 508 "http://10.10.84.19/" "Mozilla/5.0 (Windows NT 10.0; Win64; x64) AppleWebKit/537.36 (KHTML, like Gecko) Chrome/69.0.3497.92 Safari/537.36"
10.10.82.109 - - [14/Sep/2018:20:00:07 -0300] "GET /favicon.ico HTTP/1.1" 404 502 "http://10.10.84.19/" "Mozilla/5.0 (Windows NT 10.0; Win64; x64) AppleWebKit/537.36 (KHTML, like Gecko) Chrome/69.0.3497.92 Safari/537.36"
::1 - - [14/Sep/2018:20:00:14 -0300] "OPTIONS * HTTP/1.0" 200 126 "-" "Apache/2.4.29 (Ubuntu) (internal dummy connection)"
10.10.82.109 - - [14/Sep/2018:20:00:16 -0300] "GET /openshot/ HTTP/1.1" 200 1363 "http://10.10.84.19/" "Mozilla/5.0 (Windows NT 10.0; Win64; x64) AppleWebKit/537.36 (KHTML, like Gecko) Chrome/69.0.3497.92 Safari/537.36"
10.10.82.109 - - [14/Sep/2018:20:00:16 -0300] "GET /icons/back.gif HTTP/1.1" 200 499 "http://10.10.84.19/openshot/" "Mozilla/5.0 (Windows NT 10.0; Win64; x64) AppleWebKit/537.36 (KHTML, like Gecko) Chrome/69.0.3497.92 Safari/537.36"
10.10.82.109 - - [14/Sep/2018:20:00:16 -0300] "GET /icons/movie.gif HTTP/1.1" 200 527 "http://10.10.84.19/openshot/" "Mozilla/5.0 (Windows NT 10.0; Win64; x64) AppleWebKit/537.36 (KHTML, like Gecko) Chrome/69.0.3497.92 Safari/537.36"
10.10.82.109 - - [14/Sep/2018:20:00:16 -0300] "GET /icons/sound2.gif HTTP/1.1" 200 504 "http://10.10.84.19/openshot/" "Mozilla/5.0 (Windows NT 10.0; Win64; x64) AppleWebKit/537.36 (KHTML, like Gecko) Chrome/69.0.3497.92 Safari/537.36"
10.10.82.109 - - [14/Sep/2018:20:00:36 -0300] "GET /openshot/10%20Como%20fazer%20acai%20caseiro%20do%20inicio%20ao%20fim.mp4 HTTP/1.1" 200 313900 "http://10.10.84.19/openshot/" "Mozilla/5.0 (Windows NT 10.0; Win64; x64) AppleWebKit/537.36 (KHTML, like Gecko) Chrome/69.0.3497.92 Safari/537.36"
10.10.82.109 - - [14/Sep/2018:20:00:36 -0300] "GET /openshot/10%20Como%20fazer%20acai%20caseiro%20do%20inicio%20ao%20fim.mp4 HTTP/1.1" 206 6108640 "http://10.10.84.19/openshot/10%20Como%20fazer%20acai%20caseiro%20do%20inicio%20ao%20fim.mp4" "Mozilla/5.0 (Windows NT 10.0; Win64; x64) AppleWebKit/537.36 (KHTML, like Gecko) Chrome/69.0.3497.92 Safari/537.36"
10.10.82.109 - - [14/Sep/2018:20:00:59 -0300] "GET /openshot/10%20Como%20fazer%20acai%20caseiro%20do%20inicio%20ao%20fim.mp4 HTTP/1.1" 206 348 "http://10.10.84.19/openshot/" "Mozilla/5.0 (Windows NT 10.0; Win64; x64) AppleWebKit/537.36 (KHTML, like Gecko) Chrome/69.0.3497.92 Safari/537.36"
10.10.82.109 - - [14/Sep/2018:20:00:59 -0300] "GET /openshot/10%20Como%20fazer%20acai%20caseiro%20do%20inicio%20ao%20fim.mp4 HTTP/1.1" 206 129940 "http://10.10.84.19/openshot/" "Mozilla/5.0 (Windows NT 10.0; Win64; x64) AppleWebKit/537.36 (KHTML, like Gecko) Chrome/69.0.3497.92 Safari/537.36"
10.10.82.109 - - [14/Sep/2018:20:01:02 -0300] "GET /openshot/10%20Como%20fazer%20acai%20caseiro%20do%20inicio%20ao%20fim.mp4 HTTP/1.1" 206 1852740 "http://10.10.84.19/openshot/10%20Como%20fazer%20acai%20caseiro%20do%20inicio%20ao%20fim.mp4" "Mozilla/5.0 (Windows NT 10.0; Win64; x64) AppleWebKit/537.36 (KHTML, like Gecko) Chrome/69.0.3497.92 Safari/537.36"
10.10.82.109 - - [14/Sep/2018:20:01:02 -0300] "GET /openshot/10%20Como%20fazer%20acai%20caseiro%20do%20inicio%20ao%20fim.mp4 HTTP/1.1" 206 7549660 "http://10.10.84.19/openshot/10%20Como%20fazer%20acai%20caseiro%20do%20inicio%20ao%20fim.mp4" "Mozilla/5.0 (Windows NT 10.0; Win64; x64) AppleWebKit/537.36 (KHTML, like Gecko) Chrome/69.0.3497.92 Safari/537.36"
10.10.82.109 - - [14/Sep/2018:20:01:05 -0300] "GET /openshot/10%20Como%20fazer%20acai%20caseiro%20do%20inicio%20ao%20fim.mp4 HTTP/1.1" 206 19016500 "http://10.10.84.19/openshot/10%20Como%20fazer%20acai%20caseiro%20do%20inicio%20ao%20fim.mp4" "Mozilla/5.0 (Windows NT 10.0; Win64; x64) AppleWebKit/537.36 (KHTML, like Gecko) Chrome/69.0.3497.92 Safari/537.36"
10.10.82.109 - - [14/Sep/2018:20:01:11 -0300] "GET /openshot/10%20Como%20fazer%20acai%20caseiro%20do%20inicio%20ao%20fim.mp4 HTTP/1.1" 206 9741120 "http://10.10.84.19/openshot/10%20Como%20fazer%20acai%20caseiro%20do%20inicio%20ao%20fim.mp4" "Mozilla/5.0 (Windows NT 10.0; Win64; x64) AppleWebKit/537.36 (KHTML, like Gecko) Chrome/69.0.3497.92 Safari/537.36"
10.10.82.109 - - [14/Sep/2018:20:01:12 -0300] "GET /openshot/10%20Como%20fazer%20acai%20caseiro%20do%20inicio%20ao%20fim.mp4 HTTP/1.1" 206 7504400 "http://10.10.84.19/openshot/10%20Como%20fazer%20acai%20caseiro%20do%20inicio%20ao%20fim.mp4" "Mozilla/5.0 (Windows NT 10.0; Win64; x64) AppleWebKit/537.36 (KHTML, like Gecko) Chrome/69.0.3497.92 Safari/537.36"
10.10.82.109 - - [14/Sep/2018:20:01:13 -0300] "GET /openshot/10%20Como%20fazer%20acai%20caseiro%20do%20inicio%20ao%20fim.mp4 HTTP/1.1" 206 8797960 "http://10.10.84.19/openshot/10%20Como%20fazer%20acai%20caseiro%20do%20inicio%20ao%20fim.mp4" "Mozilla/5.0 (Windows NT 10.0; Win64; x64) AppleWebKit/537.36 (KHTML, like Gecko) Chrome/69.0.3497.92 Safari/537.36"
10.10.82.109 - - [14/Sep/2018:20:01:23 -0300] "GET /openshot/10%20Como%20fazer%20acai%20caseiro%20do%20inicio%20ao%20fim.mp4 HTTP/1.1" 206 348 "http://10.10.84.19/openshot/" "Mozilla/5.0 (Windows NT 10.0; Win64; x64) AppleWebKit/537.36 (KHTML, like Gecko) Chrome/69.0.3497.92 Safari/537.36"
10.10.82.109 - - [14/Sep/2018:20:01:23 -0300] "GET /openshot/10%20Como%20fazer%20acai%20caseiro%20do%20inicio%20ao%20fim.mp4 HTTP/1.1" 206 430700 "http://10.10.84.19/openshot/" "Mozilla/5.0 (Windows NT 10.0; Win64; x64) AppleWebKit/537.36 (KHTML, like Gecko) Chrome/69.0.3497.92 Safari/537.36"
10.10.82.109 - - [14/Sep/2018:20:01:26 -0300] "GET /favicon.ico HTTP/1.1" 404 503 "http://10.10.84.19/openshot/" "Mozilla/5.0 (Windows NT 10.0; Win64; x64) AppleWebKit/537.36 (KHTML, like Gecko) Chrome/69.0.3497.92 Safari/537.36"
10.10.82.109 - - [14/Sep/2018:20:01:40 -0300] "GET /openshot/09%20Como%20extrair%20a%20polpa%20do%20Acai.mp4 HTTP/1.1" 200 162060 "http://10.10.84.19/openshot/" "Mozilla/5.0 (Windows NT 10.0; Win64; x64) AppleWebKit/537.36 (KHTML, like Gecko) Chrome/69.0.3497.92 Safari/537.36"
10.10.82.109 - - [14/Sep/2018:20:01:43 -0300] "GET /openshot/09%20Como%20extrair%20a%20polpa%20do%20Acai.mp4 HTTP/1.1" 206 344 "http://10.10.84.19/openshot/09%20Como%20extrair%20a%20polpa%20do%20Acai.mp4" "Mozilla/5.0 (Windows NT 10.0; Win64; x64) AppleWebKit/537.36 (KHTML, like Gecko) Chrome/69.0.3497.92 Safari/537.36"
10.10.82.109 - - [14/Sep/2018:20:01:43 -0300] "GET /openshot/09%20Como%20extrair%20a%20polpa%20do%20Acai.mp4 HTTP/1.1" 206 28173346 "http://10.10.84.19/openshot/09%20Como%20extrair%20a%20polpa%20do%20Acai.mp4" "Mozilla/5.0 (Windows NT 10.0; Win64; x64) AppleWebKit/537.36 (KHTML, like Gecko) Chrome/69.0.3497.92 Safari/537.36"
10.10.82.109 - - [14/Sep/2018:20:01:40 -0300] "GET /openshot/09%20Como%20extrair%20a%20polpa%20do%20Acai.mp4 HTTP/1.1" 206 7117500 "http://10.10.84.19/openshot/09%20Como%20extrair%20a%20polpa%20do%20Acai.mp4" "Mozilla/5.0 (Windows NT 10.0; Win64; x64) AppleWebKit/537.36 (KHTML, like Gecko) Chrome/69.0.3497.92 Safari/537.36"
10.10.82.109 - - [14/Sep/2018:20:02:49 -0300] "GET /openshot/ HTTP/1.1" 200 1363 "http://10.10.84.19/" "Mozilla/5.0 (Windows NT 10.0; Win64; x64) AppleWebKit/537.36 (KHTML, like Gecko) Chrome/69.0.3497.92 Safari/537.36"
10.10.82.109 - - [14/Sep/2018:20:03:40 -0300] "-" 408 0 "-" "-"
10.10.82.227 - - [14/Sep/2018:21:10:04 -0300] "GET / HTTP/1.1" 200 1223 "-" "Mozilla/5.0 (Windows NT 10.0; Win64; x64; rv:58.0) Gecko/20100101 Firefox/58.0"
10.10.82.227 - - [14/Sep/2018:21:10:04 -0300] "GET /icons/blank.gif HTTP/1.1" 200 431 "http://10.10.84.19/" "Mozilla/5.0 (Windows NT 10.0; Win64; x64; rv:58.0) Gecko/20100101 Firefox/58.0"
10.10.82.227 - - [14/Sep/2018:21:10:04 -0300] "GET /icons/binary.gif HTTP/1.1" 200 529 "http://10.10.84.19/" "Mozilla/5.0 (Windows NT 10.0; Win64; x64; rv:58.0) Gecko/20100101 Firefox/58.0"
10.10.82.227 - - [14/Sep/2018:21:10:04 -0300] "GET /icons/unknown.gif HTTP/1.1" 200 528 "http://10.10.84.19/" "Mozilla/5.0 (Windows NT 10.0; Win64; x64; rv:58.0) Gecko/20100101 Firefox/58.0"
10.10.82.227 - - [14/Sep/2018:21:10:04 -0300] "GET /icons/layout.gif HTTP/1.1" 200 561 "http://10.10.84.19/" "Mozilla/5.0 (Windows NT 10.0; Win64; x64; rv:58.0) Gecko/20100101 Firefox/58.0"
10.10.82.227 - - [14/Sep/2018:21:10:04 -0300] "GET /icons/compressed.gif HTTP/1.1" 200 1323 "http://10.10.84.19/" "Mozilla/5.0 (Windows NT 10.0; Win64; x64; rv:58.0) Gecko/20100101 Firefox/58.0"
10.10.82.227 - - [14/Sep/2018:21:10:04 -0300] "GET /icons/text.gif HTTP/1.1" 200 512 "http://10.10.84.19/" "Mozilla/5.0 (Windows NT 10.0; Win64; x64; rv:58.0) Gecko/20100101 Firefox/58.0"
10.10.82.227 - - [14/Sep/2018:21:10:04 -0300] "GET /icons/folder.gif HTTP/1.1" 200 509 "http://10.10.84.19/" "Mozilla/5.0 (Windows NT 10.0; Win64; x64; rv:58.0) Gecko/20100101 Firefox/58.0"
10.10.80.100 - - [14/Sep/2018:21:40:29 -0300] "GET /openshot/audios/ HTTP/1.1" 200 1119 "http://10.10.84.19/openshot/" "Mozilla/5.0 (Windows NT 10.0; Win64; x64) AppleWebKit/537.36 (KHTML, like Gecko) Chrome/68.0.3440.106 Safari/537.36"
10.10.80.100 - - [14/Sep/2018:21:40:31 -0300] "GET /openshot/audios/01%20Musica%20impactante%20para%20formaturas%20apresentacoes%20espetaculos%202.mp3 HTTP/1.1" 200 183960 "http://10.10.84.19/openshot/audios/" "Mozilla/5.0 (Windows NT 10.0; Win64; x64) AppleWebKit/537.36 (KHTML, like Gecko) Chrome/68.0.3440.106 Safari/537.36"
10.10.80.100 - - [14/Sep/2018:21:40:31 -0300] "GET /openshot/audios/01%20Musica%20impactante%20para%20formaturas%20apresentacoes%20espetaculos%202.mp3 HTTP/1.1" 206 1843339 "http://10.10.84.19/openshot/audios/01%20Musica%20impactante%20para%20formaturas%20apresentacoes%20espetaculos%202.mp3" "Mozilla/5.0 (Windows NT 10.0; Win64; x64) AppleWebKit/537.36 (KHTML, like Gecko) Chrome/68.0.3440.106 Safari/537.36"
10.10.80.100 - - [14/Sep/2018:21:40:34 -0300] "GET /openshot/audios/01%20Musica%20impactante%20para%20formaturas%20apresentacoes%20espetaculos%202.mp3 HTTP/1.1" 206 344 "-" "Mozilla/5.0 (Windows NT 10.0; Win64; x64) AppleWebKit/537.36 (KHTML, like Gecko) Chrome/68.0.3440.106 Safari/537.36"
10.10.80.100 - - [14/Sep/2018:21:40:34 -0300] "GET /openshot/audios/01%20Musica%20impactante%20para%20formaturas%20apresentacoes%20espetaculos%202.mp3 HTTP/1.1" 206 1715155 "-" "Mozilla/5.0 (Windows NT 10.0; Win64; x64) AppleWebKit/537.36 (KHTML, like Gecko) Chrome/68.0.3440.106 Safari/537.36"
10.10.84.131 - - [14/Sep/2018:21:41:55 -0300] "GET / HTTP/1.1" 200 1223 "-" "Mozilla/5.0 (Windows NT 10.0; Win64; x64) AppleWebKit/537.36 (KHTML, like Gecko) Chrome/69.0.3497.92 Safari/537.36"
10.10.84.131 - - [14/Sep/2018:21:41:55 -0300] "GET /favicon.ico HTTP/1.1" 404 502 "http://10.10.84.19/" "Mozilla/5.0 (Windows NT 10.0; Win64; x64) AppleWebKit/537.36 (KHTML, like Gecko) Chrome/69.0.3497.92 Safari/537.36"
10.10.84.131 - - [14/Sep/2018:21:41:57 -0300] "GET /openshot/ HTTP/1.1" 200 1362 "http://10.10.84.19/" "Mozilla/5.0 (Windows NT 10.0; Win64; x64) AppleWebKit/537.36 (KHTML, like Gecko) Chrome/69.0.3497.92 Safari/537.36"
10.10.84.131 - - [14/Sep/2018:21:42:01 -0300] "GET /openshot/audios/ HTTP/1.1" 200 1118 "http://10.10.84.19/openshot/" "Mozilla/5.0 (Windows NT 10.0; Win64; x64) AppleWebKit/537.36 (KHTML, like Gecko) Chrome/69.0.3497.92 Safari/537.36"
10.10.84.131 - - [14/Sep/2018:21:42:05 -0300] "GET /openshot/audios/06%20Tema%20de%20conquista%20e%20gloria%20Vangelis%20-%20The%20Conquest%20of%20Paradise.mp3 HTTP/1.1" 200 289080 "http://10.10.84.19/openshot/audios/" "Mozilla/5.0 (Windows NT 10.0; Win64; x64) AppleWebKit/537.36 (KHTML, like Gecko) Chrome/69.0.3497.92 Safari/537.36"
10.10.84.131 - - [14/Sep/2018:21:42:08 -0300] "GET /openshot/audios/06%20Tema%20de%20conquista%20e%20gloria%20Vangelis%20-%20The%20Conquest%20of%20Paradise.mp3 HTTP/1.1" 200 4511956 "-" "Mozilla/5.0 (Windows NT 10.0; Win64; x64) AppleWebKit/537.36 (KHTML, like Gecko) Chrome/69.0.3497.92 Safari/537.36"
10.10.84.131 - - [14/Sep/2018:21:42:05 -0300] "GET /openshot/audios/06%20Tema%20de%20conquista%20e%20gloria%20Vangelis%20-%20The%20Conquest%20of%20Paradise.mp3 HTTP/1.1" 206 4512009 "http://10.10.84.19/openshot/audios/06%20Tema%20de%20conquista%20e%20gloria%20Vangelis%20-%20The%20Conquest%20of%20Paradise.mp3" "Mozilla/5.0 (Windows NT 10.0; Win64; x64) AppleWebKit/537.36 (KHTML, like Gecko) Chrome/69.0.3497.92 Safari/537.36"
10.10.80.66 - - [14/Sep/2018:21:45:03 -0300] "GET /openshot/09%20Como%20extrair%20a%20polpa%20do%20Acai.mp4 HTTP/1.1" 200 2404620 "-" "Mozilla/5.0 (Windows NT 10.0; Win64; x64; rv:58.0) Gecko/20100101 Firefox/58.0"
